Archive member included to satisfy reference by file (symbol)

c:/st/stm32cubeide_1.7.0/stm32cubeide/plugins/com.st.stm32cube.ide.mcu.externaltools.gnu-tools-for-stm32.9-2020-q2-update.win32_2.0.0.202105311346/tools/bin/../lib/gcc/arm-none-eabi/9.3.1/../../../../arm-none-eabi/lib/thumb/v7e-m+fp/hard\libc_nano.a(lib_a-errno.o)
                              ./Core/Src/syscalls.o (__errno)
c:/st/stm32cubeide_1.7.0/stm32cubeide/plugins/com.st.stm32cube.ide.mcu.externaltools.gnu-tools-for-stm32.9-2020-q2-update.win32_2.0.0.202105311346/tools/bin/../lib/gcc/arm-none-eabi/9.3.1/../../../../arm-none-eabi/lib/thumb/v7e-m+fp/hard\libc_nano.a(lib_a-exit.o)
                              c:/st/stm32cubeide_1.7.0/stm32cubeide/plugins/com.st.stm32cube.ide.mcu.externaltools.gnu-tools-for-stm32.9-2020-q2-update.win32_2.0.0.202105311346/tools/bin/../lib/gcc/arm-none-eabi/9.3.1/../../../../arm-none-eabi/lib/thumb/v7e-m+fp/hard/crt0.o (exit)
c:/st/stm32cubeide_1.7.0/stm32cubeide/plugins/com.st.stm32cube.ide.mcu.externaltools.gnu-tools-for-stm32.9-2020-q2-update.win32_2.0.0.202105311346/tools/bin/../lib/gcc/arm-none-eabi/9.3.1/../../../../arm-none-eabi/lib/thumb/v7e-m+fp/hard\libc_nano.a(lib_a-impure.o)
                              c:/st/stm32cubeide_1.7.0/stm32cubeide/plugins/com.st.stm32cube.ide.mcu.externaltools.gnu-tools-for-stm32.9-2020-q2-update.win32_2.0.0.202105311346/tools/bin/../lib/gcc/arm-none-eabi/9.3.1/../../../../arm-none-eabi/lib/thumb/v7e-m+fp/hard\libc_nano.a(lib_a-exit.o) (_global_impure_ptr)
c:/st/stm32cubeide_1.7.0/stm32cubeide/plugins/com.st.stm32cube.ide.mcu.externaltools.gnu-tools-for-stm32.9-2020-q2-update.win32_2.0.0.202105311346/tools/bin/../lib/gcc/arm-none-eabi/9.3.1/../../../../arm-none-eabi/lib/thumb/v7e-m+fp/hard\libc_nano.a(lib_a-init.o)
                              c:/st/stm32cubeide_1.7.0/stm32cubeide/plugins/com.st.stm32cube.ide.mcu.externaltools.gnu-tools-for-stm32.9-2020-q2-update.win32_2.0.0.202105311346/tools/bin/../lib/gcc/arm-none-eabi/9.3.1/../../../../arm-none-eabi/lib/thumb/v7e-m+fp/hard/crt0.o (__libc_init_array)
c:/st/stm32cubeide_1.7.0/stm32cubeide/plugins/com.st.stm32cube.ide.mcu.externaltools.gnu-tools-for-stm32.9-2020-q2-update.win32_2.0.0.202105311346/tools/bin/../lib/gcc/arm-none-eabi/9.3.1/../../../../arm-none-eabi/lib/thumb/v7e-m+fp/hard\libc_nano.a(lib_a-memset.o)
                              c:/st/stm32cubeide_1.7.0/stm32cubeide/plugins/com.st.stm32cube.ide.mcu.externaltools.gnu-tools-for-stm32.9-2020-q2-update.win32_2.0.0.202105311346/tools/bin/../lib/gcc/arm-none-eabi/9.3.1/../../../../arm-none-eabi/lib/thumb/v7e-m+fp/hard/crt0.o (memset)
c:/st/stm32cubeide_1.7.0/stm32cubeide/plugins/com.st.stm32cube.ide.mcu.externaltools.gnu-tools-for-stm32.9-2020-q2-update.win32_2.0.0.202105311346/tools/bin/../lib/gcc/arm-none-eabi/9.3.1/../../../../arm-none-eabi/lib/thumb/v7e-m+fp/hard\libc_nano.a(lib_a-sprintf.o)
                              ./Core/Src/uart.o (sprintf)
c:/st/stm32cubeide_1.7.0/stm32cubeide/plugins/com.st.stm32cube.ide.mcu.externaltools.gnu-tools-for-stm32.9-2020-q2-update.win32_2.0.0.202105311346/tools/bin/../lib/gcc/arm-none-eabi/9.3.1/../../../../arm-none-eabi/lib/thumb/v7e-m+fp/hard\libc_nano.a(lib_a-strlen.o)
                              ./Core/Src/lcd.o (strlen)
c:/st/stm32cubeide_1.7.0/stm32cubeide/plugins/com.st.stm32cube.ide.mcu.externaltools.gnu-tools-for-stm32.9-2020-q2-update.win32_2.0.0.202105311346/tools/bin/../lib/gcc/arm-none-eabi/9.3.1/../../../../arm-none-eabi/lib/thumb/v7e-m+fp/hard\libc_nano.a(lib_a-nano-svfprintf.o)
                              c:/st/stm32cubeide_1.7.0/stm32cubeide/plugins/com.st.stm32cube.ide.mcu.externaltools.gnu-tools-for-stm32.9-2020-q2-update.win32_2.0.0.202105311346/tools/bin/../lib/gcc/arm-none-eabi/9.3.1/../../../../arm-none-eabi/lib/thumb/v7e-m+fp/hard\libc_nano.a(lib_a-sprintf.o) (_svfprintf_r)
c:/st/stm32cubeide_1.7.0/stm32cubeide/plugins/com.st.stm32cube.ide.mcu.externaltools.gnu-tools-for-stm32.9-2020-q2-update.win32_2.0.0.202105311346/tools/bin/../lib/gcc/arm-none-eabi/9.3.1/../../../../arm-none-eabi/lib/thumb/v7e-m+fp/hard\libc_nano.a(lib_a-nano-vfprintf_i.o)
                              c:/st/stm32cubeide_1.7.0/stm32cubeide/plugins/com.st.stm32cube.ide.mcu.externaltools.gnu-tools-for-stm32.9-2020-q2-update.win32_2.0.0.202105311346/tools/bin/../lib/gcc/arm-none-eabi/9.3.1/../../../../arm-none-eabi/lib/thumb/v7e-m+fp/hard\libc_nano.a(lib_a-nano-svfprintf.o) (_printf_i)
c:/st/stm32cubeide_1.7.0/stm32cubeide/plugins/com.st.stm32cube.ide.mcu.externaltools.gnu-tools-for-stm32.9-2020-q2-update.win32_2.0.0.202105311346/tools/bin/../lib/gcc/arm-none-eabi/9.3.1/../../../../arm-none-eabi/lib/thumb/v7e-m+fp/hard\libc_nano.a(lib_a-memchr.o)
[...]
Memory Configuration

Name             Origin             Length             Attributes
CCMRAM           0x0000000010000000 0x0000000000010000 xrw
RAM              0x0000000020000000 0x0000000000020000 xrw
FLASH            0x0000000008000000 0x0000000000100000 xr
*default*        0x0000000000000000 0xffffffffffffffff

Linker script and memory map

LOAD c:/st/stm32cubeide_1.7.0/stm32cubeide/plugins/com.st.stm32cube.ide.mcu.externaltools.gnu-tools-for-stm32.9-2020-q2-update.win32_2.0.0.202105311346/tools/bin/../lib/gcc/arm-none-eabi/9.3.1/thumb/v7e-m+fp/hard/crti.o
LOAD c:/st/stm32cubeide_1.7.0/stm32cubeide/plugins/com.st.stm32cube.ide.mcu.externaltools.gnu-tools-for-stm32.9-2020-q2-update.win32_2.0.0.202105311346/tools/bin/../lib/gcc/arm-none-eabi/9.3.1/thumb/v7e-m+fp/hard/crtbegin.o
LOAD c:/st/stm32cubeide_1.7.0/stm32cubeide/plugins/com.st.stm32cube.ide.mcu.externaltools.gnu-tools-for-stm32.9-2020-q2-update.win32_2.0.0.202105311346/tools/bin/../lib/gcc/arm-none-eabi/9.3.1/../../../../arm-none-eabi/lib/thumb/v7e-m+fp/hard/crt0.o
LOAD ./Core/Src/at24c.o
LOAD ./Core/Src/button.o
LOAD ./Core/Src/buzzer.o
LOAD ./Core/Src/ds3231.o
LOAD ./Core/Src/lcd.o
LOAD ./Core/Src/led_7seg.o
LOAD ./Core/Src/light_control.o
LOAD ./Core/Src/main.o
LOAD ./Core/Src/picture.o
LOAD ./Core/Src/sensor.o
LOAD ./Core/Src/software_timer.o
LOAD ./Core/Src/stm32f4xx_hal_msp.o
LOAD ./Core/Src/stm32f4xx_it.o
LOAD ./Core/Src/syscalls.o
LOAD ./Core/Src/sysmem.o
LOAD ./Core/Src/system_stm32f4xx.o
LOAD ./Core/Src/tim.o
LOAD ./Core/Src/touch.o
LOAD ./Core/Src/uart.o
LOAD ./Core/Src/usart.o
LOAD ./Core/Src/utils.o
LOAD ./Core/Startup/startup_stm32f407zgtx.o
LOAD ./Drivers/STM32F4xx_HAL_Driver/Src/stm32f4xx_hal.o
LOAD ./Drivers/STM32F4xx_HAL_Driver/Src/stm32f4xx_hal_adc.o
LOAD ./Drivers/STM32F4xx_HAL_Driver/Src/stm32f4xx_hal_adc_ex.o
LOAD ./Drivers/STM32F4xx_HAL_Driver/Src/stm32f4xx_hal_cortex.o
LOAD ./Drivers/STM32F4xx_HAL_Driver/Src/stm32f4xx_hal_dma.o
LOAD ./Drivers/STM32F4xx_HAL_Driver/Src/stm32f4xx_hal_dma_ex.o
LOAD ./Drivers/STM32F4xx_HAL_Driver/Src/stm32f4xx_hal_exti.o
LOAD ./Drivers/STM32F4xx_HAL_Driver/Src/stm32f4xx_hal_flash.o
LOAD ./Drivers/STM32F4xx_HAL_Driver/Src/stm32f4xx_hal_flash_ex.o
LOAD ./Drivers/STM32F4xx_HAL_Driver/Src/stm32f4xx_hal_flash_ramfunc.o
LOAD ./Drivers/STM32F4xx_HAL_Driver/Src/stm32f4xx_hal_gpio.o
LOAD ./Drivers/STM32F4xx_HAL_Driver/Src/stm32f4xx_hal_i2c.o
LOAD ./Drivers/STM32F4xx_HAL_Driver/Src/stm32f4xx_hal_i2c_ex.o
LOAD ./Drivers/STM32F4xx_HAL_Driver/Src/stm32f4xx_hal_pwr.o
LOAD ./Drivers/STM32F4xx_HAL_Driver/Src/stm32f4xx_hal_pwr_ex.o
LOAD ./Drivers/STM32F4xx_HAL_Driver/Src/stm32f4xx_hal_rcc.o
LOAD ./Drivers/STM32F4xx_HAL_Driver/Src/stm32f4xx_hal_rcc_ex.o
LOAD ./Drivers/STM32F4xx_HAL_Driver/Src/stm32f4xx_hal_spi.o
LOAD ./Drivers/STM32F4xx_HAL_Driver/Src/stm32f4xx_hal_sram.o
LOAD ./Drivers/STM32F4xx_HAL_Driver/Src/stm32f4xx_hal_tim.o
LOAD ./Drivers/STM32F4xx_HAL_Driver/Src/stm32f4xx_hal_tim_ex.o
LOAD ./Drivers/STM32F4xx_HAL_Driver/Src/stm32f4xx_hal_uart.o
LOAD ./Drivers/STM32F4xx_HAL_Driver/Src/stm32f4xx_ll_adc.o
LOAD ./Drivers/STM32F4xx_HAL_Driver/Src/stm32f4xx_ll_fsmc.o
START GROUP
LOAD c:/st/stm32cubeide_1.7.0/stm32cubeide/plugins/com.st.stm32cube.ide.mcu.externaltools.gnu-tools-for-stm32.9-2020-q2-update.win32_2.0.0.202105311346/tools/bin/../lib/gcc/arm-none-eabi/9.3.1/../../../../arm-none-eabi/lib/thumb/v7e-m+fp/hard\libc_nano.a
LOAD c:/st/stm32cubeide_1.7.0/stm32cubeide/plugins/com.st.stm32cube.ide.mcu.externaltools.gnu-tools-for-stm32.9-2020-q2-update.win32_2.0.0.202105311346/tools/bin/../lib/gcc/arm-none-eabi/9.3.1/../../../../arm-none-eabi/lib/thumb/v7e-m+fp/hard\libm.a
END GROUP
START GROUP
LOAD c:/st/stm32cubeide_1.7.0/stm32cubeide/plugins/com.st.stm32cube.ide.mcu.externaltools.gnu-tools-for-stm32.9-2020-q2-update.win32_2.0.0.202105311346/tools/bin/../lib/gcc/arm-none-eabi/9.3.1/thumb/v7e-m+fp/hard\libgcc.a
LOAD c:/st/stm32cubeide_1.7.0/stm32cubeide/plugins/com.st.stm32cube.ide.mcu.externaltools.gnu-tools-for-stm32.9-2020-q2-update.win32_2.0.0.202105311346/tools/bin/../lib/gcc/arm-none-eabi/9.3.1/../../../../arm-none-eabi/lib/thumb/v7e-m+fp/hard\libc_nano.a
END GROUP
START GROUP
LOAD c:/st/stm32cubeide_1.7.0/stm32cubeide/plugins/com.st.stm32cube.ide.mcu.externaltools.gnu-tools-for-stm32.9-2020-q2-update.win32_2.0.0.202105311346/tools/bin/../lib/gcc/arm-none-eabi/9.3.1/thumb/v7e-m+fp/hard\libgcc.a
LOAD c:/st/stm32cubeide_1.7.0/stm32cubeide/plugins/com.st.stm32cube.ide.mcu.externaltools.gnu-tools-for-stm32.9-2020-q2-update.win32_2.0.0.202105311346/tools/bin/../lib/gcc/arm-none-eabi/9.3.1/../../../../arm-none-eabi/lib/thumb/v7e-m+fp/hard\libc_nano.a
LOAD c:/st/stm32cubeide_1.7.0/stm32cubeide/plugins/com.st.stm32cube.ide.mcu.externaltools.gnu-tools-for-stm32.9-2020-q2-update.win32_2.0.0.202105311346/tools/bin/../lib/gcc/arm-none-eabi/9.3.1/../../../../arm-none-eabi/lib/thumb/v7e-m+fp/hard\libnosys.a
END GROUP
START GROUP
LOAD c:/st/stm32cubeide_1.7.0/stm32cubeide/plugins/com.st.stm32cube.ide.mcu.externaltools.gnu-tools-for-stm32.9-2020-q2-update.win32_2.0.0.202105311346/tools/bin/../lib/gcc/arm-none-eabi/9.3.1/thumb/v7e-m+fp/hard\libgcc.a
LOAD c:/st/stm32cubeide_1.7.0/stm32cubeide/plugins/com.st.stm32cube.ide.mcu.externaltools.gnu-tools-for-stm32.9-2020-q2-update.win32_2.0.0.202105311346/tools/bin/../lib/gcc/arm-none-eabi/9.3.1/../../../../arm-none-eabi/lib/thumb/v7e-m+fp/hard\libc_nano.a
LOAD c:/st/stm32cubeide_1.7.0/stm32cubeide/plugins/com.st.stm32cube.ide.mcu.externaltools.gnu-tools-for-stm32.9-2020-q2-update.win32_2.0.0.202105311346/tools/bin/../lib/gcc/arm-none-eabi/9.3.1/../../../../arm-none-eabi/lib/thumb/v7e-m+fp/hard\libnosys.a
END GROUP
LOAD c:/st/stm32cubeide_1.7.0/stm32cubeide/plugins/com.st.stm32cube.ide.mcu.externaltools.gnu-tools-for-stm32.9-2020-q2-update.win32_2.0.0.202105311346/tools/bin/../lib/gcc/arm-none-eabi/9.3.1/thumb/v7e-m+fp/hard/crtend.o
LOAD c:/st/stm32cubeide_1.7.0/stm32cubeide/plugins/com.st.stm32cube.ide.mcu.externaltools.gnu-tools-for-stm32.9-2020-q2-update.win32_2.0.0.202105311346/tools/bin/../lib/gcc/arm-none-eabi/9.3.1/thumb/v7e-m+fp/hard/crtn.o
                0x0000000020020000                _estack = (ORIGIN (RAM) + LENGTH (RAM))
                0x0000000000000200                _Min_Heap_Size = 0x200
                0x0000000000000400                _Min_Stack_Size = 0x400

.isr_vector     0x0000000008000000      0x188
                0x0000000008000000                . = ALIGN (0x4)
 *(.isr_vector)
 .isr_vector    0x0000000008000000      0x188 ./Core/Startup/startup_stm32f407zgtx.o
                0x0000000008000000                g_pfnVectors
                0x0000000008000188                . = ALIGN (0x4)

.text           0x0000000008000188     0x7318
                0x0000000008000188                . = ALIGN (0x4)
 *(.text)
 .text          0x0000000008000188       0x40 c:/st/stm32cubeide_1.7.0/stm32cubeide/plugins/com.st.stm32cube.ide.mcu.externaltools.gnu-tools-for-stm32.9-2020-q2-update.win32_2.0.0.202105311346/tools/bin/../lib/gcc/arm-none-eabi/9.3.1/thumb/v7e-m+fp/hard/crtbegin.o
 .text          0x00000000080001c8       0x30 c:/st/stm32cubeide_1.7.0/stm32cubeide/plugins/com.st.stm32cube.ide.mcu.externaltools.gnu-tools-for-stm32.9-2020-q2-update.win32_2.0.0.202105311346/tools/bin/../lib/gcc/arm-none-eabi/9.3.1/thumb/v7e-m+fp/hard\libgcc.a(_aeabi_uldivmod.o)
                0x00000000080001c8                __aeabi_uldivmod
 .text          0x00000000080001f8      0x2c4 c:/st/stm32cubeide_1.7.0/stm32cubeide/plugins/com.st.stm32cube.ide.mcu.externaltools.gnu-tools-for-stm32.9-2020-q2-update.win32_2.0.0.202105311346/tools/bin/../lib/gcc/arm-none-eabi/9.3.1/thumb/v7e-m+fp/hard\libgcc.a(_udivmoddi4.o)
                0x00000000080001f8                __udivmoddi4
 .text          0x00000000080004bc        0x4 c:/st/stm32cubeide_1.7.0/stm32cubeide/plugins/com.st.stm32cube.ide.mcu.externaltools.gnu-tools-for-stm32.9-2020-q2-update.win32_2.0.0.202105311346/tools/bin/../lib/gcc/arm-none-eabi/9.3.1/thumb/v7e-m+fp/hard\libgcc.a(_dvmd_tls.o)
                0x00000000080004bc                __aeabi_idiv0
                0x00000000080004bc                __aeabi_ldiv0
 *(.text*)
 .text.button_init
                0x00000000080004c0       0x18 ./Core/Src/button.o
                0x00000000080004c0                button_init
 .text.button_Scan
                0x00000000080004d8       0xd8 ./Core/Src/button.o
                0x00000000080004d8                button_Scan
 .text.buzzer_init
                0x00000000080005b0       0x14 ./Core/Src/buzzer.o
                0x00000000080005b0                buzzer_init
 .text.ds3231_init
                0x00000000080005c4       0x88 ./Core/Src/ds3231.o
                0x00000000080005c4                ds3231_init
 .text.LCD_WR_REG
                0x000000000800064c       0x20 ./Core/Src/lcd.o
                0x000000000800064c                LCD_WR_REG
 .text.LCD_WR_DATA
                0x000000000800066c       0x20 ./Core/Src/lcd.o
                0x000000000800066c                LCD_WR_DATA
 .text.LCD_RD_DATA
                0x000000000800068c       0x24 ./Core/Src/lcd.o
                0x000000000800068c                LCD_RD_DATA
 .text.lcd_AddressSet
                0x00000000080006b0       0x98 ./Core/Src/lcd.o
                0x00000000080006b0                lcd_AddressSet
 .text.lcd_Clear
                0x0000000008000748       0x64 ./Core/Src/lcd.o
                0x0000000008000748                lcd_Clear
 .text.lcd_DrawPoint
                0x00000000080007ac       0x2e ./Core/Src/lcd.o
                0x00000000080007ac                lcd_DrawPoint
 *fill*         0x00000000080007da        0x2 
 .text.lcd_ShowChar
                0x00000000080007dc      0x1a0 ./Core/Src/lcd.o
                0x00000000080007dc                lcd_ShowChar
 .text.lcd_SetDir
                0x000000000800097c       0x48 ./Core/Src/lcd.o
                0x000000000800097c                lcd_SetDir
 .text.lcd_init
                0x00000000080009c4      0x2c0 ./Core/Src/lcd.o
                0x00000000080009c4                lcd_init
 .text.lcd_ShowStr
                0x0000000008000c84       0xc8 ./Core/Src/lcd.o
                0x0000000008000c84                lcd_ShowStr
 .text.led7_init
                0x0000000008000d4c       0x18 ./Core/Src/led_7seg.o
                0x0000000008000d4c                led7_init
 .text.led7_Scan
                0x0000000008000d64      0x118 ./Core/Src/led_7seg.o
                0x0000000008000d64                led7_Scan
 .text.lightProcess
                0x0000000008000e7c       0x6c ./Core/Src/light_control.o
                0x0000000008000e7c                lightProcess
 .text.test_Esp
                0x0000000008000ee8       0x44 ./Core/Src/light_control.o
                0x0000000008000ee8                test_Esp
 .text.main     0x0000000008000f2c       0x68 ./Core/Src/main.o
                0x0000000008000f2c                main
 .text.SystemClock_Config
                0x0000000008000f94       0xd4 ./Core/Src/main.o
                0x0000000008000f94                SystemClock_Config
 .text.MX_ADC1_Init
                0x0000000008001068      0x114 ./Core/Src/main.o
 .text.MX_I2C1_Init
                0x000000000800117c       0x5c ./Core/Src/main.o
 .text.MX_SPI1_Init
                0x00000000080011d8       0x6c ./Core/Src/main.o
 .text.MX_TIM1_Init
                0x0000000008001244       0xa0 ./Core/Src/main.o
 .text.MX_TIM2_Init
                0x00000000080012e4       0x98 ./Core/Src/main.o
 .text.MX_TIM13_Init
                0x000000000800137c       0x9c ./Core/Src/main.o
 .text.MX_USART1_UART_Init
                0x0000000008001418       0x54 ./Core/Src/main.o
 .text.MX_USART2_UART_Init
                0x000000000800146c       0x54 ./Core/Src/main.o
 .text.MX_DMA_Init
                0x00000000080014c0       0x40 ./Core/Src/main.o
 .text.MX_GPIO_Init
                0x0000000008001500      0x244 ./Core/Src/main.o
 .text.MX_FSMC_Init
                0x0000000008001744       0xf4 ./Core/Src/main.o
 .text.system_init
                0x0000000008001838       0x54 ./Core/Src/main.o
                0x0000000008001838                system_init
 .text.Error_Handler
                0x000000000800188c        0xa ./Core/Src/main.o
                0x000000000800188c                Error_Handler
 *fill*         0x0000000008001896        0x2 
 .text.sensor_init
                0x0000000008001898       0x1c ./Core/Src/sensor.o
                0x0000000008001898                sensor_init
 .text.timer_init
                0x00000000080018b4       0x14 ./Core/Src/software_timer.o
                0x00000000080018b4                timer_init
 .text.setTimer2
                0x00000000080018c8       0x38 ./Core/Src/software_timer.o
                0x00000000080018c8                setTimer2
 .text.HAL_TIM_PeriodElapsedCallback
                0x0000000008001900       0x54 ./Core/Src/software_timer.o
                0x0000000008001900                HAL_TIM_PeriodElapsedCallback
 .text.HAL_MspInit
                0x0000000008001954       0x50 ./Core/Src/stm32f4xx_hal_msp.o
                0x0000000008001954                HAL_MspInit
 .text.HAL_ADC_MspInit
                0x00000000080019a4      0x128 ./Core/Src/stm32f4xx_hal_msp.o
                0x00000000080019a4                HAL_ADC_MspInit
 .text.HAL_I2C_MspInit
                0x0000000008001acc       0x90 ./Core/Src/stm32f4xx_hal_msp.o
                0x0000000008001acc                HAL_I2C_MspInit
 .text.HAL_SPI_MspInit
                0x0000000008001b5c       0x90 ./Core/Src/stm32f4xx_hal_msp.o
                0x0000000008001b5c                HAL_SPI_MspInit
 .text.HAL_TIM_Base_MspInit
                0x0000000008001bec       0xa4 ./Core/Src/stm32f4xx_hal_msp.o
                0x0000000008001bec                HAL_TIM_Base_MspInit
 .text.HAL_TIM_MspPostInit
                0x0000000008001c90       0x74 ./Core/Src/stm32f4xx_hal_msp.o
                0x0000000008001c90                HAL_TIM_MspPostInit
 .text.HAL_UART_MspInit
                0x0000000008001d04      0x118 ./Core/Src/stm32f4xx_hal_msp.o
                0x0000000008001d04                HAL_UART_MspInit
 .text.HAL_FSMC_MspInit
                0x0000000008001e1c       0x98 ./Core/Src/stm32f4xx_hal_msp.o
 .text.HAL_SRAM_MspInit
                0x0000000008001eb4       0x14 ./Core/Src/stm32f4xx_hal_msp.o
                0x0000000008001eb4                HAL_SRAM_MspInit
 .text.NMI_Handler
                0x0000000008001ec8        0x6 ./Core/Src/stm32f4xx_it.o
                0x0000000008001ec8                NMI_Handler
 .text.HardFault_Handler
                0x0000000008001ece        0x6 ./Core/Src/stm32f4xx_it.o
                0x0000000008001ece                HardFault_Handler
 .text.MemManage_Handler
                0x0000000008001ed4        0x6 ./Core/Src/stm32f4xx_it.o
                0x0000000008001ed4                MemManage_Handler
 .text.BusFault_Handler
                0x0000000008001eda        0x6 ./Core/Src/stm32f4xx_it.o
                0x0000000008001eda                BusFault_Handler
 .text.UsageFault_Handler
                0x0000000008001ee0        0x6 ./Core/Src/stm32f4xx_it.o
                0x0000000008001ee0                UsageFault_Handler
 .text.SVC_Handler
                0x0000000008001ee6        0xe ./Core/Src/stm32f4xx_it.o
                0x0000000008001ee6                SVC_Handler
 .text.DebugMon_Handler
                0x0000000008001ef4        0xe ./Core/Src/stm32f4xx_it.o
                0x0000000008001ef4                DebugMon_Handler
 .text.PendSV_Handler
                0x0000000008001f02        0xe ./Core/Src/stm32f4xx_it.o
                0x0000000008001f02                PendSV_Handler
 .text.SysTick_Handler
                0x0000000008001f10        0xc ./Core/Src/stm32f4xx_it.o
                0x0000000008001f10                SysTick_Handler
 .text.TIM2_IRQHandler
                0x0000000008001f1c       0x14 ./Core/Src/stm32f4xx_it.o
                0x0000000008001f1c                TIM2_IRQHandler
 .text.USART1_IRQHandler
                0x0000000008001f30       0x14 ./Core/Src/stm32f4xx_it.o
                0x0000000008001f30                USART1_IRQHandler
 .text.USART2_IRQHandler
                0x0000000008001f44       0x14 ./Core/Src/stm32f4xx_it.o
                0x0000000008001f44                USART2_IRQHandler
 .text.DMA2_Stream0_IRQHandler
                0x0000000008001f58       0x14 ./Core/Src/stm32f4xx_it.o
                0x0000000008001f58                DMA2_Stream0_IRQHandler
 .text.SystemInit
                0x0000000008001f6c       0x24 ./Core/Src/system_stm32f4xx.o
                0x0000000008001f6c                SystemInit
 .text.uart_init_rs232
                0x0000000008001f90       0x1c ./Core/Src/uart.o
                0x0000000008001f90                uart_init_rs232
 .text.uart_init_esp
                0x0000000008001fac       0x1c ./Core/Src/uart.o
                0x0000000008001fac                uart_init_esp
 .text.uart_EspSendBytes
                0x0000000008001fc8       0x24 ./Core/Src/uart.o
                0x0000000008001fc8                uart_EspSendBytes
 .text.HAL_UART_RxCpltCallback
                0x0000000008001fec       0x94 ./Core/Src/uart.o
                0x0000000008001fec                HAL_UART_RxCpltCallback
 .text.uart_EspCheck
                0x0000000008002080       0x34 ./Core/Src/uart.o
                0x0000000008002080                uart_EspCheck
 .text.DEC2BCD  0x00000000080020b4       0x48 ./Core/Src/utils.o
                0x00000000080020b4                DEC2BCD
 .text.Reset_Handler
                0x00000000080020fc       0x50 ./Core/Startup/startup_stm32f407zgtx.o
                0x00000000080020fc                Reset_Handler
 .text.Default_Handler
                0x000000000800214c        0x2 ./Core/Startup/startup_stm32f407zgtx.o
                0x000000000800214c                RTC_Alarm_IRQHandler
                0x000000000800214c                HASH_RNG_IRQHandler
                0x000000000800214c                EXTI2_IRQHandler
                0x000000000800214c                TIM8_CC_IRQHandler
                0x000000000800214c                TIM1_CC_IRQHandler
                0x000000000800214c                DMA2_Stream5_IRQHandler
                0x000000000800214c                DMA1_Stream5_IRQHandler
                0x000000000800214c                PVD_IRQHandler
                0x000000000800214c                SDIO_IRQHandler
                0x000000000800214c                TAMP_STAMP_IRQHandler
                0x000000000800214c                CAN2_RX1_IRQHandler
                0x000000000800214c                EXTI3_IRQHandler
                0x000000000800214c                TIM8_TRG_COM_TIM14_IRQHandler
                0x000000000800214c                TIM1_UP_TIM10_IRQHandler
                0x000000000800214c                TIM8_UP_TIM13_IRQHandler
                0x000000000800214c                I2C3_ER_IRQHandler
                0x000000000800214c                EXTI0_IRQHandler
                0x000000000800214c                I2C2_EV_IRQHandler
                0x000000000800214c                DMA1_Stream2_IRQHandler
                0x000000000800214c                CAN1_RX0_IRQHandler
                0x000000000800214c                FPU_IRQHandler
                0x000000000800214c                OTG_HS_WKUP_IRQHandler
                0x000000000800214c                CAN2_SCE_IRQHandler
                0x000000000800214c                DMA2_Stream2_IRQHandler
                0x000000000800214c                SPI1_IRQHandler
                0x000000000800214c                TIM6_DAC_IRQHandler
                0x000000000800214c                TIM1_BRK_TIM9_IRQHandler
                0x000000000800214c                DCMI_IRQHandler
                0x000000000800214c                CAN2_RX0_IRQHandler
                0x000000000800214c                DMA2_Stream3_IRQHandler
                0x000000000800214c                USART6_IRQHandler
                0x000000000800214c                USART3_IRQHandler
                0x000000000800214c                CAN1_RX1_IRQHandler
                0x000000000800214c                UART5_IRQHandler
                0x000000000800214c                TIM4_IRQHandler
                0x000000000800214c                I2C1_EV_IRQHandler
                0x000000000800214c                DMA1_Stream6_IRQHandler
                0x000000000800214c                DMA1_Stream1_IRQHandler
                0x000000000800214c                UART4_IRQHandler
                0x000000000800214c                TIM3_IRQHandler
                0x000000000800214c                RCC_IRQHandler
                0x000000000800214c                TIM8_BRK_TIM12_IRQHandler
                0x000000000800214c                Default_Handler
                0x000000000800214c                EXTI15_10_IRQHandler
                0x000000000800214c                ADC_IRQHandler
                0x000000000800214c                DMA1_Stream7_IRQHandler
                0x000000000800214c                TIM7_IRQHandler
                0x000000000800214c                CAN2_TX_IRQHandler
                0x000000000800214c                TIM5_IRQHandler
                0x000000000800214c                DMA2_Stream7_IRQHandler
                0x000000000800214c                I2C3_EV_IRQHandler
                0x000000000800214c                EXTI9_5_IRQHandler
                0x000000000800214c                RTC_WKUP_IRQHandler
                0x000000000800214c                ETH_WKUP_IRQHandler
                0x000000000800214c                SPI2_IRQHandler
                0x000000000800214c                OTG_HS_EP1_IN_IRQHandler
                0x000000000800214c                DMA1_Stream0_IRQHandler
                0x000000000800214c                CAN1_TX_IRQHandler
                0x000000000800214c                EXTI4_IRQHandler
                0x000000000800214c                FSMC_IRQHandler
                0x000000000800214c                ETH_IRQHandler
                0x000000000800214c                OTG_HS_EP1_OUT_IRQHandler
                0x000000000800214c                WWDG_IRQHandler
                0x000000000800214c                OTG_FS_WKUP_IRQHandler
                0x000000000800214c                TIM1_TRG_COM_TIM11_IRQHandler
                0x000000000800214c                OTG_HS_IRQHandler
                0x000000000800214c                EXTI1_IRQHandler
                0x000000000800214c                I2C2_ER_IRQHandler
                0x000000000800214c                DMA2_Stream1_IRQHandler
                0x000000000800214c                CAN1_SCE_IRQHandler
                0x000000000800214c                FLASH_IRQHandler
                0x000000000800214c                DMA2_Stream4_IRQHandler
                0x000000000800214c                OTG_FS_IRQHandler
                0x000000000800214c                SPI3_IRQHandler
                0x000000000800214c                DMA1_Stream4_IRQHandler
                0x000000000800214c                I2C1_ER_IRQHandler
                0x000000000800214c                DMA2_Stream6_IRQHandler
                0x000000000800214c                DMA1_Stream3_IRQHandler
 *fill*         0x000000000800214e        0x2 
 .text.HAL_Init
                0x0000000008002150       0x44 ./Drivers/STM32F4xx_HAL_Driver/Src/stm32f4xx_hal.o
                0x0000000008002150                HAL_Init
 .text.HAL_InitTick
                0x0000000008002194       0x60 ./Drivers/STM32F4xx_HAL_Driver/Src/stm32f4xx_hal.o
                0x0000000008002194                HAL_InitTick
 .text.HAL_IncTick
                0x00000000080021f4       0x28 ./Drivers/STM32F4xx_HAL_Driver/Src/stm32f4xx_hal.o
                0x00000000080021f4                HAL_IncTick
 .text.HAL_GetTick
                0x000000000800221c       0x18 ./Drivers/STM32F4xx_HAL_Driver/Src/stm32f4xx_hal.o
                0x000000000800221c                HAL_GetTick
 .text.HAL_Delay
                0x0000000008002234       0x48 ./Drivers/STM32F4xx_HAL_Driver/Src/stm32f4xx_hal.o
                0x0000000008002234                HAL_Delay
 .text.HAL_ADC_Init
                0x000000000800227c       0x86 ./Drivers/STM32F4xx_HAL_Driver/Src/stm32f4xx_hal_adc.o
                0x000000000800227c                HAL_ADC_Init
 *fill*         0x0000000008002302        0x2 
 .text.HAL_ADC_Start_DMA
                0x0000000008002304      0x220 ./Drivers/STM32F4xx_HAL_Driver/Src/stm32f4xx_hal_adc.o
                0x0000000008002304                HAL_ADC_Start_DMA
 .text.HAL_ADC_ConvCpltCallback
                0x0000000008002524       0x14 ./Drivers/STM32F4xx_HAL_Driver/Src/stm32f4xx_hal_adc.o
                0x0000000008002524                HAL_ADC_ConvCpltCallback
 .text.HAL_ADC_ConvHalfCpltCallback
                0x0000000008002538       0x14 ./Drivers/STM32F4xx_HAL_Driver/Src/stm32f4xx_hal_adc.o
                0x0000000008002538                HAL_ADC_ConvHalfCpltCallback
 .text.HAL_ADC_ErrorCallback
                0x000000000800254c       0x14 ./Drivers/STM32F4xx_HAL_Driver/Src/stm32f4xx_hal_adc.o
                0x000000000800254c                HAL_ADC_ErrorCallback
 .text.HAL_ADC_ConfigChannel
                0x0000000008002560      0x244 ./Drivers/STM32F4xx_HAL_Driver/Src/stm32f4xx_hal_adc.o
                0x0000000008002560                HAL_ADC_ConfigChannel
 .text.ADC_Init
                0x00000000080027a4      0x1f8 ./Drivers/STM32F4xx_HAL_Driver/Src/stm32f4xx_hal_adc.o
 .text.ADC_DMAConvCplt
                0x000000000800299c       0xba ./Drivers/STM32F4xx_HAL_Driver/Src/stm32f4xx_hal_adc.o
 .text.ADC_DMAHalfConvCplt
                0x0000000008002a56       0x1c ./Drivers/STM32F4xx_HAL_Driver/Src/stm32f4xx_hal_adc.o
 .text.ADC_DMAError
                0x0000000008002a72       0x2e ./Drivers/STM32F4xx_HAL_Driver/Src/stm32f4xx_hal_adc.o
 .text.__NVIC_SetPriorityGrouping
                0x0000000008002aa0       0x48 ./Drivers/STM32F4xx_HAL_Driver/Src/stm32f4xx_hal_cortex.o
 .text.__NVIC_GetPriorityGrouping
                0x0000000008002ae8       0x1c ./Drivers/STM32F4xx_HAL_Driver/Src/stm32f4xx_hal_cortex.o
 .text.__NVIC_EnableIRQ
                0x0000000008002b04       0x3c ./Drivers/STM32F4xx_HAL_Driver/Src/stm32f4xx_hal_cortex.o
 .text.__NVIC_SetPriority
                0x0000000008002b40       0x54 ./Drivers/STM32F4xx_HAL_Driver/Src/stm32f4xx_hal_cortex.o
 .text.NVIC_EncodePriority
                0x0000000008002b94       0x66 ./Drivers/STM32F4xx_HAL_Driver/Src/stm32f4xx_hal_cortex.o
 *fill*         0x0000000008002bfa        0x2 
 .text.SysTick_Config
                0x0000000008002bfc       0x44 ./Drivers/STM32F4xx_HAL_Driver/Src/stm32f4xx_hal_cortex.o
 .text.HAL_NVIC_SetPriorityGrouping
                0x0000000008002c40       0x16 ./Drivers/STM32F4xx_HAL_Driver/Src/stm32f4xx_hal_cortex.o
                0x0000000008002c40                HAL_NVIC_SetPriorityGrouping
 .text.HAL_NVIC_SetPriority
                0x0000000008002c56       0x38 ./Drivers/STM32F4xx_HAL_Driver/Src/stm32f4xx_hal_cortex.o
                0x0000000008002c56                HAL_NVIC_SetPriority
 .text.HAL_NVIC_EnableIRQ
                0x0000000008002c8e       0x1c ./Drivers/STM32F4xx_HAL_Driver/Src/stm32f4xx_hal_cortex.o
                0x0000000008002c8e                HAL_NVIC_EnableIRQ
 .text.HAL_SYSTICK_Config
                0x0000000008002caa       0x18 ./Drivers/STM32F4xx_HAL_Driver/Src/stm32f4xx_hal_cortex.o
                0x0000000008002caa                HAL_SYSTICK_Config
 *fill*         0x0000000008002cc2        0x2 
 .text.HAL_DMA_Init
                0x0000000008002cc4      0x15c ./Drivers/STM32F4xx_HAL_Driver/Src/stm32f4xx_hal_dma.o
                0x0000000008002cc4                HAL_DMA_Init
 .text.HAL_DMA_Start_IT
                0x0000000008002e20       0xb0 ./Drivers/STM32F4xx_HAL_Driver/Src/stm32f4xx_hal_dma.o
                0x0000000008002e20                HAL_DMA_Start_IT
 .text.HAL_DMA_Abort
                0x0000000008002ed0       0xe0 ./Drivers/STM32F4xx_HAL_Driver/Src/stm32f4xx_hal_dma.o
                0x0000000008002ed0                HAL_DMA_Abort
 .text.HAL_DMA_Abort_IT
                0x0000000008002fb0       0x44 ./Drivers/STM32F4xx_HAL_Driver/Src/stm32f4xx_hal_dma.o
                0x0000000008002fb0                HAL_DMA_Abort_IT
 .text.HAL_DMA_IRQHandler
                0x0000000008002ff4      0x314 ./Drivers/STM32F4xx_HAL_Driver/Src/stm32f4xx_hal_dma.o
                0x0000000008002ff4                HAL_DMA_IRQHandler
 .text.DMA_SetConfig
                0x0000000008003308       0x5c ./Drivers/STM32F4xx_HAL_Driver/Src/stm32f4xx_hal_dma.o
 .text.DMA_CalcBaseAndBitshift
                0x0000000008003364       0x6c ./Drivers/STM32F4xx_HAL_Driver/Src/stm32f4xx_hal_dma.o
 .text.DMA_CheckFifoParam
                0x00000000080033d0       0xf8 ./Drivers/STM32F4xx_HAL_Driver/Src/stm32f4xx_hal_dma.o
 .text.HAL_GPIO_Init
                0x00000000080034c8      0x338 ./Drivers/STM32F4xx_HAL_Driver/Src/stm32f4xx_hal_gpio.o
                0x00000000080034c8                HAL_GPIO_Init
 .text.HAL_GPIO_WritePin
                0x0000000008003800       0x32 ./Drivers/STM32F4xx_HAL_Driver/Src/stm32f4xx_hal_gpio.o
                0x0000000008003800                HAL_GPIO_WritePin
 *fill*         0x0000000008003832        0x2 
 .text.HAL_I2C_Init
                0x0000000008003834      0x288 ./Drivers/STM32F4xx_HAL_Driver/Src/stm32f4xx_hal_i2c.o
                0x0000000008003834                HAL_I2C_Init
 .text.HAL_I2C_IsDeviceReady
                0x0000000008003abc      0x25c ./Drivers/STM32F4xx_HAL_Driver/Src/stm32f4xx_hal_i2c.o
                0x0000000008003abc                HAL_I2C_IsDeviceReady
 .text.I2C_WaitOnFlagUntilTimeout
                0x0000000008003d18       0xae ./Drivers/STM32F4xx_HAL_Driver/Src/stm32f4xx_hal_i2c.o
 *fill*         0x0000000008003dc6        0x2 
 .text.HAL_RCC_OscConfig
                0x0000000008003dc8      0x4f0 ./Drivers/STM32F4xx_HAL_Driver/Src/stm32f4xx_hal_rcc.o
                0x0000000008003dc8                HAL_RCC_OscConfig
 .text.HAL_RCC_ClockConfig
                0x00000000080042b8      0x1cc ./Drivers/STM32F4xx_HAL_Driver/Src/stm32f4xx_hal_rcc.o
                0x00000000080042b8                HAL_RCC_ClockConfig
 .text.HAL_RCC_GetSysClockFreq
                0x0000000008004484      0x1c4 ./Drivers/STM32F4xx_HAL_Driver/Src/stm32f4xx_hal_rcc.o
                0x0000000008004484                HAL_RCC_GetSysClockFreq
 .text.HAL_RCC_GetHCLKFreq
                0x0000000008004648       0x18 ./Drivers/STM32F4xx_HAL_Driver/Src/stm32f4xx_hal_rcc.o
                0x0000000008004648                HAL_RCC_GetHCLKFreq
 .text.HAL_RCC_GetPCLK1Freq
                0x0000000008004660       0x28 ./Drivers/STM32F4xx_HAL_Driver/Src/stm32f4xx_hal_rcc.o
                0x0000000008004660                HAL_RCC_GetPCLK1Freq
 .text.HAL_RCC_GetPCLK2Freq
                0x0000000008004688       0x28 ./Drivers/STM32F4xx_HAL_Driver/Src/stm32f4xx_hal_rcc.o
                0x0000000008004688                HAL_RCC_GetPCLK2Freq
 .text.HAL_SPI_Init
                0x00000000080046b0      0x112 ./Drivers/STM32F4xx_HAL_Driver/Src/stm32f4xx_hal_spi.o
                0x00000000080046b0                HAL_SPI_Init
 .text.HAL_SPI_Transmit
                0x00000000080047c2      0x278 ./Drivers/STM32F4xx_HAL_Driver/Src/stm32f4xx_hal_spi.o
                0x00000000080047c2                HAL_SPI_Transmit
 .text.HAL_SPI_Receive
                0x0000000008004a3a      0x222 ./Drivers/STM32F4xx_HAL_Driver/Src/stm32f4xx_hal_spi.o
                0x0000000008004a3a                HAL_SPI_Receive
 .text.HAL_SPI_TransmitReceive
                0x0000000008004c5c      0x344 ./Drivers/STM32F4xx_HAL_Driver/Src/stm32f4xx_hal_spi.o
                0x0000000008004c5c                HAL_SPI_TransmitReceive
 .text.SPI_WaitFlagStateUntilTimeout
                0x0000000008004fa0      0x110 ./Drivers/STM32F4xx_HAL_Driver/Src/stm32f4xx_hal_spi.o
 .text.SPI_EndRxTransaction
                0x00000000080050b0       0xca ./Drivers/STM32F4xx_HAL_Driver/Src/stm32f4xx_hal_spi.o
 *fill*         0x000000000800517a        0x2 
 .text.SPI_EndRxTxTransaction
                0x000000000800517c       0x84 ./Drivers/STM32F4xx_HAL_Driver/Src/stm32f4xx_hal_spi.o
 .text.HAL_SRAM_Init
                0x0000000008005200       0x88 ./Drivers/STM32F4xx_HAL_Driver/Src/stm32f4xx_hal_sram.o
                0x0000000008005200                HAL_SRAM_Init
 .text.HAL_TIM_Base_Init
                0x0000000008005288       0x9e ./Drivers/STM32F4xx_HAL_Driver/Src/stm32f4xx_hal_tim.o
                0x0000000008005288                HAL_TIM_Base_Init
 *fill*         0x0000000008005326        0x2 
 .text.HAL_TIM_Base_Start_IT
                0x0000000008005328       0xe0 ./Drivers/STM32F4xx_HAL_Driver/Src/stm32f4xx_hal_tim.o
                0x0000000008005328                HAL_TIM_Base_Start_IT
 .text.HAL_TIM_PWM_Init
                0x0000000008005408       0x9e ./Drivers/STM32F4xx_HAL_Driver/Src/stm32f4xx_hal_tim.o
                0x0000000008005408                HAL_TIM_PWM_Init
 .text.HAL_TIM_PWM_MspInit
                0x00000000080054a6       0x14 ./Drivers/STM32F4xx_HAL_Driver/Src/stm32f4xx_hal_tim.o
                0x00000000080054a6                HAL_TIM_PWM_MspInit
 *fill*         0x00000000080054ba        0x2 
 .text.HAL_TIM_PWM_Start
                0x00000000080054bc      0x190 ./Drivers/STM32F4xx_HAL_Driver/Src/stm32f4xx_hal_tim.o
                0x00000000080054bc                HAL_TIM_PWM_Start
 .text.HAL_TIM_IRQHandler
                0x000000000800564c      0x210 ./Drivers/STM32F4xx_HAL_Driver/Src/stm32f4xx_hal_tim.o
                0x000000000800564c                HAL_TIM_IRQHandler
 .text.HAL_TIM_PWM_ConfigChannel
                0x000000000800585c      0x184 ./Drivers/STM32F4xx_HAL_Driver/Src/stm32f4xx_hal_tim.o
                0x000000000800585c                HAL_TIM_PWM_ConfigChannel
 .text.HAL_TIM_ConfigClockSource
                0x00000000080059e0      0x18e ./Drivers/STM32F4xx_HAL_Driver/Src/stm32f4xx_hal_tim.o
                0x00000000080059e0                HAL_TIM_ConfigClockSource
 .text.HAL_TIM_OC_DelayElapsedCallback
                0x0000000008005b6e       0x14 ./Drivers/STM32F4xx_HAL_Driver/Src/stm32f4xx_hal_tim.o
                0x0000000008005b6e                HAL_TIM_OC_DelayElapsedCallback
 .text.HAL_TIM_IC_CaptureCallback
                0x0000000008005b82       0x14 ./Drivers/STM32F4xx_HAL_Driver/Src/stm32f4xx_hal_tim.o
                0x0000000008005b82                HAL_TIM_IC_CaptureCallback
 .text.HAL_TIM_PWM_PulseFinishedCallback
                0x0000000008005b96       0x14 ./Drivers/STM32F4xx_HAL_Driver/Src/stm32f4xx_hal_tim.o
                0x0000000008005b96                HAL_TIM_PWM_PulseFinishedCallback
 .text.HAL_TIM_TriggerCallback
                0x0000000008005baa       0x14 ./Drivers/STM32F4xx_HAL_Driver/Src/stm32f4xx_hal_tim.o
                0x0000000008005baa                HAL_TIM_TriggerCallback
 *fill*         0x0000000008005bbe        0x2 
 .text.TIM_Base_SetConfig
                0x0000000008005bc0      0x140 ./Drivers/STM32F4xx_HAL_Driver/Src/stm32f4xx_hal_tim.o
                0x0000000008005bc0                TIM_Base_SetConfig
 .text.TIM_OC1_SetConfig
                0x0000000008005d00       0xe0 ./Drivers/STM32F4xx_HAL_Driver/Src/stm32f4xx_hal_tim.o
 .text.TIM_OC2_SetConfig
                0x0000000008005de0       0xec ./Drivers/STM32F4xx_HAL_Driver/Src/stm32f4xx_hal_tim.o
                0x0000000008005de0                TIM_OC2_SetConfig
 .text.TIM_OC3_SetConfig
                0x0000000008005ecc       0xe8 ./Drivers/STM32F4xx_HAL_Driver/Src/stm32f4xx_hal_tim.o
 .text.TIM_OC4_SetConfig
                0x0000000008005fb4       0xac ./Drivers/STM32F4xx_HAL_Driver/Src/stm32f4xx_hal_tim.o
 .text.TIM_TI1_ConfigInputStage
                0x0000000008006060       0x5e ./Drivers/STM32F4xx_HAL_Driver/Src/stm32f4xx_hal_tim.o
 .text.TIM_TI2_ConfigInputStage
                0x00000000080060be       0x60 ./Drivers/STM32F4xx_HAL_Driver/Src/stm32f4xx_hal_tim.o
 .text.TIM_ITRx_SetConfig
                0x000000000800611e       0x36 ./Drivers/STM32F4xx_HAL_Driver/Src/stm32f4xx_hal_tim.o
 .text.TIM_ETR_SetConfig
                0x0000000008006154       0x40 ./Drivers/STM32F4xx_HAL_Driver/Src/stm32f4xx_hal_tim.o
                0x0000000008006154                TIM_ETR_SetConfig
 .text.TIM_CCxChannelCmd
                0x0000000008006194       0x4a ./Drivers/STM32F4xx_HAL_Driver/Src/stm32f4xx_hal_tim.o
                0x0000000008006194                TIM_CCxChannelCmd
 *fill*         0x00000000080061de        0x2 
 .text.HAL_TIMEx_MasterConfigSynchronization
                0x00000000080061e0       0xf8 ./Drivers/STM32F4xx_HAL_Driver/Src/stm32f4xx_hal_tim_ex.o
                0x00000000080061e0                HAL_TIMEx_MasterConfigSynchronization
 .text.HAL_TIMEx_CommutCallback
                0x00000000080062d8       0x14 ./Drivers/STM32F4xx_HAL_Driver/Src/stm32f4xx_hal_tim_ex.o
                0x00000000080062d8                HAL_TIMEx_CommutCallback
 .text.HAL_TIMEx_BreakCallback
                0x00000000080062ec       0x14 ./Drivers/STM32F4xx_HAL_Driver/Src/stm32f4xx_hal_tim_ex.o
                0x00000000080062ec                HAL_TIMEx_BreakCallback
 .text.HAL_UART_Init
                0x0000000008006300       0x9a ./Drivers/STM32F4xx_HAL_Driver/Src/stm32f4xx_hal_uart.o
                0x0000000008006300                HAL_UART_Init
 .text.HAL_UART_Transmit
                0x000000000800639a      0x124 ./Drivers/STM32F4xx_HAL_Driver/Src/stm32f4xx_hal_uart.o
                0x000000000800639a                HAL_UART_Transmit
 .text.HAL_UART_Receive_IT
                0x00000000080064be       0x60 ./Drivers/STM32F4xx_HAL_Driver/Src/stm32f4xx_hal_uart.o
                0x00000000080064be                HAL_UART_Receive_IT
 *fill*         0x000000000800651e        0x2 
 .text.HAL_UART_IRQHandler
                0x0000000008006520      0x51c ./Drivers/STM32F4xx_HAL_Driver/Src/stm32f4xx_hal_uart.o
                0x0000000008006520                HAL_UART_IRQHandler
 .text.HAL_UART_TxCpltCallback
                0x0000000008006a3c       0x14 ./Drivers/STM32F4xx_HAL_Driver/Src/stm32f4xx_hal_uart.o
                0x0000000008006a3c                HAL_UART_TxCpltCallback
 .text.HAL_UART_ErrorCallback
                0x0000000008006a50       0x14 ./Drivers/STM32F4xx_HAL_Driver/Src/stm32f4xx_hal_uart.o
                0x0000000008006a50                HAL_UART_ErrorCallback
 .text.HAL_UARTEx_RxEventCallback
                0x0000000008006a64       0x18 ./Drivers/STM32F4xx_HAL_Driver/Src/stm32f4xx_hal_uart.o
                0x0000000008006a64                HAL_UARTEx_RxEventCallback
 .text.UART_WaitOnFlagUntilTimeout
                0x0000000008006a7c       0xdc ./Drivers/STM32F4xx_HAL_Driver/Src/stm32f4xx_hal_uart.o
 .text.UART_Start_Receive_IT
                0x0000000008006b58       0x74 ./Drivers/STM32F4xx_HAL_Driver/Src/stm32f4xx_hal_uart.o
                0x0000000008006b58                UART_Start_Receive_IT
 .text.UART_EndRxTransfer
                0x0000000008006bcc       0xc6 ./Drivers/STM32F4xx_HAL_Driver/Src/stm32f4xx_hal_uart.o
 .text.UART_DMAAbortOnError
                0x0000000008006c92       0x28 ./Drivers/STM32F4xx_HAL_Driver/Src/stm32f4xx_hal_uart.o
 .text.UART_Transmit_IT
                0x0000000008006cba       0xa0 ./Drivers/STM32F4xx_HAL_Driver/Src/stm32f4xx_hal_uart.o
 .text.UART_EndTransmit_IT
                0x0000000008006d5a       0x30 ./Drivers/STM32F4xx_HAL_Driver/Src/stm32f4xx_hal_uart.o
 .text.UART_Receive_IT
                0x0000000008006d8a      0x176 ./Drivers/STM32F4xx_HAL_Driver/Src/stm32f4xx_hal_uart.o
 .text.UART_SetConfig
                0x0000000008006f00      0x390 ./Drivers/STM32F4xx_HAL_Driver/Src/stm32f4xx_hal_uart.o
 .text.FSMC_NORSRAM_Init
                0x0000000008007290       0xa4 ./Drivers/STM32F4xx_HAL_Driver/Src/stm32f4xx_ll_fsmc.o
                0x0000000008007290                FSMC_NORSRAM_Init
 .text.FSMC_NORSRAM_Timing_Init
                0x0000000008007334       0x7a ./Drivers/STM32F4xx_HAL_Driver/Src/stm32f4xx_ll_fsmc.o
                0x0000000008007334                FSMC_NORSRAM_Timing_Init
 *fill*         0x00000000080073ae        0x2 
 .text.FSMC_NORSRAM_Extended_Timing_Init
                0x00000000080073b0       0x80 ./Drivers/STM32F4xx_HAL_Driver/Src/stm32f4xx_ll_fsmc.o
                0x00000000080073b0                FSMC_NORSRAM_Extended_Timing_Init
 .text.__libc_init_array
                0x0000000008007430       0x48 c:/st/stm32cubeide_1.7.0/stm32cubeide/plugins/com.st.stm32cube.ide.mcu.externaltools.gnu-tools-for-stm32.9-2020-q2-update.win32_2.0.0.202105311346/tools/bin/../lib/gcc/arm-none-eabi/9.3.1/../../../../arm-none-eabi/lib/thumb/v7e-m+fp/hard\libc_nano.a(lib_a-init.o)
                0x0000000008007430                __libc_init_array
 .text.memset   0x0000000008007478       0x10 c:/st/stm32cubeide_1.7.0/stm32cubeide/plugins/com.st.stm32cube.ide.mcu.externaltools.gnu-tools-for-stm32.9-2020-q2-update.win32_2.0.0.202105311346/tools/bin/../lib/gcc/arm-none-eabi/9.3.1/../../../../arm-none-eabi/lib/thumb/v7e-m+fp/hard\libc_nano.a(lib_a-memset.o)
                0x0000000008007478                memset
 *(.glue_7)
 .glue_7        0x0000000008007488        0x0 linker stubs
 *(.glue_7t)
 .glue_7t       0x0000000008007488        0x0 linker stubs
 *(.eh_frame)
 .eh_frame      0x0000000008007488        0x0 c:/st/stm32cubeide_1.7.0/stm32cubeide/plugins/com.st.stm32cube.ide.mcu.externaltools.gnu-tools-for-stm32.9-2020-q2-update.win32_2.0.0.202105311346/tools/bin/../lib/gcc/arm-none-eabi/9.3.1/thumb/v7e-m+fp/hard/crtbegin.o
 *(.init)
 .init          0x0000000008007488        0x4 c:/st/stm32cubeide_1.7.0/stm32cubeide/plugins/com.st.stm32cube.ide.mcu.externaltools.gnu-tools-for-stm32.9-2020-q2-update.win32_2.0.0.202105311346/tools/bin/../lib/gcc/arm-none-eabi/9.3.1/thumb/v7e-m+fp/hard/crti.o
                0x0000000008007488                _init
 .init          0x000000000800748c        0x8 c:/st/stm32cubeide_1.7.0/stm32cubeide/plugins/com.st.stm32cube.ide.mcu.externaltools.gnu-tools-for-stm32.9-2020-q2-update.win32_2.0.0.202105311346/tools/bin/../lib/gcc/arm-none-eabi/9.3.1/thumb/v7e-m+fp/hard/crtn.o
 *(.fini)
 .fini          0x0000000008007494        0x4 c:/st/stm32cubeide_1.7.0/stm32cubeide/plugins/com.st.stm32cube.ide.mcu.externaltools.gnu-tools-for-stm32.9-2020-q2-update.win32_2.0.0.202105311346/tools/bin/../lib/gcc/arm-none-eabi/9.3.1/thumb/v7e-m+fp/hard/crti.o
                0x0000000008007494                _fini
 .fini          0x0000000008007498        0x8 c:/st/stm32cubeide_1.7.0/stm32cubeide/plugins/com.st.stm32cube.ide.mcu.externaltools.gnu-tools-for-stm32.9-2020-q2-update.win32_2.0.0.202105311346/tools/bin/../lib/gcc/arm-none-eabi/9.3.1/thumb/v7e-m+fp/hard/crtn.o
                0x00000000080074a0                . = ALIGN (0x4)
                0x00000000080074a0                _etext = .

.vfp11_veneer   0x00000000080074a0        0x0
 .vfp11_veneer  0x00000000080074a0        0x0 linker stubs

.v4_bx          0x00000000080074a0        0x0
 .v4_bx         0x00000000080074a0        0x0 linker stubs

.iplt           0x00000000080074a0        0x0
 .iplt          0x00000000080074a0        0x0 c:/st/stm32cubeide_1.7.0/stm32cubeide/plugins/com.st.stm32cube.ide.mcu.externaltools.gnu-tools-for-stm32.9-2020-q2-update.win32_2.0.0.202105311346/tools/bin/../lib/gcc/arm-none-eabi/9.3.1/thumb/v7e-m+fp/hard/crtbegin.o

.rodata         0x00000000080074a0     0x2fb8
                0x00000000080074a0                . = ALIGN (0x4)
 *(.rodata)
 .rodata        0x00000000080074a0       0x18 ./Core/Src/light_control.o
 *(.rodata*)
 .rodata.ascii_1608
                0x00000000080074b8      0x5f0 ./Core/Src/lcd.o
                0x00000000080074b8                ascii_1608
 .rodata.ascii_2412
                0x0000000008007aa8     0x11d0 ./Core/Src/lcd.o
                0x0000000008007aa8                ascii_2412
 .rodata.ascii_3216
                0x0000000008008c78     0x17c0 ./Core/Src/lcd.o
                0x0000000008008c78                ascii_3216
 .rodata.AHBPrescTable
                0x000000000800a438       0x10 ./Core/Src/system_stm32f4xx.o
                0x000000000800a438                AHBPrescTable
 .rodata.APBPrescTable
                0x000000000800a448        0x8 ./Core/Src/system_stm32f4xx.o
                0x000000000800a448                APBPrescTable
 .rodata.flagBitshiftOffset.9376
                0x000000000800a450        0x8 ./Drivers/STM32F4xx_HAL_Driver/Src/stm32f4xx_hal_dma.o
                0x000000000800a458                . = ALIGN (0x4)

.ARM.extab      0x000000000800a458        0x0
                0x000000000800a458                . = ALIGN (0x4)
 *(.ARM.extab* .gnu.linkonce.armextab.*)
                0x000000000800a458                . = ALIGN (0x4)

.ARM            0x000000000800a458        0x8
                0x000000000800a458                . = ALIGN (0x4)
                0x000000000800a458                __exidx_start = .
 *(.ARM.exidx*)
 .ARM.exidx     0x000000000800a458        0x8 c:/st/stm32cubeide_1.7.0/stm32cubeide/plugins/com.st.stm32cube.ide.mcu.externaltools.gnu-tools-for-stm32.9-2020-q2-update.win32_2.0.0.202105311346/tools/bin/../lib/gcc/arm-none-eabi/9.3.1/thumb/v7e-m+fp/hard\libgcc.a(_udivmoddi4.o)
                0x000000000800a460                __exidx_end = .
                0x000000000800a460                . = ALIGN (0x4)

.rel.dyn        0x000000000800a460        0x0
 .rel.iplt      0x000000000800a460        0x0 c:/st/stm32cubeide_1.7.0/stm32cubeide/plugins/com.st.stm32cube.ide.mcu.externaltools.gnu-tools-for-stm32.9-2020-q2-update.win32_2.0.0.202105311346/tools/bin/../lib/gcc/arm-none-eabi/9.3.1/thumb/v7e-m+fp/hard/crtbegin.o

.preinit_array  0x000000000800a460        0x0
                0x000000000800a460                . = ALIGN (0x4)
                0x000000000800a460                PROVIDE (__preinit_array_start = .)
 *(.preinit_array*)
                0x000000000800a460                PROVIDE (__preinit_array_end = .)
                0x000000000800a460                . = ALIGN (0x4)

.init_array     0x000000000800a460        0x4
                0x000000000800a460                . = ALIGN (0x4)
                0x000000000800a460                PROVIDE (__init_array_start = .)
 *(SORT_BY_NAME(.init_array.*))
 *(.init_array*)
 .init_array    0x000000000800a460        0x4 c:/st/stm32cubeide_1.7.0/stm32cubeide/plugins/com.st.stm32cube.ide.mcu.externaltools.gnu-tools-for-stm32.9-2020-q2-update.win32_2.0.0.202105311346/tools/bin/../lib/gcc/arm-none-eabi/9.3.1/thumb/v7e-m+fp/hard/crtbegin.o
                0x000000000800a464                PROVIDE (__init_array_end = .)
                0x000000000800a464                . = ALIGN (0x4)

.fini_array     0x000000000800a464        0x4
                0x000000000800a464                . = ALIGN (0x4)
                [!provide]                        PROVIDE (__fini_array_start = .)
 *(SORT_BY_NAME(.fini_array.*))
 *(.fini_array*)
 .fini_array    0x000000000800a464        0x4 c:/st/stm32cubeide_1.7.0/stm32cubeide/plugins/com.st.stm32cube.ide.mcu.externaltools.gnu-tools-for-stm32.9-2020-q2-update.win32_2.0.0.202105311346/tools/bin/../lib/gcc/arm-none-eabi/9.3.1/thumb/v7e-m+fp/hard/crtbegin.o
                [!provide]                        PROVIDE (__fini_array_end = .)
                0x000000000800a468                . = ALIGN (0x4)
                0x000000000800a468                _sidata = LOADADDR (.data)

.data           0x0000000020000000       0x14 load address 0x000000000800a468
                0x0000000020000000                . = ALIGN (0x4)
                0x0000000020000000                _sdata = .
 *(.data)
 *(.data*)
 .data.led7seg  0x0000000020000000        0x4 ./Core/Src/led_7seg.o
                0x0000000020000000                led7seg
 .data.spi_buffer
                0x0000000020000004        0x2 ./Core/Src/led_7seg.o
                0x0000000020000004                spi_buffer
 *fill*         0x0000000020000006        0x2 
 .data.SystemCoreClock
                0x0000000020000008        0x4 ./Core/Src/system_stm32f4xx.o
                0x0000000020000008                SystemCoreClock
 .data.uwTickPrio
                0x000000002000000c        0x4 ./Drivers/STM32F4xx_HAL_Driver/Src/stm32f4xx_hal.o
                0x000000002000000c                uwTickPrio
 .data.uwTickFreq
                0x0000000020000010        0x1 ./Drivers/STM32F4xx_HAL_Driver/Src/stm32f4xx_hal.o
                0x0000000020000010                uwTickFreq
 *(.RamFunc)
 *(.RamFunc*)
                0x0000000020000014                . = ALIGN (0x4)
 *fill*         0x0000000020000011        0x3 
                0x0000000020000014                _edata = .
                0x000000000800a47c                _siccmram = LOADADDR (.ccmram)

.igot.plt       0x0000000020000014        0x0 load address 0x000000000800a47c
 .igot.plt      0x0000000020000014        0x0 c:/st/stm32cubeide_1.7.0/stm32cubeide/plugins/com.st.stm32cube.ide.mcu.externaltools.gnu-tools-for-stm32.9-2020-q2-update.win32_2.0.0.202105311346/tools/bin/../lib/gcc/arm-none-eabi/9.3.1/thumb/v7e-m+fp/hard/crtbegin.o

.ccmram         0x0000000010000000        0x0 load address 0x000000000800a47c
                0x0000000010000000                . = ALIGN (0x4)
                0x0000000010000000                _sccmram = .
 *(.ccmram)
 *(.ccmram*)
                0x0000000010000000                . = ALIGN (0x4)
                0x0000000010000000                _eccmram = .
                0x0000000010000000                . = ALIGN (0x4)

.bss            0x0000000020000014      0x3b4
                0x0000000020000014                _sbss = .
                0x0000000020000014                __bss_start__ = _sbss
 *(.bss)
 .bss           0x0000000020000014       0x1c c:/st/stm32cubeide_1.7.0/stm32cubeide/plugins/com.st.stm32cube.ide.mcu.externaltools.gnu-tools-for-stm32.9-2020-q2-update.win32_2.0.0.202105311346/tools/bin/../lib/gcc/arm-none-eabi/9.3.1/thumb/v7e-m+fp/hard/crtbegin.o
 *(.bss*)
 .bss.spi_button
                0x0000000020000030        0x2 ./Core/Src/button.o
                0x0000000020000030                spi_button
 *fill*         0x0000000020000032        0x2 
 .bss.led7_index
                0x0000000020000034        0x4 ./Core/Src/led_7seg.o
                0x0000000020000034                led7_index
 .bss.light_status
                0x0000000020000038        0x1 ./Core/Src/light_control.o
                0x0000000020000038                light_status
 *fill*         0x0000000020000039        0x1 
 .bss.flag_timer2
                0x000000002000003a        0x2 ./Core/Src/software_timer.o
                0x000000002000003a                flag_timer2
 .bss.timer2_counter
                0x000000002000003c        0x2 ./Core/Src/software_timer.o
                0x000000002000003c                timer2_counter
 .bss.timer2_MUL
                0x000000002000003e        0x2 ./Core/Src/software_timer.o
                0x000000002000003e                timer2_MUL
 .bss.FSMC_Initialized
                0x0000000020000040        0x4 ./Core/Src/stm32f4xx_hal_msp.o
 .bss.receive_buffer1
                0x0000000020000044        0x1 ./Core/Src/uart.o
                0x0000000020000044                receive_buffer1
 .bss.receive_buffer2
                0x0000000020000045        0x1 ./Core/Src/uart.o
                0x0000000020000045                receive_buffer2
 .bss.check_esp
                0x0000000020000046        0x1 ./Core/Src/uart.o
                0x0000000020000046                check_esp
 *(COMMON)
 *fill*         0x0000000020000047        0x1 
 COMMON         0x0000000020000048       0x20 ./Core/Src/button.o
                0x0000000020000048                button_count
 COMMON         0x0000000020000068        0xf ./Core/Src/ds3231.o
                0x0000000020000068                ds3231_sec
                0x0000000020000069                ds3231_year
                0x000000002000006a                ds3231_min
                0x000000002000006b                ds3231_date
                0x000000002000006c                ds3231_day
                0x000000002000006d                ds3231_hours
                0x000000002000006e                ds3231_month
                0x0000000020000070                ds3231_buffer
 *fill*         0x0000000020000077        0x1 
 COMMON         0x0000000020000078       0x3a ./Core/Src/lcd.o
                0x0000000020000078                lcddev
                0x0000000020000080                s
 *fill*         0x00000000200000b2        0x2 
 COMMON         0x00000000200000b4      0x304 ./Core/Src/main.o
                0x00000000200000b4                hi2c1
                0x0000000020000108                hsram1
                0x0000000020000158                hadc1
                0x00000000200001a0                htim13
                0x00000000200001e8                huart1
                0x000000002000022c                hdma_adc1
                0x000000002000028c                htim1
                0x00000000200002d4                hspi1
                0x000000002000032c                htim2
                0x0000000020000374                huart2
 COMMON         0x00000000200003b8        0xa ./Core/Src/sensor.o
                0x00000000200003b8                adc_receive
 *fill*         0x00000000200003c2        0x2 
 COMMON         0x00000000200003c4        0x4 ./Drivers/STM32F4xx_HAL_Driver/Src/stm32f4xx_hal.o
                0x00000000200003c4                uwTick
                0x00000000200003c8                . = ALIGN (0x4)
                0x00000000200003c8                _ebss = .
                0x00000000200003c8                __bss_end__ = _ebss

._user_heap_stack
                0x00000000200003c8      0x600
                0x00000000200003c8                . = ALIGN (0x8)
                [!provide]                        PROVIDE (end = .)
                0x00000000200003c8                PROVIDE (_end = .)
                0x00000000200005c8                . = (. + _Min_Heap_Size)
 *fill*         0x00000000200003c8      0x200 
                0x00000000200009c8                . = (. + _Min_Stack_Size)
 *fill*         0x00000000200005c8      0x400 
                0x00000000200009c8                . = ALIGN (0x8)

/DISCARD/
 libc.a(*)
 libm.a(*)
 libgcc.a(*)

.ARM.attributes
                0x0000000000000000       0x30
 *(.ARM.attributes)
 .ARM.attributes
                0x0000000000000000       0x1e c:/st/stm32cubeide_1.7.0/stm32cubeide/plugins/com.st.stm32cube.ide.mcu.externaltools.gnu-tools-for-stm32.9-2020-q2-update.win32_2.0.0.202105311346/tools/bin/../lib/gcc/arm-none-eabi/9.3.1/thumb/v7e-m+fp/hard/crti.o
 .ARM.attributes
                0x000000000000001e       0x34 c:/st/stm32cubeide_1.7.0/stm32cubeide/plugins/com.st.stm32cube.ide.mcu.externaltools.gnu-tools-for-stm32.9-2020-q2-update.win32_2.0.0.202105311346/tools/bin/../lib/gcc/arm-none-eabi/9.3.1/thumb/v7e-m+fp/hard/crtbegin.o
 .ARM.attributes
                0x0000000000000052       0x34 ./Core/Src/button.o
 .ARM.attributes
                0x0000000000000086       0x34 ./Core/Src/buzzer.o
 .ARM.attributes
                0x00000000000000ba       0x34 ./Core/Src/ds3231.o
 .ARM.attributes
                0x00000000000000ee       0x34 ./Core/Src/lcd.o
 .ARM.attributes
                0x0000000000000122       0x34 ./Core/Src/led_7seg.o
 .ARM.attributes
                0x0000000000000156       0x34 ./Core/Src/light_control.o
 .ARM.attributes
                0x000000000000018a       0x34 ./Core/Src/main.o
 .ARM.attributes
                0x00000000000001be       0x34 ./Core/Src/sensor.o
 .ARM.attributes
                0x00000000000001f2       0x34 ./Core/Src/software_timer.o
 .ARM.attributes
                0x0000000000000226       0x34 ./Core/Src/stm32f4xx_hal_msp.o
 .ARM.attributes
                0x000000000000025a       0x34 ./Core/Src/stm32f4xx_it.o
 .ARM.attributes
                0x000000000000028e       0x34 ./Core/Src/system_stm32f4xx.o
 .ARM.attributes
                0x00000000000002c2       0x34 ./Core/Src/uart.o
 .ARM.attributes
                0x00000000000002f6       0x34 ./Core/Src/utils.o
 .ARM.attributes
                0x000000000000032a       0x21 ./Core/Startup/startup_stm32f407zgtx.o
 .ARM.attributes
                0x000000000000034b       0x34 ./Drivers/STM32F4xx_HAL_Driver/Src/stm32f4xx_hal.o
 .ARM.attributes
                0x000000000000037f       0x34 ./Drivers/STM32F4xx_HAL_Driver/Src/stm32f4xx_hal_adc.o
 .ARM.attributes
                0x00000000000003b3       0x34 ./Drivers/STM32F4xx_HAL_Driver/Src/stm32f4xx_hal_cortex.o
 .ARM.attributes
                0x00000000000003e7       0x34 ./Drivers/STM32F4xx_HAL_Driver/Src/stm32f4xx_hal_dma.o
 .ARM.attributes
                0x000000000000041b       0x34 ./Drivers/STM32F4xx_HAL_Driver/Src/stm32f4xx_hal_gpio.o
 .ARM.attributes
                0x000000000000044f       0x34 ./Drivers/STM32F4xx_HAL_Driver/Src/stm32f4xx_hal_i2c.o
 .ARM.attributes
                0x0000000000000483       0x34 ./Drivers/STM32F4xx_HAL_Driver/Src/stm32f4xx_hal_rcc.o
 .ARM.attributes
                0x00000000000004b7       0x34 ./Drivers/STM32F4xx_HAL_Driver/Src/stm32f4xx_hal_spi.o
 .ARM.attributes
                0x00000000000004eb       0x34 ./Drivers/STM32F4xx_HAL_Driver/Src/stm32f4xx_hal_sram.o
 .ARM.attributes
                0x000000000000051f       0x34 ./Drivers/STM32F4xx_HAL_Driver/Src/stm32f4xx_hal_tim.o
 .ARM.attributes
                0x0000000000000553       0x34 ./Drivers/STM32F4xx_HAL_Driver/Src/stm32f4xx_hal_tim_ex.o
 .ARM.attributes
                0x0000000000000587       0x34 ./Drivers/STM32F4xx_HAL_Driver/Src/stm32f4xx_hal_uart.o
 .ARM.attributes
                0x00000000000005bb       0x34 ./Drivers/STM32F4xx_HAL_Driver/Src/stm32f4xx_ll_fsmc.o
 .ARM.attributes
                0x00000000000005ef       0x34 c:/st/stm32cubeide_1.7.0/stm32cubeide/plugins/com.st.stm32cube.ide.mcu.externaltools.gnu-tools-for-stm32.9-2020-q2-update.win32_2.0.0.202105311346/tools/bin/../lib/gcc/arm-none-eabi/9.3.1/../../../../arm-none-eabi/lib/thumb/v7e-m+fp/hard\libc_nano.a(lib_a-init.o)
 .ARM.attributes
                0x0000000000000623       0x34 c:/st/stm32cubeide_1.7.0/stm32cubeide/plugins/com.st.stm32cube.ide.mcu.externaltools.gnu-tools-for-stm32.9-2020-q2-update.win32_2.0.0.202105311346/tools/bin/../lib/gcc/arm-none-eabi/9.3.1/../../../../arm-none-eabi/lib/thumb/v7e-m+fp/hard\libc_nano.a(lib_a-memset.o)
 .ARM.attributes
                0x0000000000000657       0x1e c:/st/stm32cubeide_1.7.0/stm32cubeide/plugins/com.st.stm32cube.ide.mcu.externaltools.gnu-tools-for-stm32.9-2020-q2-update.win32_2.0.0.202105311346/tools/bin/../lib/gcc/arm-none-eabi/9.3.1/thumb/v7e-m+fp/hard\libgcc.a(_aeabi_uldivmod.o)
 .ARM.attributes
                0x0000000000000675       0x34 c:/st/stm32cubeide_1.7.0/stm32cubeide/plugins/com.st.stm32cube.ide.mcu.externaltools.gnu-tools-for-stm32.9-2020-q2-update.win32_2.0.0.202105311346/tools/bin/../lib/gcc/arm-none-eabi/9.3.1/thumb/v7e-m+fp/hard\libgcc.a(_udivmoddi4.o)
 .ARM.attributes
                0x00000000000006a9       0x1e c:/st/stm32cubeide_1.7.0/stm32cubeide/plugins/com.st.stm32cube.ide.mcu.externaltools.gnu-tools-for-stm32.9-2020-q2-update.win32_2.0.0.202105311346/tools/bin/../lib/gcc/arm-none-eabi/9.3.1/thumb/v7e-m+fp/hard\libgcc.a(_dvmd_tls.o)
 .ARM.attributes
                0x00000000000006c7       0x1e c:/st/stm32cubeide_1.7.0/stm32cubeide/plugins/com.st.stm32cube.ide.mcu.externaltools.gnu-tools-for-stm32.9-2020-q2-update.win32_2.0.0.202105311346/tools/bin/../lib/gcc/arm-none-eabi/9.3.1/thumb/v7e-m+fp/hard/crtn.o
OUTPUT(SOURCE.elf elf32-littlearm)
LOAD linker stubs
LOAD c:/st/stm32cubeide_1.7.0/stm32cubeide/plugins/com.st.stm32cube.ide.mcu.externaltools.gnu-tools-for-stm32.9-2020-q2-update.win32_2.0.0.202105311346/tools/bin/../lib/gcc/arm-none-eabi/9.3.1/../../../../arm-none-eabi/lib/thumb/v7e-m+fp/hard\libc.a
LOAD c:/st/stm32cubeide_1.7.0/stm32cubeide/plugins/com.st.stm32cube.ide.mcu.externaltools.gnu-tools-for-stm32.9-2020-q2-update.win32_2.0.0.202105311346/tools/bin/../lib/gcc/arm-none-eabi/9.3.1/../../../../arm-none-eabi/lib/thumb/v7e-m+fp/hard\libm.a
LOAD c:/st/stm32cubeide_1.7.0/stm32cubeide/plugins/com.st.stm32cube.ide.mcu.externaltools.gnu-tools-for-stm32.9-2020-q2-update.win32_2.0.0.202105311346/tools/bin/../lib/gcc/arm-none-eabi/9.3.1/thumb/v7e-m+fp/hard\libgcc.a

.debug_info     0x0000000000000000    0x1d6d7
 .debug_info    0x0000000000000000      0x7f4 ./Core/Src/button.o
 .debug_info    0x00000000000007f4      0x7af ./Core/Src/buzzer.o
 .debug_info    0x0000000000000fa3      0x839 ./Core/Src/ds3231.o
 .debug_info    0x00000000000017dc     0x1759 ./Core/Src/lcd.o
 .debug_info    0x0000000000002f35      0x89c ./Core/Src/led_7seg.o
 .debug_info    0x00000000000037d1     0x132a ./Core/Src/light_control.o
 .debug_info    0x0000000000004afb     0x2beb ./Core/Src/main.o
 .debug_info    0x00000000000076e6      0x744 ./Core/Src/sensor.o
 .debug_info    0x0000000000007e2a      0xaf0 ./Core/Src/software_timer.o
 .debug_info    0x000000000000891a     0x1d2a ./Core/Src/stm32f4xx_hal_msp.o
 .debug_info    0x000000000000a644      0xaab ./Core/Src/stm32f4xx_it.o
 .debug_info    0x000000000000b0ef      0x5a4 ./Core/Src/system_stm32f4xx.o
 .debug_info    0x000000000000b693     0x148d ./Core/Src/uart.o
 .debug_info    0x000000000000cb20       0xd8 ./Core/Src/utils.o
 .debug_info    0x000000000000cbf8       0x22 ./Core/Startup/startup_stm32f407zgtx.o
 .debug_info    0x000000000000cc1a      0x9b2 ./Drivers/STM32F4xx_HAL_Driver/Src/stm32f4xx_hal.o
 .debug_info    0x000000000000d5cc      0xdbc ./Drivers/STM32F4xx_HAL_Driver/Src/stm32f4xx_hal_adc.o
 .debug_info    0x000000000000e388      0xed7 ./Drivers/STM32F4xx_HAL_Driver/Src/stm32f4xx_hal_cortex.o
 .debug_info    0x000000000000f25f      0x9f1 ./Drivers/STM32F4xx_HAL_Driver/Src/stm32f4xx_hal_dma.o
 .debug_info    0x000000000000fc50      0x83e ./Drivers/STM32F4xx_HAL_Driver/Src/stm32f4xx_hal_gpio.o
 .debug_info    0x000000000001048e     0x264d ./Drivers/STM32F4xx_HAL_Driver/Src/stm32f4xx_hal_i2c.o
 .debug_info    0x0000000000012adb      0x996 ./Drivers/STM32F4xx_HAL_Driver/Src/stm32f4xx_hal_rcc.o
 .debug_info    0x0000000000013471     0x17c0 ./Drivers/STM32F4xx_HAL_Driver/Src/stm32f4xx_hal_spi.o
 .debug_info    0x0000000000014c31      0xbab ./Drivers/STM32F4xx_HAL_Driver/Src/stm32f4xx_hal_sram.o
 .debug_info    0x00000000000157dc     0x2c22 ./Drivers/STM32F4xx_HAL_Driver/Src/stm32f4xx_hal_tim.o
 .debug_info    0x00000000000183fe     0x15a2 ./Drivers/STM32F4xx_HAL_Driver/Src/stm32f4xx_hal_tim_ex.o
 .debug_info    0x00000000000199a0     0x31de ./Drivers/STM32F4xx_HAL_Driver/Src/stm32f4xx_hal_uart.o
 .debug_info    0x000000000001cb7e      0xb59 ./Drivers/STM32F4xx_HAL_Driver/Src/stm32f4xx_ll_fsmc.o

.debug_abbrev   0x0000000000000000     0x397d
 .debug_abbrev  0x0000000000000000      0x1bf ./Core/Src/button.o
 .debug_abbrev  0x00000000000001bf      0x19a ./Core/Src/buzzer.o
 .debug_abbrev  0x0000000000000359      0x1a7 ./Core/Src/ds3231.o
 .debug_abbrev  0x0000000000000500      0x390 ./Core/Src/lcd.o
 .debug_abbrev  0x0000000000000890      0x1a9 ./Core/Src/led_7seg.o
 .debug_abbrev  0x0000000000000a39      0x20c ./Core/Src/light_control.o
 .debug_abbrev  0x0000000000000c45      0x35b ./Core/Src/main.o
 .debug_abbrev  0x0000000000000fa0      0x19f ./Core/Src/sensor.o
 .debug_abbrev  0x000000000000113f      0x1e7 ./Core/Src/software_timer.o
 .debug_abbrev  0x0000000000001326      0x238 ./Core/Src/stm32f4xx_hal_msp.o
 .debug_abbrev  0x000000000000155e      0x176 ./Core/Src/stm32f4xx_it.o
 .debug_abbrev  0x00000000000016d4      0x145 ./Core/Src/system_stm32f4xx.o
 .debug_abbrev  0x0000000000001819      0x273 ./Core/Src/uart.o
 .debug_abbrev  0x0000000000001a8c       0x87 ./Core/Src/utils.o
 .debug_abbrev  0x0000000000001b13       0x12 ./Core/Startup/startup_stm32f407zgtx.o
 .debug_abbrev  0x0000000000001b25      0x1ed ./Drivers/STM32F4xx_HAL_Driver/Src/stm32f4xx_hal.o
 .debug_abbrev  0x0000000000001d12      0x22f ./Drivers/STM32F4xx_HAL_Driver/Src/stm32f4xx_hal_adc.o
 .debug_abbrev  0x0000000000001f41      0x33c ./Drivers/STM32F4xx_HAL_Driver/Src/stm32f4xx_hal_cortex.o
 .debug_abbrev  0x000000000000227d      0x259 ./Drivers/STM32F4xx_HAL_Driver/Src/stm32f4xx_hal_dma.o
 .debug_abbrev  0x00000000000024d6      0x1f1 ./Drivers/STM32F4xx_HAL_Driver/Src/stm32f4xx_hal_gpio.o
 .debug_abbrev  0x00000000000026c7      0x282 ./Drivers/STM32F4xx_HAL_Driver/Src/stm32f4xx_hal_i2c.o
 .debug_abbrev  0x0000000000002949      0x275 ./Drivers/STM32F4xx_HAL_Driver/Src/stm32f4xx_hal_rcc.o
 .debug_abbrev  0x0000000000002bbe      0x26e ./Drivers/STM32F4xx_HAL_Driver/Src/stm32f4xx_hal_spi.o
 .debug_abbrev  0x0000000000002e2c      0x1f4 ./Drivers/STM32F4xx_HAL_Driver/Src/stm32f4xx_hal_sram.o
 .debug_abbrev  0x0000000000003020      0x25e ./Drivers/STM32F4xx_HAL_Driver/Src/stm32f4xx_hal_tim.o
 .debug_abbrev  0x000000000000327e      0x266 ./Drivers/STM32F4xx_HAL_Driver/Src/stm32f4xx_hal_tim_ex.o
 .debug_abbrev  0x00000000000034e4      0x2eb ./Drivers/STM32F4xx_HAL_Driver/Src/stm32f4xx_hal_uart.o
 .debug_abbrev  0x00000000000037cf      0x1ae ./Drivers/STM32F4xx_HAL_Driver/Src/stm32f4xx_ll_fsmc.o

.debug_aranges  0x0000000000000000     0x1690
 .debug_aranges
                0x0000000000000000       0x28 ./Core/Src/button.o
 .debug_aranges
                0x0000000000000028       0x28 ./Core/Src/buzzer.o
 .debug_aranges
                0x0000000000000050       0x30 ./Core/Src/ds3231.o
 .debug_aranges
                0x0000000000000080       0xd8 ./Core/Src/lcd.o
 .debug_aranges
                0x0000000000000158       0x48 ./Core/Src/led_7seg.o
 .debug_aranges
                0x00000000000001a0       0x28 ./Core/Src/light_control.o
 .debug_aranges
                0x00000000000001c8       0xf8 ./Core/Src/main.o
 .debug_aranges
                0x00000000000002c0       0x50 ./Core/Src/sensor.o
 .debug_aranges
                0x0000000000000310       0x40 ./Core/Src/software_timer.o
 .debug_aranges
                0x0000000000000350       0x98 ./Core/Src/stm32f4xx_hal_msp.o
 .debug_aranges
                0x00000000000003e8       0x80 ./Core/Src/stm32f4xx_it.o
 .debug_aranges
                0x0000000000000468       0x28 ./Core/Src/system_stm32f4xx.o
 .debug_aranges
                0x0000000000000490       0x60 ./Core/Src/uart.o
 .debug_aranges
                0x00000000000004f0       0x28 ./Core/Src/utils.o
 .debug_aranges
                0x0000000000000518       0x28 ./Core/Startup/startup_stm32f407zgtx.o
 .debug_aranges
                0x0000000000000540       0xf0 ./Drivers/STM32F4xx_HAL_Driver/Src/stm32f4xx_hal.o
 .debug_aranges
                0x0000000000000630       0xe8 ./Drivers/STM32F4xx_HAL_Driver/Src/stm32f4xx_hal_adc.o
 .debug_aranges
                0x0000000000000718      0x118 ./Drivers/STM32F4xx_HAL_Driver/Src/stm32f4xx_hal_cortex.o
 .debug_aranges
                0x0000000000000830       0x90 ./Drivers/STM32F4xx_HAL_Driver/Src/stm32f4xx_hal_dma.o
 .debug_aranges
                0x00000000000008c0       0x58 ./Drivers/STM32F4xx_HAL_Driver/Src/stm32f4xx_hal_gpio.o
 .debug_aranges
                0x0000000000000918      0x2a0 ./Drivers/STM32F4xx_HAL_Driver/Src/stm32f4xx_hal_i2c.o
 .debug_aranges
                0x0000000000000bb8       0x88 ./Drivers/STM32F4xx_HAL_Driver/Src/stm32f4xx_hal_rcc.o
 .debug_aranges
                0x0000000000000c40      0x1d0 ./Drivers/STM32F4xx_HAL_Driver/Src/stm32f4xx_hal_spi.o
 .debug_aranges
                0x0000000000000e10       0xa0 ./Drivers/STM32F4xx_HAL_Driver/Src/stm32f4xx_hal_sram.o
 .debug_aranges
                0x0000000000000eb0      0x3d0 ./Drivers/STM32F4xx_HAL_Driver/Src/stm32f4xx_hal_tim.o
 .debug_aranges
                0x0000000000001280      0x168 ./Drivers/STM32F4xx_HAL_Driver/Src/stm32f4xx_hal_tim_ex.o
 .debug_aranges
                0x00000000000013e8      0x200 ./Drivers/STM32F4xx_HAL_Driver/Src/stm32f4xx_hal_uart.o
 .debug_aranges
                0x00000000000015e8       0xa8 ./Drivers/STM32F4xx_HAL_Driver/Src/stm32f4xx_ll_fsmc.o

.debug_ranges   0x0000000000000000     0x1548
 .debug_ranges  0x0000000000000000       0x18 ./Core/Src/button.o
 .debug_ranges  0x0000000000000018       0x18 ./Core/Src/buzzer.o
 .debug_ranges  0x0000000000000030       0x20 ./Core/Src/ds3231.o
 .debug_ranges  0x0000000000000050       0xc8 ./Core/Src/lcd.o
 .debug_ranges  0x0000000000000118       0x38 ./Core/Src/led_7seg.o
 .debug_ranges  0x0000000000000150       0x30 ./Core/Src/light_control.o
 .debug_ranges  0x0000000000000180       0xe8 ./Core/Src/main.o
 .debug_ranges  0x0000000000000268       0x40 ./Core/Src/sensor.o
 .debug_ranges  0x00000000000002a8       0x30 ./Core/Src/software_timer.o
 .debug_ranges  0x00000000000002d8       0x88 ./Core/Src/stm32f4xx_hal_msp.o
 .debug_ranges  0x0000000000000360       0x70 ./Core/Src/stm32f4xx_it.o
 .debug_ranges  0x00000000000003d0       0x18 ./Core/Src/system_stm32f4xx.o
 .debug_ranges  0x00000000000003e8       0x50 ./Core/Src/uart.o
 .debug_ranges  0x0000000000000438       0x18 ./Core/Src/utils.o
 .debug_ranges  0x0000000000000450       0x20 ./Core/Startup/startup_stm32f407zgtx.o
 .debug_ranges  0x0000000000000470       0xe0 ./Drivers/STM32F4xx_HAL_Driver/Src/stm32f4xx_hal.o
 .debug_ranges  0x0000000000000550       0xd8 ./Drivers/STM32F4xx_HAL_Driver/Src/stm32f4xx_hal_adc.o
 .debug_ranges  0x0000000000000628      0x108 ./Drivers/STM32F4xx_HAL_Driver/Src/stm32f4xx_hal_cortex.o
 .debug_ranges  0x0000000000000730       0x80 ./Drivers/STM32F4xx_HAL_Driver/Src/stm32f4xx_hal_dma.o
 .debug_ranges  0x00000000000007b0       0x48 ./Drivers/STM32F4xx_HAL_Driver/Src/stm32f4xx_hal_gpio.o
 .debug_ranges  0x00000000000007f8      0x2b8 ./Drivers/STM32F4xx_HAL_Driver/Src/stm32f4xx_hal_i2c.o
 .debug_ranges  0x0000000000000ab0       0x78 ./Drivers/STM32F4xx_HAL_Driver/Src/stm32f4xx_hal_rcc.o
 .debug_ranges  0x0000000000000b28      0x1c0 ./Drivers/STM32F4xx_HAL_Driver/Src/stm32f4xx_hal_spi.o
 .debug_ranges  0x0000000000000ce8       0x90 ./Drivers/STM32F4xx_HAL_Driver/Src/stm32f4xx_hal_sram.o
 .debug_ranges  0x0000000000000d78      0x3c0 ./Drivers/STM32F4xx_HAL_Driver/Src/stm32f4xx_hal_tim.o
 .debug_ranges  0x0000000000001138      0x158 ./Drivers/STM32F4xx_HAL_Driver/Src/stm32f4xx_hal_tim_ex.o
 .debug_ranges  0x0000000000001290      0x220 ./Drivers/STM32F4xx_HAL_Driver/Src/stm32f4xx_hal_uart.o
 .debug_ranges  0x00000000000014b0       0x98 ./Drivers/STM32F4xx_HAL_Driver/Src/stm32f4xx_ll_fsmc.o

.debug_macro    0x0000000000000000     0x50d1
 .debug_macro   0x0000000000000000      0x258 ./Core/Src/button.o
 .debug_macro   0x0000000000000258      0x258 ./Core/Src/buzzer.o
 .debug_macro   0x00000000000004b0      0x26d ./Core/Src/ds3231.o
 .debug_macro   0x000000000000071d       0x2e ./Core/Src/ds3231.o
 .debug_macro   0x000000000000074b      0x363 ./Core/Src/lcd.o
 .debug_macro   0x0000000000000aae       0x18 ./Core/Src/lcd.o
 .debug_macro   0x0000000000000ac6       0x52 ./Core/Src/lcd.o
 .debug_macro   0x0000000000000b18       0x3c ./Core/Src/lcd.o
 .debug_macro   0x0000000000000b54       0x34 ./Core/Src/lcd.o
 .debug_macro   0x0000000000000b88       0x16 ./Core/Src/lcd.o
 .debug_macro   0x0000000000000b9e       0x35 ./Core/Src/lcd.o
 .debug_macro   0x0000000000000bd3       0x16 ./Core/Src/lcd.o
 .debug_macro   0x0000000000000be9       0x43 ./Core/Src/lcd.o
 .debug_macro   0x0000000000000c2c       0x34 ./Core/Src/lcd.o
 .debug_macro   0x0000000000000c60       0x10 ./Core/Src/lcd.o
 .debug_macro   0x0000000000000c70       0x58 ./Core/Src/lcd.o
 .debug_macro   0x0000000000000cc8       0x71 ./Core/Src/lcd.o
 .debug_macro   0x0000000000000d39       0x1c ./Core/Src/lcd.o
 .debug_macro   0x0000000000000d55      0x12a ./Core/Src/lcd.o
 .debug_macro   0x0000000000000e7f      0x333 ./Core/Src/lcd.o
 .debug_macro   0x00000000000011b2       0x16 ./Core/Src/lcd.o
 .debug_macro   0x00000000000011c8       0x29 ./Core/Src/lcd.o
 .debug_macro   0x00000000000011f1       0x16 ./Core/Src/lcd.o
 .debug_macro   0x0000000000001207       0x20 ./Core/Src/lcd.o
 .debug_macro   0x0000000000001227       0xca ./Core/Src/lcd.o
 .debug_macro   0x00000000000012f1      0x258 ./Core/Src/led_7seg.o
 .debug_macro   0x0000000000001549      0x460 ./Core/Src/light_control.o
 .debug_macro   0x00000000000019a9       0x16 ./Core/Src/light_control.o
 .debug_macro   0x00000000000019bf       0x10 ./Core/Src/light_control.o
 .debug_macro   0x00000000000019cf       0x10 ./Core/Src/light_control.o
 .debug_macro   0x00000000000019df       0x1c ./Core/Src/light_control.o
 .debug_macro   0x00000000000019fb       0x52 ./Core/Src/light_control.o
 .debug_macro   0x0000000000001a4d       0x22 ./Core/Src/light_control.o
 .debug_macro   0x0000000000001a6f       0x10 ./Core/Src/light_control.o
 .debug_macro   0x0000000000001a7f       0x40 ./Core/Src/light_control.o
 .debug_macro   0x0000000000001abf       0xd5 ./Core/Src/light_control.o
 .debug_macro   0x0000000000001b94       0x1c ./Core/Src/light_control.o
 .debug_macro   0x0000000000001bb0       0x3d ./Core/Src/light_control.o
 .debug_macro   0x0000000000001bed       0x16 ./Core/Src/light_control.o
 .debug_macro   0x0000000000001c03      0x145 ./Core/Src/light_control.o
 .debug_macro   0x0000000000001d48      0x513 ./Core/Src/main.o
 .debug_macro   0x000000000000225b       0x1c ./Core/Src/main.o
 .debug_macro   0x0000000000002277       0x4c ./Core/Src/main.o
 .debug_macro   0x00000000000022c3       0x16 ./Core/Src/main.o
 .debug_macro   0x00000000000022d9      0x258 ./Core/Src/sensor.o
 .debug_macro   0x0000000000002531      0x272 ./Core/Src/software_timer.o
 .debug_macro   0x00000000000027a3      0x244 ./Core/Src/stm32f4xx_hal_msp.o
 .debug_macro   0x00000000000029e7      0x24e ./Core/Src/stm32f4xx_it.o
 .debug_macro   0x0000000000002c35      0x235 ./Core/Src/system_stm32f4xx.o
 .debug_macro   0x0000000000002e6a      0x460 ./Core/Src/uart.o
 .debug_macro   0x00000000000032ca       0x6d ./Core/Src/utils.o
 .debug_macro   0x0000000000003337      0x295 ./Drivers/STM32F4xx_HAL_Driver/Src/stm32f4xx_hal.o
 .debug_macro   0x00000000000035cc      0x236 ./Drivers/STM32F4xx_HAL_Driver/Src/stm32f4xx_hal_adc.o
 .debug_macro   0x0000000000003802      0x235 ./Drivers/STM32F4xx_HAL_Driver/Src/stm32f4xx_hal_cortex.o
 .debug_macro   0x0000000000003a37      0x23b ./Drivers/STM32F4xx_HAL_Driver/Src/stm32f4xx_hal_dma.o
 .debug_macro   0x0000000000003c72      0x23b ./Drivers/STM32F4xx_HAL_Driver/Src/stm32f4xx_hal_gpio.o
 .debug_macro   0x0000000000003ead      0x27c ./Drivers/STM32F4xx_HAL_Driver/Src/stm32f4xx_hal_i2c.o
 .debug_macro   0x0000000000004129      0x259 ./Drivers/STM32F4xx_HAL_Driver/Src/stm32f4xx_hal_rcc.o
 .debug_macro   0x0000000000004382      0x244 ./Drivers/STM32F4xx_HAL_Driver/Src/stm32f4xx_hal_spi.o
 .debug_macro   0x00000000000045c6      0x235 ./Drivers/STM32F4xx_HAL_Driver/Src/stm32f4xx_hal_sram.o
 .debug_macro   0x00000000000047fb      0x236 ./Drivers/STM32F4xx_HAL_Driver/Src/stm32f4xx_hal_tim.o
 .debug_macro   0x0000000000004a31      0x235 ./Drivers/STM32F4xx_HAL_Driver/Src/stm32f4xx_hal_tim_ex.o
 .debug_macro   0x0000000000004c66      0x236 ./Drivers/STM32F4xx_HAL_Driver/Src/stm32f4xx_hal_uart.o
 .debug_macro   0x0000000000004e9c      0x235 ./Drivers/STM32F4xx_HAL_Driver/Src/stm32f4xx_ll_fsmc.o

.debug_line     0x0000000000000000    0x1c747
 .debug_line    0x0000000000000000      0x806 ./Core/Src/button.o
 .debug_line    0x0000000000000806      0x7a7 ./Core/Src/buzzer.o
 .debug_line    0x0000000000000fad      0x828 ./Core/Src/ds3231.o
 .debug_line    0x00000000000017d5     0x1010 ./Core/Src/lcd.o
 .debug_line    0x00000000000027e5      0x87d ./Core/Src/led_7seg.o
 .debug_line    0x0000000000003062      0xa5e ./Core/Src/light_control.o
 .debug_line    0x0000000000003ac0     0x112d ./Core/Src/main.o
 .debug_line    0x0000000000004bed      0x841 ./Core/Src/sensor.o
 .debug_line    0x000000000000542e      0x849 ./Core/Src/software_timer.o
 .debug_line    0x0000000000005c77      0xa73 ./Core/Src/stm32f4xx_hal_msp.o
 .debug_line    0x00000000000066ea      0x8a7 ./Core/Src/stm32f4xx_it.o
 .debug_line    0x0000000000006f91      0x806 ./Core/Src/system_stm32f4xx.o
 .debug_line    0x0000000000007797      0xb55 ./Core/Src/uart.o
 .debug_line    0x00000000000082ec      0x3c4 ./Core/Src/utils.o
 .debug_line    0x00000000000086b0       0x88 ./Core/Startup/startup_stm32f407zgtx.o
 .debug_line    0x0000000000008738      0xa6c ./Drivers/STM32F4xx_HAL_Driver/Src/stm32f4xx_hal.o
 .debug_line    0x00000000000091a4     0x12f6 ./Drivers/STM32F4xx_HAL_Driver/Src/stm32f4xx_hal_adc.o
 .debug_line    0x000000000000a49a      0xd1b ./Drivers/STM32F4xx_HAL_Driver/Src/stm32f4xx_hal_cortex.o
 .debug_line    0x000000000000b1b5      0xfd1 ./Drivers/STM32F4xx_HAL_Driver/Src/stm32f4xx_hal_dma.o
 .debug_line    0x000000000000c186      0xbe2 ./Drivers/STM32F4xx_HAL_Driver/Src/stm32f4xx_hal_gpio.o
 .debug_line    0x000000000000cd68     0x3a18 ./Drivers/STM32F4xx_HAL_Driver/Src/stm32f4xx_hal_i2c.o
 .debug_line    0x0000000000010780      0xde8 ./Drivers/STM32F4xx_HAL_Driver/Src/stm32f4xx_hal_rcc.o
 .debug_line    0x0000000000011568     0x1cf4 ./Drivers/STM32F4xx_HAL_Driver/Src/stm32f4xx_hal_spi.o
 .debug_line    0x000000000001325c      0xc0e ./Drivers/STM32F4xx_HAL_Driver/Src/stm32f4xx_hal_sram.o
 .debug_line    0x0000000000013e6a     0x3760 ./Drivers/STM32F4xx_HAL_Driver/Src/stm32f4xx_hal_tim.o
 .debug_line    0x00000000000175ca     0x1a69 ./Drivers/STM32F4xx_HAL_Driver/Src/stm32f4xx_hal_tim_ex.o
 .debug_line    0x0000000000019033     0x2af3 ./Drivers/STM32F4xx_HAL_Driver/Src/stm32f4xx_hal_uart.o
 .debug_line    0x000000000001bb26      0xc21 ./Drivers/STM32F4xx_HAL_Driver/Src/stm32f4xx_ll_fsmc.o

.debug_str      0x0000000000000000    0xdfced
 .debug_str     0x0000000000000000    0xd5b54 ./Core/Src/button.o
                                      0xd5e69 (size before relaxing)
 .debug_str     0x00000000000d5b54      0x2d5 ./Core/Src/buzzer.o
                                      0xd5f1b (size before relaxing)
 .debug_str     0x00000000000d5e29      0x3de ./Core/Src/ds3231.o
                                      0xd5ffc (size before relaxing)
 .debug_str     0x00000000000d6207     0x3732 ./Core/Src/lcd.o
                                      0xd91a4 (size before relaxing)
 .debug_str     0x00000000000d9939       0x99 ./Core/Src/led_7seg.o
                                      0xd5eb2 (size before relaxing)
 .debug_str     0x00000000000d99d2     0x115a ./Core/Src/light_control.o
                                      0xda4c2 (size before relaxing)
 .debug_str     0x00000000000dab2c      0xed4 ./Core/Src/main.o
                                      0xdbb1b (size before relaxing)
 .debug_str     0x00000000000dba00       0x9b ./Core/Src/sensor.o
                                      0xd5e2b (size before relaxing)
 .debug_str     0x00000000000dba9b       0xa5 ./Core/Src/software_timer.o
                                      0xd619e (size before relaxing)
 .debug_str     0x00000000000dbb40      0x187 ./Core/Src/stm32f4xx_hal_msp.o
                                      0xd6fdf (size before relaxing)
 .debug_str     0x00000000000dbcc7      0x109 ./Core/Src/stm32f4xx_it.o
                                      0xd61b4 (size before relaxing)
 .debug_str     0x00000000000dbdd0       0xaf ./Core/Src/system_stm32f4xx.o
                                      0xd5887 (size before relaxing)
 .debug_str     0x00000000000dbe7f       0xc8 ./Core/Src/uart.o
                                      0xda563 (size before relaxing)
 .debug_str     0x00000000000dbf47       0x24 ./Core/Src/utils.o
                                       0x3cf8 (size before relaxing)
 .debug_str     0x00000000000dbf6b       0x36 ./Core/Startup/startup_stm32f407zgtx.o
                                         0x67 (size before relaxing)
 .debug_str     0x00000000000dbfa1      0x583 ./Drivers/STM32F4xx_HAL_Driver/Src/stm32f4xx_hal.o
                                      0xd6369 (size before relaxing)
 .debug_str     0x00000000000dc524      0x295 ./Drivers/STM32F4xx_HAL_Driver/Src/stm32f4xx_hal_adc.o
                                      0xd5e33 (size before relaxing)
 .debug_str     0x00000000000dc7b9      0x392 ./Drivers/STM32F4xx_HAL_Driver/Src/stm32f4xx_hal_cortex.o
                                      0xd6158 (size before relaxing)
 .debug_str     0x00000000000dcb4b      0x315 ./Drivers/STM32F4xx_HAL_Driver/Src/stm32f4xx_hal_dma.o
                                      0xd5cb1 (size before relaxing)
 .debug_str     0x00000000000dce60      0x15a ./Drivers/STM32F4xx_HAL_Driver/Src/stm32f4xx_hal_gpio.o
                                      0xd5a2e (size before relaxing)
 .debug_str     0x00000000000dcfba      0xaae ./Drivers/STM32F4xx_HAL_Driver/Src/stm32f4xx_hal_i2c.o
                                      0xd6809 (size before relaxing)
 .debug_str     0x00000000000dda68      0x24e ./Drivers/STM32F4xx_HAL_Driver/Src/stm32f4xx_hal_rcc.o
                                      0xd5c89 (size before relaxing)
 .debug_str     0x00000000000ddcb6      0x55f ./Drivers/STM32F4xx_HAL_Driver/Src/stm32f4xx_hal_spi.o
                                      0xd612b (size before relaxing)
 .debug_str     0x00000000000de215      0x1ae ./Drivers/STM32F4xx_HAL_Driver/Src/stm32f4xx_hal_sram.o
                                      0xd5da1 (size before relaxing)
 .debug_str     0x00000000000de3c3      0xd5a ./Drivers/STM32F4xx_HAL_Driver/Src/stm32f4xx_hal_tim.o
                                      0xd6bb6 (size before relaxing)
 .debug_str     0x00000000000df11d      0x4ee ./Drivers/STM32F4xx_HAL_Driver/Src/stm32f4xx_hal_tim_ex.o
                                      0xd6367 (size before relaxing)
 .debug_str     0x00000000000df60b      0x5dd ./Drivers/STM32F4xx_HAL_Driver/Src/stm32f4xx_hal_uart.o
                                      0xd620f (size before relaxing)
 .debug_str     0x00000000000dfbe8      0x105 ./Drivers/STM32F4xx_HAL_Driver/Src/stm32f4xx_ll_fsmc.o
                                      0xd5c68 (size before relaxing)

.comment        0x0000000000000000       0x53
 .comment       0x0000000000000000       0x53 ./Core/Src/button.o
                                         0x54 (size before relaxing)
 .comment       0x0000000000000053       0x54 ./Core/Src/buzzer.o
 .comment       0x0000000000000053       0x54 ./Core/Src/ds3231.o
 .comment       0x0000000000000053       0x54 ./Core/Src/lcd.o
 .comment       0x0000000000000053       0x54 ./Core/Src/led_7seg.o
 .comment       0x0000000000000053       0x54 ./Core/Src/light_control.o
 .comment       0x0000000000000053       0x54 ./Core/Src/main.o
 .comment       0x0000000000000053       0x54 ./Core/Src/sensor.o
 .comment       0x0000000000000053       0x54 ./Core/Src/software_timer.o
 .comment       0x0000000000000053       0x54 ./Core/Src/stm32f4xx_hal_msp.o
 .comment       0x0000000000000053       0x54 ./Core/Src/stm32f4xx_it.o
 .comment       0x0000000000000053       0x54 ./Core/Src/system_stm32f4xx.o
 .comment       0x0000000000000053       0x54 ./Core/Src/uart.o
 .comment       0x0000000000000053       0x54 ./Core/Src/utils.o
 .comment       0x0000000000000053       0x54 ./Drivers/STM32F4xx_HAL_Driver/Src/stm32f4xx_hal.o
 .comment       0x0000000000000053       0x54 ./Drivers/STM32F4xx_HAL_Driver/Src/stm32f4xx_hal_adc.o
 .comment       0x0000000000000053       0x54 ./Drivers/STM32F4xx_HAL_Driver/Src/stm32f4xx_hal_cortex.o
 .comment       0x0000000000000053       0x54 ./Drivers/STM32F4xx_HAL_Driver/Src/stm32f4xx_hal_dma.o
 .comment       0x0000000000000053       0x54 ./Drivers/STM32F4xx_HAL_Driver/Src/stm32f4xx_hal_gpio.o
 .comment       0x0000000000000053       0x54 ./Drivers/STM32F4xx_HAL_Driver/Src/stm32f4xx_hal_i2c.o
 .comment       0x0000000000000053       0x54 ./Drivers/STM32F4xx_HAL_Driver/Src/stm32f4xx_hal_rcc.o
 .comment       0x0000000000000053       0x54 ./Drivers/STM32F4xx_HAL_Driver/Src/stm32f4xx_hal_spi.o
 .comment       0x0000000000000053       0x54 ./Drivers/STM32F4xx_HAL_Driver/Src/stm32f4xx_hal_sram.o
 .comment       0x0000000000000053       0x54 ./Drivers/STM32F4xx_HAL_Driver/Src/stm32f4xx_hal_tim.o
 .comment       0x0000000000000053       0x54 ./Drivers/STM32F4xx_HAL_Driver/Src/stm32f4xx_hal_tim_ex.o
 .comment       0x0000000000000053       0x54 ./Drivers/STM32F4xx_HAL_Driver/Src/stm32f4xx_hal_uart.o
 .comment       0x0000000000000053       0x54 ./Drivers/STM32F4xx_HAL_Driver/Src/stm32f4xx_ll_fsmc.o

.debug_frame    0x0000000000000000     0x5e20
 .debug_frame   0x0000000000000000       0x50 ./Core/Src/button.o
 .debug_frame   0x0000000000000050       0x54 ./Core/Src/buzzer.o
 .debug_frame   0x00000000000000a4       0x74 ./Core/Src/ds3231.o
 .debug_frame   0x0000000000000118      0x394 ./Core/Src/lcd.o
 .debug_frame   0x00000000000004ac       0xe8 ./Core/Src/led_7seg.o
 .debug_frame   0x0000000000000594       0x50 ./Core/Src/light_control.o
 .debug_frame   0x00000000000005e4      0x388 ./Core/Src/main.o
 .debug_frame   0x000000000000096c       0xe0 ./Core/Src/sensor.o
 .debug_frame   0x0000000000000a4c       0xbc ./Core/Src/software_timer.o
 .debug_frame   0x0000000000000b08      0x24c ./Core/Src/stm32f4xx_hal_msp.o
 .debug_frame   0x0000000000000d54      0x174 ./Core/Src/stm32f4xx_it.o
 .debug_frame   0x0000000000000ec8       0x58 ./Core/Src/system_stm32f4xx.o
 .debug_frame   0x0000000000000f20      0x13c ./Core/Src/uart.o
 .debug_frame   0x000000000000105c       0x60 ./Core/Src/utils.o
 .debug_frame   0x00000000000010bc      0x374 ./Drivers/STM32F4xx_HAL_Driver/Src/stm32f4xx_hal.o
 .debug_frame   0x0000000000001430      0x3fc ./Drivers/STM32F4xx_HAL_Driver/Src/stm32f4xx_hal_adc.o
 .debug_frame   0x000000000000182c      0x498 ./Drivers/STM32F4xx_HAL_Driver/Src/stm32f4xx_hal_cortex.o
 .debug_frame   0x0000000000001cc4      0x250 ./Drivers/STM32F4xx_HAL_Driver/Src/stm32f4xx_hal_dma.o
 .debug_frame   0x0000000000001f14      0x14c ./Drivers/STM32F4xx_HAL_Driver/Src/stm32f4xx_hal_gpio.o
 .debug_frame   0x0000000000002060      0xc5c ./Drivers/STM32F4xx_HAL_Driver/Src/stm32f4xx_hal_i2c.o
 .debug_frame   0x0000000000002cbc      0x1f0 ./Drivers/STM32F4xx_HAL_Driver/Src/stm32f4xx_hal_rcc.o
 .debug_frame   0x0000000000002eac      0x824 ./Drivers/STM32F4xx_HAL_Driver/Src/stm32f4xx_hal_spi.o
 .debug_frame   0x00000000000036d0      0x2a0 ./Drivers/STM32F4xx_HAL_Driver/Src/stm32f4xx_hal_sram.o
 .debug_frame   0x0000000000003970     0x11c4 ./Drivers/STM32F4xx_HAL_Driver/Src/stm32f4xx_hal_tim.o
 .debug_frame   0x0000000000004b34      0x638 ./Drivers/STM32F4xx_HAL_Driver/Src/stm32f4xx_hal_tim_ex.o
 .debug_frame   0x000000000000516c      0x92c ./Drivers/STM32F4xx_HAL_Driver/Src/stm32f4xx_hal_uart.o
 .debug_frame   0x0000000000005a98      0x2dc ./Drivers/STM32F4xx_HAL_Driver/Src/stm32f4xx_ll_fsmc.o
 .debug_frame   0x0000000000005d74       0x2c c:/st/stm32cubeide_1.7.0/stm32cubeide/plugins/com.st.stm32cube.ide.mcu.externaltools.gnu-tools-for-stm32.9-2020-q2-update.win32_2.0.0.202105311346/tools/bin/../lib/gcc/arm-none-eabi/9.3.1/../../../../arm-none-eabi/lib/thumb/v7e-m+fp/hard\libc_nano.a(lib_a-init.o)
 .debug_frame   0x0000000000005da0       0x20 c:/st/stm32cubeide_1.7.0/stm32cubeide/plugins/com.st.stm32cube.ide.mcu.externaltools.gnu-tools-for-stm32.9-2020-q2-update.win32_2.0.0.202105311346/tools/bin/../lib/gcc/arm-none-eabi/9.3.1/../../../../arm-none-eabi/lib/thumb/v7e-m+fp/hard\libc_nano.a(lib_a-memset.o)
 .debug_frame   0x0000000000005dc0       0x2c c:/st/stm32cubeide_1.7.0/stm32cubeide/plugins/com.st.stm32cube.ide.mcu.externaltools.gnu-tools-for-stm32.9-2020-q2-update.win32_2.0.0.202105311346/tools/bin/../lib/gcc/arm-none-eabi/9.3.1/thumb/v7e-m+fp/hard\libgcc.a(_aeabi_uldivmod.o)
 .debug_frame   0x0000000000005dec       0x34 c:/st/stm32cubeide_1.7.0/stm32cubeide/plugins/com.st.stm32cube.ide.mcu.externaltools.gnu-tools-for-stm32.9-2020-q2-update.win32_2.0.0.202105311346/tools/bin/../lib/gcc/arm-none-eabi/9.3.1/thumb/v7e-m+fp/hard\libgcc.a(_udivmoddi4.o)
