Archive member included to satisfy reference by file (symbol)

c:/st/stm32cubeide_1.7.0/stm32cubeide/plugins/com.st.stm32cube.ide.mcu.externaltools.gnu-tools-for-stm32.9-2020-q2-update.win32_2.0.0.202105311346/tools/bin/../lib/gcc/arm-none-eabi/9.3.1/../../../../arm-none-eabi/lib/thumb/v7e-m+fp/hard\libc_nano.a(lib_a-errno.o)
                              ./Core/Src/syscalls.o (__errno)
c:/st/stm32cubeide_1.7.0/stm32cubeide/plugins/com.st.stm32cube.ide.mcu.externaltools.gnu-tools-for-stm32.9-2020-q2-update.win32_2.0.0.202105311346/tools/bin/../lib/gcc/arm-none-eabi/9.3.1/../../../../arm-none-eabi/lib/thumb/v7e-m+fp/hard\libc_nano.a(lib_a-exit.o)
                              c:/st/stm32cubeide_1.7.0/stm32cubeide/plugins/com.st.stm32cube.ide.mcu.externaltools.gnu-tools-for-stm32.9-2020-q2-update.win32_2.0.0.202105311346/tools/bin/../lib/gcc/arm-none-eabi/9.3.1/../../../../arm-none-eabi/lib/thumb/v7e-m+fp/hard/crt0.o (exit)
c:/st/stm32cubeide_1.7.0/stm32cubeide/plugins/com.st.stm32cube.ide.mcu.externaltools.gnu-tools-for-stm32.9-2020-q2-update.win32_2.0.0.202105311346/tools/bin/../lib/gcc/arm-none-eabi/9.3.1/../../../../arm-none-eabi/lib/thumb/v7e-m+fp/hard\libc_nano.a(lib_a-impure.o)
                              c:/st/stm32cubeide_1.7.0/stm32cubeide/plugins/com.st.stm32cube.ide.mcu.externaltools.gnu-tools-for-stm32.9-2020-q2-update.win32_2.0.0.202105311346/tools/bin/../lib/gcc/arm-none-eabi/9.3.1/../../../../arm-none-eabi/lib/thumb/v7e-m+fp/hard\libc_nano.a(lib_a-exit.o) (_global_impure_ptr)
c:/st/stm32cubeide_1.7.0/stm32cubeide/plugins/com.st.stm32cube.ide.mcu.externaltools.gnu-tools-for-stm32.9-2020-q2-update.win32_2.0.0.202105311346/tools/bin/../lib/gcc/arm-none-eabi/9.3.1/../../../../arm-none-eabi/lib/thumb/v7e-m+fp/hard\libc_nano.a(lib_a-init.o)
                              c:/st/stm32cubeide_1.7.0/stm32cubeide/plugins/com.st.stm32cube.ide.mcu.externaltools.gnu-tools-for-stm32.9-2020-q2-update.win32_2.0.0.202105311346/tools/bin/../lib/gcc/arm-none-eabi/9.3.1/../../../../arm-none-eabi/lib/thumb/v7e-m+fp/hard/crt0.o (__libc_init_array)
c:/st/stm32cubeide_1.7.0/stm32cubeide/plugins/com.st.stm32cube.ide.mcu.externaltools.gnu-tools-for-stm32.9-2020-q2-update.win32_2.0.0.202105311346/tools/bin/../lib/gcc/arm-none-eabi/9.3.1/../../../../arm-none-eabi/lib/thumb/v7e-m+fp/hard\libc_nano.a(lib_a-memset.o)
                              c:/st/stm32cubeide_1.7.0/stm32cubeide/plugins/com.st.stm32cube.ide.mcu.externaltools.gnu-tools-for-stm32.9-2020-q2-update.win32_2.0.0.202105311346/tools/bin/../lib/gcc/arm-none-eabi/9.3.1/../../../../arm-none-eabi/lib/thumb/v7e-m+fp/hard/crt0.o (memset)
c:/st/stm32cubeide_1.7.0/stm32cubeide/plugins/com.st.stm32cube.ide.mcu.externaltools.gnu-tools-for-stm32.9-2020-q2-update.win32_2.0.0.202105311346/tools/bin/../lib/gcc/arm-none-eabi/9.3.1/../../../../arm-none-eabi/lib/thumb/v7e-m+fp/hard\libc_nano.a(lib_a-sprintf.o)
                              ./Core/Src/uart.o (sprintf)
c:/st/stm32cubeide_1.7.0/stm32cubeide/plugins/com.st.stm32cube.ide.mcu.externaltools.gnu-tools-for-stm32.9-2020-q2-update.win32_2.0.0.202105311346/tools/bin/../lib/gcc/arm-none-eabi/9.3.1/../../../../arm-none-eabi/lib/thumb/v7e-m+fp/hard\libc_nano.a(lib_a-strlen.o)
                              ./Core/Src/lcd.o (strlen)
c:/st/stm32cubeide_1.7.0/stm32cubeide/plugins/com.st.stm32cube.ide.mcu.externaltools.gnu-tools-for-stm32.9-2020-q2-update.win32_2.0.0.202105311346/tools/bin/../lib/gcc/arm-none-eabi/9.3.1/../../../../arm-none-eabi/lib/thumb/v7e-m+fp/hard\libc_nano.a(lib_a-nano-svfprintf.o)
                              c:/st/stm32cubeide_1.7.0/stm32cubeide/plugins/com.st.stm32cube.ide.mcu.externaltools.gnu-tools-for-stm32.9-2020-q2-update.win32_2.0.0.202105311346/tools/bin/../lib/gcc/arm-none-eabi/9.3.1/../../../../arm-none-eabi/lib/thumb/v7e-m+fp/hard\libc_nano.a(lib_a-sprintf.o) (_svfprintf_r)
c:/st/stm32cubeide_1.7.0/stm32cubeide/plugins/com.st.stm32cube.ide.mcu.externaltools.gnu-tools-for-stm32.9-2020-q2-update.win32_2.0.0.202105311346/tools/bin/../lib/gcc/arm-none-eabi/9.3.1/../../../../arm-none-eabi/lib/thumb/v7e-m+fp/hard\libc_nano.a(lib_a-nano-vfprintf_i.o)
                              c:/st/stm32cubeide_1.7.0/stm32cubeide/plugins/com.st.stm32cube.ide.mcu.externaltools.gnu-tools-for-stm32.9-2020-q2-update.win32_2.0.0.202105311346/tools/bin/../lib/gcc/arm-none-eabi/9.3.1/../../../../arm-none-eabi/lib/thumb/v7e-m+fp/hard\libc_nano.a(lib_a-nano-svfprintf.o) (_printf_i)
c:/st/stm32cubeide_1.7.0/stm32cubeide/plugins/com.st.stm32cube.ide.mcu.externaltools.gnu-tools-for-stm32.9-2020-q2-update.win32_2.0.0.202105311346/tools/bin/../lib/gcc/arm-none-eabi/9.3.1/../../../../arm-none-eabi/lib/thumb/v7e-m+fp/hard\libc_nano.a(lib_a-memchr.o)
[...]
Memory Configuration

Name             Origin             Length             Attributes
CCMRAM           0x0000000010000000 0x0000000000010000 xrw
RAM              0x0000000020000000 0x0000000000020000 xrw
FLASH            0x0000000008000000 0x0000000000100000 xr
*default*        0x0000000000000000 0xffffffffffffffff

Linker script and memory map

LOAD c:/st/stm32cubeide_1.7.0/stm32cubeide/plugins/com.st.stm32cube.ide.mcu.externaltools.gnu-tools-for-stm32.9-2020-q2-update.win32_2.0.0.202105311346/tools/bin/../lib/gcc/arm-none-eabi/9.3.1/thumb/v7e-m+fp/hard/crti.o
LOAD c:/st/stm32cubeide_1.7.0/stm32cubeide/plugins/com.st.stm32cube.ide.mcu.externaltools.gnu-tools-for-stm32.9-2020-q2-update.win32_2.0.0.202105311346/tools/bin/../lib/gcc/arm-none-eabi/9.3.1/thumb/v7e-m+fp/hard/crtbegin.o
LOAD c:/st/stm32cubeide_1.7.0/stm32cubeide/plugins/com.st.stm32cube.ide.mcu.externaltools.gnu-tools-for-stm32.9-2020-q2-update.win32_2.0.0.202105311346/tools/bin/../lib/gcc/arm-none-eabi/9.3.1/../../../../arm-none-eabi/lib/thumb/v7e-m+fp/hard/crt0.o
LOAD ./Core/Src/at24c.o
LOAD ./Core/Src/button.o
LOAD ./Core/Src/buzzer.o
LOAD ./Core/Src/ds3231.o
LOAD ./Core/Src/lcd.o
LOAD ./Core/Src/led_7seg.o
LOAD ./Core/Src/light_control.o
LOAD ./Core/Src/main.o
LOAD ./Core/Src/picture.o
LOAD ./Core/Src/sensor.o
LOAD ./Core/Src/software_timer.o
LOAD ./Core/Src/stm32f4xx_hal_msp.o
LOAD ./Core/Src/stm32f4xx_it.o
LOAD ./Core/Src/syscalls.o
LOAD ./Core/Src/sysmem.o
LOAD ./Core/Src/system_stm32f4xx.o
LOAD ./Core/Src/tim.o
LOAD ./Core/Src/touch.o
LOAD ./Core/Src/uart.o
LOAD ./Core/Src/usart.o
LOAD ./Core/Src/utils.o
LOAD ./Core/Startup/startup_stm32f407zgtx.o
LOAD ./Drivers/STM32F4xx_HAL_Driver/Src/stm32f4xx_hal.o
LOAD ./Drivers/STM32F4xx_HAL_Driver/Src/stm32f4xx_hal_adc.o
LOAD ./Drivers/STM32F4xx_HAL_Driver/Src/stm32f4xx_hal_adc_ex.o
LOAD ./Drivers/STM32F4xx_HAL_Driver/Src/stm32f4xx_hal_cortex.o
LOAD ./Drivers/STM32F4xx_HAL_Driver/Src/stm32f4xx_hal_dma.o
LOAD ./Drivers/STM32F4xx_HAL_Driver/Src/stm32f4xx_hal_dma_ex.o
LOAD ./Drivers/STM32F4xx_HAL_Driver/Src/stm32f4xx_hal_exti.o
LOAD ./Drivers/STM32F4xx_HAL_Driver/Src/stm32f4xx_hal_flash.o
LOAD ./Drivers/STM32F4xx_HAL_Driver/Src/stm32f4xx_hal_flash_ex.o
LOAD ./Drivers/STM32F4xx_HAL_Driver/Src/stm32f4xx_hal_flash_ramfunc.o
LOAD ./Drivers/STM32F4xx_HAL_Driver/Src/stm32f4xx_hal_gpio.o
LOAD ./Drivers/STM32F4xx_HAL_Driver/Src/stm32f4xx_hal_i2c.o
LOAD ./Drivers/STM32F4xx_HAL_Driver/Src/stm32f4xx_hal_i2c_ex.o
LOAD ./Drivers/STM32F4xx_HAL_Driver/Src/stm32f4xx_hal_pwr.o
LOAD ./Drivers/STM32F4xx_HAL_Driver/Src/stm32f4xx_hal_pwr_ex.o
LOAD ./Drivers/STM32F4xx_HAL_Driver/Src/stm32f4xx_hal_rcc.o
LOAD ./Drivers/STM32F4xx_HAL_Driver/Src/stm32f4xx_hal_rcc_ex.o
LOAD ./Drivers/STM32F4xx_HAL_Driver/Src/stm32f4xx_hal_spi.o
LOAD ./Drivers/STM32F4xx_HAL_Driver/Src/stm32f4xx_hal_sram.o
LOAD ./Drivers/STM32F4xx_HAL_Driver/Src/stm32f4xx_hal_tim.o
LOAD ./Drivers/STM32F4xx_HAL_Driver/Src/stm32f4xx_hal_tim_ex.o
LOAD ./Drivers/STM32F4xx_HAL_Driver/Src/stm32f4xx_hal_uart.o
LOAD ./Drivers/STM32F4xx_HAL_Driver/Src/stm32f4xx_ll_adc.o
LOAD ./Drivers/STM32F4xx_HAL_Driver/Src/stm32f4xx_ll_fsmc.o
START GROUP
LOAD c:/st/stm32cubeide_1.7.0/stm32cubeide/plugins/com.st.stm32cube.ide.mcu.externaltools.gnu-tools-for-stm32.9-2020-q2-update.win32_2.0.0.202105311346/tools/bin/../lib/gcc/arm-none-eabi/9.3.1/../../../../arm-none-eabi/lib/thumb/v7e-m+fp/hard\libc_nano.a
LOAD c:/st/stm32cubeide_1.7.0/stm32cubeide/plugins/com.st.stm32cube.ide.mcu.externaltools.gnu-tools-for-stm32.9-2020-q2-update.win32_2.0.0.202105311346/tools/bin/../lib/gcc/arm-none-eabi/9.3.1/../../../../arm-none-eabi/lib/thumb/v7e-m+fp/hard\libm.a
END GROUP
START GROUP
LOAD c:/st/stm32cubeide_1.7.0/stm32cubeide/plugins/com.st.stm32cube.ide.mcu.externaltools.gnu-tools-for-stm32.9-2020-q2-update.win32_2.0.0.202105311346/tools/bin/../lib/gcc/arm-none-eabi/9.3.1/thumb/v7e-m+fp/hard\libgcc.a
LOAD c:/st/stm32cubeide_1.7.0/stm32cubeide/plugins/com.st.stm32cube.ide.mcu.externaltools.gnu-tools-for-stm32.9-2020-q2-update.win32_2.0.0.202105311346/tools/bin/../lib/gcc/arm-none-eabi/9.3.1/../../../../arm-none-eabi/lib/thumb/v7e-m+fp/hard\libc_nano.a
END GROUP
START GROUP
LOAD c:/st/stm32cubeide_1.7.0/stm32cubeide/plugins/com.st.stm32cube.ide.mcu.externaltools.gnu-tools-for-stm32.9-2020-q2-update.win32_2.0.0.202105311346/tools/bin/../lib/gcc/arm-none-eabi/9.3.1/thumb/v7e-m+fp/hard\libgcc.a
LOAD c:/st/stm32cubeide_1.7.0/stm32cubeide/plugins/com.st.stm32cube.ide.mcu.externaltools.gnu-tools-for-stm32.9-2020-q2-update.win32_2.0.0.202105311346/tools/bin/../lib/gcc/arm-none-eabi/9.3.1/../../../../arm-none-eabi/lib/thumb/v7e-m+fp/hard\libc_nano.a
LOAD c:/st/stm32cubeide_1.7.0/stm32cubeide/plugins/com.st.stm32cube.ide.mcu.externaltools.gnu-tools-for-stm32.9-2020-q2-update.win32_2.0.0.202105311346/tools/bin/../lib/gcc/arm-none-eabi/9.3.1/../../../../arm-none-eabi/lib/thumb/v7e-m+fp/hard\libnosys.a
END GROUP
START GROUP
LOAD c:/st/stm32cubeide_1.7.0/stm32cubeide/plugins/com.st.stm32cube.ide.mcu.externaltools.gnu-tools-for-stm32.9-2020-q2-update.win32_2.0.0.202105311346/tools/bin/../lib/gcc/arm-none-eabi/9.3.1/thumb/v7e-m+fp/hard\libgcc.a
LOAD c:/st/stm32cubeide_1.7.0/stm32cubeide/plugins/com.st.stm32cube.ide.mcu.externaltools.gnu-tools-for-stm32.9-2020-q2-update.win32_2.0.0.202105311346/tools/bin/../lib/gcc/arm-none-eabi/9.3.1/../../../../arm-none-eabi/lib/thumb/v7e-m+fp/hard\libc_nano.a
LOAD c:/st/stm32cubeide_1.7.0/stm32cubeide/plugins/com.st.stm32cube.ide.mcu.externaltools.gnu-tools-for-stm32.9-2020-q2-update.win32_2.0.0.202105311346/tools/bin/../lib/gcc/arm-none-eabi/9.3.1/../../../../arm-none-eabi/lib/thumb/v7e-m+fp/hard\libnosys.a
END GROUP
LOAD c:/st/stm32cubeide_1.7.0/stm32cubeide/plugins/com.st.stm32cube.ide.mcu.externaltools.gnu-tools-for-stm32.9-2020-q2-update.win32_2.0.0.202105311346/tools/bin/../lib/gcc/arm-none-eabi/9.3.1/thumb/v7e-m+fp/hard/crtend.o
LOAD c:/st/stm32cubeide_1.7.0/stm32cubeide/plugins/com.st.stm32cube.ide.mcu.externaltools.gnu-tools-for-stm32.9-2020-q2-update.win32_2.0.0.202105311346/tools/bin/../lib/gcc/arm-none-eabi/9.3.1/thumb/v7e-m+fp/hard/crtn.o
                0x0000000020020000                _estack = (ORIGIN (RAM) + LENGTH (RAM))
                0x0000000000000200                _Min_Heap_Size = 0x200
                0x0000000000000400                _Min_Stack_Size = 0x400

.isr_vector     0x0000000008000000      0x188
                0x0000000008000000                . = ALIGN (0x4)
 *(.isr_vector)
 .isr_vector    0x0000000008000000      0x188 ./Core/Startup/startup_stm32f407zgtx.o
                0x0000000008000000                g_pfnVectors
                0x0000000008000188                . = ALIGN (0x4)

.text           0x0000000008000188     0x9c44
                0x0000000008000188                . = ALIGN (0x4)
 *(.text)
 .text          0x0000000008000188       0x40 c:/st/stm32cubeide_1.7.0/stm32cubeide/plugins/com.st.stm32cube.ide.mcu.externaltools.gnu-tools-for-stm32.9-2020-q2-update.win32_2.0.0.202105311346/tools/bin/../lib/gcc/arm-none-eabi/9.3.1/thumb/v7e-m+fp/hard/crtbegin.o
 .text          0x00000000080001c8      0x378 c:/st/stm32cubeide_1.7.0/stm32cubeide/plugins/com.st.stm32cube.ide.mcu.externaltools.gnu-tools-for-stm32.9-2020-q2-update.win32_2.0.0.202105311346/tools/bin/../lib/gcc/arm-none-eabi/9.3.1/thumb/v7e-m+fp/hard\libgcc.a(_arm_addsubdf3.o)
                0x00000000080001c8                __aeabi_drsub
                0x00000000080001d0                __aeabi_dsub
                0x00000000080001d0                __subdf3
                0x00000000080001d4                __aeabi_dadd
                0x00000000080001d4                __adddf3
                0x000000000800044c                __floatunsidf
                0x000000000800044c                __aeabi_ui2d
                0x000000000800046c                __floatsidf
                0x000000000800046c                __aeabi_i2d
                0x0000000008000490                __aeabi_f2d
                0x0000000008000490                __extendsfdf2
                0x00000000080004d4                __floatundidf
                0x00000000080004d4                __aeabi_ul2d
                0x00000000080004e4                __floatdidf
                0x00000000080004e4                __aeabi_l2d
 .text          0x0000000008000540      0x424 c:/st/stm32cubeide_1.7.0/stm32cubeide/plugins/com.st.stm32cube.ide.mcu.externaltools.gnu-tools-for-stm32.9-2020-q2-update.win32_2.0.0.202105311346/tools/bin/../lib/gcc/arm-none-eabi/9.3.1/thumb/v7e-m+fp/hard\libgcc.a(_arm_muldivdf3.o)
                0x0000000008000540                __aeabi_dmul
                0x0000000008000540                __muldf3
                0x0000000008000794                __divdf3
                0x0000000008000794                __aeabi_ddiv
 .text          0x0000000008000964      0x110 c:/st/stm32cubeide_1.7.0/stm32cubeide/plugins/com.st.stm32cube.ide.mcu.externaltools.gnu-tools-for-stm32.9-2020-q2-update.win32_2.0.0.202105311346/tools/bin/../lib/gcc/arm-none-eabi/9.3.1/thumb/v7e-m+fp/hard\libgcc.a(_arm_cmpdf2.o)
                0x0000000008000964                __gtdf2
                0x0000000008000964                __gedf2
                0x000000000800096c                __ltdf2
                0x000000000800096c                __ledf2
                0x0000000008000974                __nedf2
                0x0000000008000974                __eqdf2
                0x0000000008000974                __cmpdf2
                0x00000000080009f0                __aeabi_cdrcmple
                0x0000000008000a00                __aeabi_cdcmpeq
                0x0000000008000a00                __aeabi_cdcmple
                0x0000000008000a10                __aeabi_dcmpeq
                0x0000000008000a24                __aeabi_dcmplt
                0x0000000008000a38                __aeabi_dcmple
                0x0000000008000a4c                __aeabi_dcmpge
                0x0000000008000a60                __aeabi_dcmpgt
 .text          0x0000000008000a74       0x2c c:/st/stm32cubeide_1.7.0/stm32cubeide/plugins/com.st.stm32cube.ide.mcu.externaltools.gnu-tools-for-stm32.9-2020-q2-update.win32_2.0.0.202105311346/tools/bin/../lib/gcc/arm-none-eabi/9.3.1/thumb/v7e-m+fp/hard\libgcc.a(_arm_unorddf2.o)
                0x0000000008000a74                __unorddf2
                0x0000000008000a74                __aeabi_dcmpun
 .text          0x0000000008000aa0       0x40 c:/st/stm32cubeide_1.7.0/stm32cubeide/plugins/com.st.stm32cube.ide.mcu.externaltools.gnu-tools-for-stm32.9-2020-q2-update.win32_2.0.0.202105311346/tools/bin/../lib/gcc/arm-none-eabi/9.3.1/thumb/v7e-m+fp/hard\libgcc.a(_arm_fixunsdfsi.o)
                0x0000000008000aa0                __aeabi_d2uiz
                0x0000000008000aa0                __fixunsdfsi
 .text          0x0000000008000ae0       0x30 c:/st/stm32cubeide_1.7.0/stm32cubeide/plugins/com.st.stm32cube.ide.mcu.externaltools.gnu-tools-for-stm32.9-2020-q2-update.win32_2.0.0.202105311346/tools/bin/../lib/gcc/arm-none-eabi/9.3.1/thumb/v7e-m+fp/hard\libgcc.a(_aeabi_uldivmod.o)
                0x0000000008000ae0                __aeabi_uldivmod
 .text          0x0000000008000b10      0x2c4 c:/st/stm32cubeide_1.7.0/stm32cubeide/plugins/com.st.stm32cube.ide.mcu.externaltools.gnu-tools-for-stm32.9-2020-q2-update.win32_2.0.0.202105311346/tools/bin/../lib/gcc/arm-none-eabi/9.3.1/thumb/v7e-m+fp/hard\libgcc.a(_udivmoddi4.o)
                0x0000000008000b10                __udivmoddi4
 .text          0x0000000008000dd4        0x4 c:/st/stm32cubeide_1.7.0/stm32cubeide/plugins/com.st.stm32cube.ide.mcu.externaltools.gnu-tools-for-stm32.9-2020-q2-update.win32_2.0.0.202105311346/tools/bin/../lib/gcc/arm-none-eabi/9.3.1/thumb/v7e-m+fp/hard\libgcc.a(_dvmd_tls.o)
                0x0000000008000dd4                __aeabi_idiv0
                0x0000000008000dd4                __aeabi_ldiv0
 *(.text*)
 .text.at24c_init
                0x0000000008000dd8        0xc ./Core/Src/at24c.o
                0x0000000008000dd8                at24c_init
 .text.at24c_ReadOneByte
                0x0000000008000de4       0x38 ./Core/Src/at24c.o
                0x0000000008000de4                at24c_ReadOneByte
 .text.at24c_WriteOneByte
                0x0000000008000e1c       0x3c ./Core/Src/at24c.o
                0x0000000008000e1c                at24c_WriteOneByte
 .text.at24c_Check
                0x0000000008000e58       0x46 ./Core/Src/at24c.o
 .text.at24c_Read
                0x0000000008000e9e       0x3e ./Core/Src/at24c.o
                0x0000000008000e9e                at24c_Read
 .text.at24c_Write
                0x0000000008000edc       0x40 ./Core/Src/at24c.o
                0x0000000008000edc                at24c_Write
 .text.button_init
                0x0000000008000f1c       0x18 ./Core/Src/button.o
                0x0000000008000f1c                button_init
 .text.button_Scan
                0x0000000008000f34       0xd8 ./Core/Src/button.o
                0x0000000008000f34                button_Scan
 .text.buzzer_init
                0x000000000800100c       0x14 ./Core/Src/buzzer.o
                0x000000000800100c                buzzer_init
 .text.ds3231_init
                0x0000000008001020       0x88 ./Core/Src/ds3231.o
                0x0000000008001020                ds3231_init
 .text.LCD_WR_REG
                0x00000000080010a8       0x20 ./Core/Src/lcd.o
                0x00000000080010a8                LCD_WR_REG
 .text.LCD_WR_DATA
                0x00000000080010c8       0x20 ./Core/Src/lcd.o
                0x00000000080010c8                LCD_WR_DATA
 .text.LCD_RD_DATA
                0x00000000080010e8       0x24 ./Core/Src/lcd.o
                0x00000000080010e8                LCD_RD_DATA
 .text.lcd_AddressSet
                0x000000000800110c       0x98 ./Core/Src/lcd.o
                0x000000000800110c                lcd_AddressSet
 .text.lcd_Clear
                0x00000000080011a4       0x64 ./Core/Src/lcd.o
                0x00000000080011a4                lcd_Clear
 .text.lcd_Fill
                0x0000000008001208       0x6c ./Core/Src/lcd.o
                0x0000000008001208                lcd_Fill
 .text.lcd_DrawPoint
                0x0000000008001274       0x2e ./Core/Src/lcd.o
                0x0000000008001274                lcd_DrawPoint
 .text.lcd_DrawLine
                0x00000000080012a2      0x108 ./Core/Src/lcd.o
                0x00000000080012a2                lcd_DrawLine
 *fill*         0x00000000080013aa        0x2 
 .text.lcd_ShowChar
                0x00000000080013ac      0x1a0 ./Core/Src/lcd.o
                0x00000000080013ac                lcd_ShowChar
 .text.lcd_SetDir
                0x000000000800154c       0x48 ./Core/Src/lcd.o
                0x000000000800154c                lcd_SetDir
 .text.lcd_init
                0x0000000008001594      0x2c0 ./Core/Src/lcd.o
                0x0000000008001594                lcd_init
 .text._draw_circle_8
                0x0000000008001854      0x116 ./Core/Src/lcd.o
 .text.lcd_DrawCircle
                0x000000000800196a       0xd8 ./Core/Src/lcd.o
                0x000000000800196a                lcd_DrawCircle
 *fill*         0x0000000008001a42        0x2 
 .text.lcd_ShowStr
                0x0000000008001a44       0xc8 ./Core/Src/lcd.o
                0x0000000008001a44                lcd_ShowStr
 .text.led7_init
                0x0000000008001b0c       0x18 ./Core/Src/led_7seg.o
                0x0000000008001b0c                led7_init
 .text.led7_Scan
                0x0000000008001b24      0x118 ./Core/Src/led_7seg.o
                0x0000000008001b24                led7_Scan
 .text.lightProcess
                0x0000000008001c3c       0x6c ./Core/Src/light_control.o
                0x0000000008001c3c                lightProcess
 .text.test_Esp
                0x0000000008001ca8       0x44 ./Core/Src/light_control.o
                0x0000000008001ca8                test_Esp
 .text.main     0x0000000008001cec       0x64 ./Core/Src/main.o
                0x0000000008001cec                main
 .text.SystemClock_Config
                0x0000000008001d50       0xd4 ./Core/Src/main.o
                0x0000000008001d50                SystemClock_Config
 .text.MX_ADC1_Init
                0x0000000008001e24      0x114 ./Core/Src/main.o
 .text.MX_I2C1_Init
                0x0000000008001f38       0x5c ./Core/Src/main.o
 .text.MX_SPI1_Init
                0x0000000008001f94       0x6c ./Core/Src/main.o
 .text.MX_TIM1_Init
                0x0000000008002000       0xa0 ./Core/Src/main.o
 .text.MX_TIM2_Init
                0x00000000080020a0       0x98 ./Core/Src/main.o
 .text.MX_TIM13_Init
                0x0000000008002138       0x9c ./Core/Src/main.o
 .text.MX_USART1_UART_Init
                0x00000000080021d4       0x54 ./Core/Src/main.o
 .text.MX_DMA_Init
                0x0000000008002228       0x40 ./Core/Src/main.o
 .text.MX_GPIO_Init
                0x0000000008002268      0x22c ./Core/Src/main.o
 .text.MX_FSMC_Init
                0x0000000008002494       0xf4 ./Core/Src/main.o
 .text.system_init
                0x0000000008002588       0x58 ./Core/Src/main.o
                0x0000000008002588                system_init
 .text.test_ledDebug
                0x00000000080025e0       0x48 ./Core/Src/main.o
                0x00000000080025e0                test_ledDebug
 .text.Error_Handler
                0x0000000008002628        0xa ./Core/Src/main.o
                0x0000000008002628                Error_Handler
 *fill*         0x0000000008002632        0x2 
 .text.sensor_init
                0x0000000008002634       0x1c ./Core/Src/sensor.o
                0x0000000008002634                sensor_init
 .text.timer_init
                0x0000000008002650       0x14 ./Core/Src/software_timer.o
                0x0000000008002650                timer_init
 .text.setTimer2
                0x0000000008002664       0x38 ./Core/Src/software_timer.o
                0x0000000008002664                setTimer2
 .text.HAL_TIM_PeriodElapsedCallback
                0x000000000800269c       0x54 ./Core/Src/software_timer.o
                0x000000000800269c                HAL_TIM_PeriodElapsedCallback
 .text.delay_us
                0x00000000080026f0       0x34 ./Core/Src/software_timer.o
                0x00000000080026f0                delay_us
 .text.HAL_MspInit
                0x0000000008002724       0x50 ./Core/Src/stm32f4xx_hal_msp.o
                0x0000000008002724                HAL_MspInit
 .text.HAL_ADC_MspInit
                0x0000000008002774      0x128 ./Core/Src/stm32f4xx_hal_msp.o
                0x0000000008002774                HAL_ADC_MspInit
 .text.HAL_I2C_MspInit
                0x000000000800289c       0x90 ./Core/Src/stm32f4xx_hal_msp.o
                0x000000000800289c                HAL_I2C_MspInit
 .text.HAL_SPI_MspInit
                0x000000000800292c       0x90 ./Core/Src/stm32f4xx_hal_msp.o
                0x000000000800292c                HAL_SPI_MspInit
 .text.HAL_TIM_Base_MspInit
                0x00000000080029bc       0xa4 ./Core/Src/stm32f4xx_hal_msp.o
                0x00000000080029bc                HAL_TIM_Base_MspInit
 .text.HAL_TIM_MspPostInit
                0x0000000008002a60       0x74 ./Core/Src/stm32f4xx_hal_msp.o
                0x0000000008002a60                HAL_TIM_MspPostInit
 .text.HAL_UART_MspInit
                0x0000000008002ad4       0xa0 ./Core/Src/stm32f4xx_hal_msp.o
                0x0000000008002ad4                HAL_UART_MspInit
 .text.HAL_FSMC_MspInit
                0x0000000008002b74       0x98 ./Core/Src/stm32f4xx_hal_msp.o
 .text.HAL_SRAM_MspInit
                0x0000000008002c0c       0x14 ./Core/Src/stm32f4xx_hal_msp.o
                0x0000000008002c0c                HAL_SRAM_MspInit
 .text.NMI_Handler
                0x0000000008002c20        0x6 ./Core/Src/stm32f4xx_it.o
                0x0000000008002c20                NMI_Handler
 .text.HardFault_Handler
                0x0000000008002c26        0x6 ./Core/Src/stm32f4xx_it.o
                0x0000000008002c26                HardFault_Handler
 .text.MemManage_Handler
                0x0000000008002c2c        0x6 ./Core/Src/stm32f4xx_it.o
                0x0000000008002c2c                MemManage_Handler
 .text.BusFault_Handler
                0x0000000008002c32        0x6 ./Core/Src/stm32f4xx_it.o
                0x0000000008002c32                BusFault_Handler
 .text.UsageFault_Handler
                0x0000000008002c38        0x6 ./Core/Src/stm32f4xx_it.o
                0x0000000008002c38                UsageFault_Handler
 .text.SVC_Handler
                0x0000000008002c3e        0xe ./Core/Src/stm32f4xx_it.o
                0x0000000008002c3e                SVC_Handler
 .text.DebugMon_Handler
                0x0000000008002c4c        0xe ./Core/Src/stm32f4xx_it.o
                0x0000000008002c4c                DebugMon_Handler
 .text.PendSV_Handler
                0x0000000008002c5a        0xe ./Core/Src/stm32f4xx_it.o
                0x0000000008002c5a                PendSV_Handler
 .text.SysTick_Handler
                0x0000000008002c68        0xc ./Core/Src/stm32f4xx_it.o
                0x0000000008002c68                SysTick_Handler
 .text.TIM2_IRQHandler
                0x0000000008002c74       0x14 ./Core/Src/stm32f4xx_it.o
                0x0000000008002c74                TIM2_IRQHandler
 .text.USART1_IRQHandler
                0x0000000008002c88       0x14 ./Core/Src/stm32f4xx_it.o
                0x0000000008002c88                USART1_IRQHandler
 .text.DMA2_Stream0_IRQHandler
                0x0000000008002c9c       0x14 ./Core/Src/stm32f4xx_it.o
                0x0000000008002c9c                DMA2_Stream0_IRQHandler
 .text.SystemInit
                0x0000000008002cb0       0x24 ./Core/Src/system_stm32f4xx.o
                0x0000000008002cb0                SystemInit
 .text.TP_Write_Byte
                0x0000000008002cd4       0x78 ./Core/Src/touch.o
 .text.TP_Read_AD
                0x0000000008002d4c       0xe0 ./Core/Src/touch.o
 .text.TP_Read_XOY
                0x0000000008002e2c      0x104 ./Core/Src/touch.o
 .text.TP_Read_XY
                0x0000000008002f30       0x44 ./Core/Src/touch.o
 .text.TP_Read_XY2
                0x0000000008002f74       0xc4 ./Core/Src/touch.o
 .text.TP_Drow_Touch_Point
                0x0000000008003038       0xae ./Core/Src/touch.o
 *fill*         0x00000000080030e6        0x2 
 .text.TP_Scan  0x00000000080030e8      0x12c ./Core/Src/touch.o
 .text.TP_Save_Adjdata
                0x0000000008003214       0x20 ./Core/Src/touch.o
 .text.TP_Get_Adjdata
                0x0000000008003234       0x38 ./Core/Src/touch.o
 *fill*         0x000000000800326c        0x4 
 .text.touch_Adjust
                0x0000000008003270      0x7ac ./Core/Src/touch.o
                0x0000000008003270                touch_Adjust
 .text.touch_init
                0x0000000008003a1c       0x20 ./Core/Src/touch.o
                0x0000000008003a1c                touch_init
 .text.uart_init_rs232
                0x0000000008003a3c       0x1c ./Core/Src/uart.o
                0x0000000008003a3c                uart_init_rs232
 .text.uart_init_esp
                0x0000000008003a58       0x28 ./Core/Src/uart.o
                0x0000000008003a58                uart_init_esp
 .text.uart_EspSendBytes
                0x0000000008003a80       0x24 ./Core/Src/uart.o
                0x0000000008003a80                uart_EspSendBytes
 .text.HAL_UART_RxCpltCallback
                0x0000000008003aa4       0x94 ./Core/Src/uart.o
                0x0000000008003aa4                HAL_UART_RxCpltCallback
 .text.uart_EspCheck
                0x0000000008003b38       0x20 ./Core/Src/uart.o
                0x0000000008003b38                uart_EspCheck
 .text.DEC2BCD  0x0000000008003b58       0x48 ./Core/Src/utils.o
                0x0000000008003b58                DEC2BCD
 .text.Reset_Handler
                0x0000000008003ba0       0x50 ./Core/Startup/startup_stm32f407zgtx.o
                0x0000000008003ba0                Reset_Handler
 .text.Default_Handler
                0x0000000008003bf0        0x2 ./Core/Startup/startup_stm32f407zgtx.o
                0x0000000008003bf0                RTC_Alarm_IRQHandler
                0x0000000008003bf0                HASH_RNG_IRQHandler
                0x0000000008003bf0                EXTI2_IRQHandler
                0x0000000008003bf0                TIM8_CC_IRQHandler
                0x0000000008003bf0                TIM1_CC_IRQHandler
                0x0000000008003bf0                DMA2_Stream5_IRQHandler
                0x0000000008003bf0                DMA1_Stream5_IRQHandler
                0x0000000008003bf0                PVD_IRQHandler
                0x0000000008003bf0                SDIO_IRQHandler
                0x0000000008003bf0                TAMP_STAMP_IRQHandler
                0x0000000008003bf0                CAN2_RX1_IRQHandler
                0x0000000008003bf0                EXTI3_IRQHandler
                0x0000000008003bf0                TIM8_TRG_COM_TIM14_IRQHandler
                0x0000000008003bf0                TIM1_UP_TIM10_IRQHandler
                0x0000000008003bf0                TIM8_UP_TIM13_IRQHandler
                0x0000000008003bf0                I2C3_ER_IRQHandler
                0x0000000008003bf0                EXTI0_IRQHandler
                0x0000000008003bf0                I2C2_EV_IRQHandler
                0x0000000008003bf0                DMA1_Stream2_IRQHandler
                0x0000000008003bf0                CAN1_RX0_IRQHandler
                0x0000000008003bf0                FPU_IRQHandler
                0x0000000008003bf0                OTG_HS_WKUP_IRQHandler
                0x0000000008003bf0                CAN2_SCE_IRQHandler
                0x0000000008003bf0                DMA2_Stream2_IRQHandler
                0x0000000008003bf0                SPI1_IRQHandler
                0x0000000008003bf0                TIM6_DAC_IRQHandler
                0x0000000008003bf0                TIM1_BRK_TIM9_IRQHandler
                0x0000000008003bf0                DCMI_IRQHandler
                0x0000000008003bf0                CAN2_RX0_IRQHandler
                0x0000000008003bf0                DMA2_Stream3_IRQHandler
                0x0000000008003bf0                USART6_IRQHandler
                0x0000000008003bf0                USART3_IRQHandler
                0x0000000008003bf0                CAN1_RX1_IRQHandler
                0x0000000008003bf0                UART5_IRQHandler
                0x0000000008003bf0                TIM4_IRQHandler
                0x0000000008003bf0                I2C1_EV_IRQHandler
                0x0000000008003bf0                DMA1_Stream6_IRQHandler
                0x0000000008003bf0                DMA1_Stream1_IRQHandler
                0x0000000008003bf0                UART4_IRQHandler
                0x0000000008003bf0                TIM3_IRQHandler
                0x0000000008003bf0                RCC_IRQHandler
                0x0000000008003bf0                TIM8_BRK_TIM12_IRQHandler
                0x0000000008003bf0                Default_Handler
                0x0000000008003bf0                EXTI15_10_IRQHandler
                0x0000000008003bf0                ADC_IRQHandler
                0x0000000008003bf0                DMA1_Stream7_IRQHandler
                0x0000000008003bf0                TIM7_IRQHandler
                0x0000000008003bf0                CAN2_TX_IRQHandler
                0x0000000008003bf0                TIM5_IRQHandler
                0x0000000008003bf0                DMA2_Stream7_IRQHandler
                0x0000000008003bf0                I2C3_EV_IRQHandler
                0x0000000008003bf0                EXTI9_5_IRQHandler
                0x0000000008003bf0                RTC_WKUP_IRQHandler
                0x0000000008003bf0                ETH_WKUP_IRQHandler
                0x0000000008003bf0                SPI2_IRQHandler
                0x0000000008003bf0                OTG_HS_EP1_IN_IRQHandler
                0x0000000008003bf0                DMA1_Stream0_IRQHandler
                0x0000000008003bf0                CAN1_TX_IRQHandler
                0x0000000008003bf0                EXTI4_IRQHandler
                0x0000000008003bf0                FSMC_IRQHandler
                0x0000000008003bf0                ETH_IRQHandler
                0x0000000008003bf0                OTG_HS_EP1_OUT_IRQHandler
                0x0000000008003bf0                WWDG_IRQHandler
                0x0000000008003bf0                OTG_FS_WKUP_IRQHandler
                0x0000000008003bf0                TIM1_TRG_COM_TIM11_IRQHandler
                0x0000000008003bf0                OTG_HS_IRQHandler
                0x0000000008003bf0                EXTI1_IRQHandler
                0x0000000008003bf0                USART2_IRQHandler
                0x0000000008003bf0                I2C2_ER_IRQHandler
                0x0000000008003bf0                DMA2_Stream1_IRQHandler
                0x0000000008003bf0                CAN1_SCE_IRQHandler
                0x0000000008003bf0                FLASH_IRQHandler
                0x0000000008003bf0                DMA2_Stream4_IRQHandler
                0x0000000008003bf0                OTG_FS_IRQHandler
                0x0000000008003bf0                SPI3_IRQHandler
                0x0000000008003bf0                DMA1_Stream4_IRQHandler
                0x0000000008003bf0                I2C1_ER_IRQHandler
                0x0000000008003bf0                DMA2_Stream6_IRQHandler
                0x0000000008003bf0                DMA1_Stream3_IRQHandler
 *fill*         0x0000000008003bf2        0x2 
 .text.HAL_Init
                0x0000000008003bf4       0x44 ./Drivers/STM32F4xx_HAL_Driver/Src/stm32f4xx_hal.o
                0x0000000008003bf4                HAL_Init
 .text.HAL_InitTick
                0x0000000008003c38       0x60 ./Drivers/STM32F4xx_HAL_Driver/Src/stm32f4xx_hal.o
                0x0000000008003c38                HAL_InitTick
 .text.HAL_IncTick
                0x0000000008003c98       0x28 ./Drivers/STM32F4xx_HAL_Driver/Src/stm32f4xx_hal.o
                0x0000000008003c98                HAL_IncTick
 .text.HAL_GetTick
                0x0000000008003cc0       0x18 ./Drivers/STM32F4xx_HAL_Driver/Src/stm32f4xx_hal.o
                0x0000000008003cc0                HAL_GetTick
 .text.HAL_Delay
                0x0000000008003cd8       0x48 ./Drivers/STM32F4xx_HAL_Driver/Src/stm32f4xx_hal.o
                0x0000000008003cd8                HAL_Delay
 .text.HAL_ADC_Init
                0x0000000008003d20       0x86 ./Drivers/STM32F4xx_HAL_Driver/Src/stm32f4xx_hal_adc.o
                0x0000000008003d20                HAL_ADC_Init
 *fill*         0x0000000008003da6        0x2 
 .text.HAL_ADC_Start_DMA
                0x0000000008003da8      0x220 ./Drivers/STM32F4xx_HAL_Driver/Src/stm32f4xx_hal_adc.o
                0x0000000008003da8                HAL_ADC_Start_DMA
 .text.HAL_ADC_ConvCpltCallback
                0x0000000008003fc8       0x14 ./Drivers/STM32F4xx_HAL_Driver/Src/stm32f4xx_hal_adc.o
                0x0000000008003fc8                HAL_ADC_ConvCpltCallback
 .text.HAL_ADC_ConvHalfCpltCallback
                0x0000000008003fdc       0x14 ./Drivers/STM32F4xx_HAL_Driver/Src/stm32f4xx_hal_adc.o
                0x0000000008003fdc                HAL_ADC_ConvHalfCpltCallback
 .text.HAL_ADC_ErrorCallback
                0x0000000008003ff0       0x14 ./Drivers/STM32F4xx_HAL_Driver/Src/stm32f4xx_hal_adc.o
                0x0000000008003ff0                HAL_ADC_ErrorCallback
 .text.HAL_ADC_ConfigChannel
                0x0000000008004004      0x244 ./Drivers/STM32F4xx_HAL_Driver/Src/stm32f4xx_hal_adc.o
                0x0000000008004004                HAL_ADC_ConfigChannel
 .text.ADC_Init
                0x0000000008004248      0x1f8 ./Drivers/STM32F4xx_HAL_Driver/Src/stm32f4xx_hal_adc.o
 .text.ADC_DMAConvCplt
                0x0000000008004440       0xba ./Drivers/STM32F4xx_HAL_Driver/Src/stm32f4xx_hal_adc.o
 .text.ADC_DMAHalfConvCplt
                0x00000000080044fa       0x1c ./Drivers/STM32F4xx_HAL_Driver/Src/stm32f4xx_hal_adc.o
 .text.ADC_DMAError
                0x0000000008004516       0x2e ./Drivers/STM32F4xx_HAL_Driver/Src/stm32f4xx_hal_adc.o
 .text.__NVIC_SetPriorityGrouping
                0x0000000008004544       0x48 ./Drivers/STM32F4xx_HAL_Driver/Src/stm32f4xx_hal_cortex.o
 .text.__NVIC_GetPriorityGrouping
                0x000000000800458c       0x1c ./Drivers/STM32F4xx_HAL_Driver/Src/stm32f4xx_hal_cortex.o
 .text.__NVIC_EnableIRQ
                0x00000000080045a8       0x3c ./Drivers/STM32F4xx_HAL_Driver/Src/stm32f4xx_hal_cortex.o
 .text.__NVIC_SetPriority
                0x00000000080045e4       0x54 ./Drivers/STM32F4xx_HAL_Driver/Src/stm32f4xx_hal_cortex.o
 .text.NVIC_EncodePriority
                0x0000000008004638       0x66 ./Drivers/STM32F4xx_HAL_Driver/Src/stm32f4xx_hal_cortex.o
 *fill*         0x000000000800469e        0x2 
 .text.SysTick_Config
                0x00000000080046a0       0x44 ./Drivers/STM32F4xx_HAL_Driver/Src/stm32f4xx_hal_cortex.o
 .text.HAL_NVIC_SetPriorityGrouping
                0x00000000080046e4       0x16 ./Drivers/STM32F4xx_HAL_Driver/Src/stm32f4xx_hal_cortex.o
                0x00000000080046e4                HAL_NVIC_SetPriorityGrouping
 .text.HAL_NVIC_SetPriority
                0x00000000080046fa       0x38 ./Drivers/STM32F4xx_HAL_Driver/Src/stm32f4xx_hal_cortex.o
                0x00000000080046fa                HAL_NVIC_SetPriority
 .text.HAL_NVIC_EnableIRQ
                0x0000000008004732       0x1c ./Drivers/STM32F4xx_HAL_Driver/Src/stm32f4xx_hal_cortex.o
                0x0000000008004732                HAL_NVIC_EnableIRQ
 .text.HAL_SYSTICK_Config
                0x000000000800474e       0x18 ./Drivers/STM32F4xx_HAL_Driver/Src/stm32f4xx_hal_cortex.o
                0x000000000800474e                HAL_SYSTICK_Config
 *fill*         0x0000000008004766        0x2 
 .text.HAL_DMA_Init
                0x0000000008004768      0x15c ./Drivers/STM32F4xx_HAL_Driver/Src/stm32f4xx_hal_dma.o
                0x0000000008004768                HAL_DMA_Init
 .text.HAL_DMA_Start_IT
                0x00000000080048c4       0xb0 ./Drivers/STM32F4xx_HAL_Driver/Src/stm32f4xx_hal_dma.o
                0x00000000080048c4                HAL_DMA_Start_IT
 .text.HAL_DMA_Abort
                0x0000000008004974       0xe0 ./Drivers/STM32F4xx_HAL_Driver/Src/stm32f4xx_hal_dma.o
                0x0000000008004974                HAL_DMA_Abort
 .text.HAL_DMA_Abort_IT
                0x0000000008004a54       0x44 ./Drivers/STM32F4xx_HAL_Driver/Src/stm32f4xx_hal_dma.o
                0x0000000008004a54                HAL_DMA_Abort_IT
 .text.HAL_DMA_IRQHandler
                0x0000000008004a98      0x314 ./Drivers/STM32F4xx_HAL_Driver/Src/stm32f4xx_hal_dma.o
                0x0000000008004a98                HAL_DMA_IRQHandler
 .text.DMA_SetConfig
                0x0000000008004dac       0x5c ./Drivers/STM32F4xx_HAL_Driver/Src/stm32f4xx_hal_dma.o
 .text.DMA_CalcBaseAndBitshift
                0x0000000008004e08       0x6c ./Drivers/STM32F4xx_HAL_Driver/Src/stm32f4xx_hal_dma.o
 .text.DMA_CheckFifoParam
                0x0000000008004e74       0xf8 ./Drivers/STM32F4xx_HAL_Driver/Src/stm32f4xx_hal_dma.o
 .text.HAL_GPIO_Init
                0x0000000008004f6c      0x338 ./Drivers/STM32F4xx_HAL_Driver/Src/stm32f4xx_hal_gpio.o
                0x0000000008004f6c                HAL_GPIO_Init
 .text.HAL_GPIO_ReadPin
                0x00000000080052a4       0x30 ./Drivers/STM32F4xx_HAL_Driver/Src/stm32f4xx_hal_gpio.o
                0x00000000080052a4                HAL_GPIO_ReadPin
 .text.HAL_GPIO_WritePin
                0x00000000080052d4       0x32 ./Drivers/STM32F4xx_HAL_Driver/Src/stm32f4xx_hal_gpio.o
                0x00000000080052d4                HAL_GPIO_WritePin
 .text.HAL_GPIO_TogglePin
                0x0000000008005306       0x34 ./Drivers/STM32F4xx_HAL_Driver/Src/stm32f4xx_hal_gpio.o
                0x0000000008005306                HAL_GPIO_TogglePin
 *fill*         0x000000000800533a        0x2 
 .text.HAL_I2C_Init
                0x000000000800533c      0x288 ./Drivers/STM32F4xx_HAL_Driver/Src/stm32f4xx_hal_i2c.o
                0x000000000800533c                HAL_I2C_Init
 .text.HAL_I2C_Mem_Write
                0x00000000080055c4      0x1f4 ./Drivers/STM32F4xx_HAL_Driver/Src/stm32f4xx_hal_i2c.o
                0x00000000080055c4                HAL_I2C_Mem_Write
 .text.HAL_I2C_Mem_Read
                0x00000000080057b8      0x44c ./Drivers/STM32F4xx_HAL_Driver/Src/stm32f4xx_hal_i2c.o
                0x00000000080057b8                HAL_I2C_Mem_Read
 .text.HAL_I2C_IsDeviceReady
                0x0000000008005c04      0x25c ./Drivers/STM32F4xx_HAL_Driver/Src/stm32f4xx_hal_i2c.o
                0x0000000008005c04                HAL_I2C_IsDeviceReady
 .text.I2C_RequestMemoryWrite
                0x0000000008005e60      0x12c ./Drivers/STM32F4xx_HAL_Driver/Src/stm32f4xx_hal_i2c.o
 .text.I2C_RequestMemoryRead
                0x0000000008005f8c      0x1d0 ./Drivers/STM32F4xx_HAL_Driver/Src/stm32f4xx_hal_i2c.o
 .text.I2C_WaitOnFlagUntilTimeout
                0x000000000800615c       0xae ./Drivers/STM32F4xx_HAL_Driver/Src/stm32f4xx_hal_i2c.o
 .text.I2C_WaitOnMasterAddressFlagUntilTimeout
                0x000000000800620a       0xfe ./Drivers/STM32F4xx_HAL_Driver/Src/stm32f4xx_hal_i2c.o
 .text.I2C_WaitOnTXEFlagUntilTimeout
                0x0000000008006308       0x82 ./Drivers/STM32F4xx_HAL_Driver/Src/stm32f4xx_hal_i2c.o
 .text.I2C_WaitOnBTFFlagUntilTimeout
                0x000000000800638a       0x82 ./Drivers/STM32F4xx_HAL_Driver/Src/stm32f4xx_hal_i2c.o
 .text.I2C_WaitOnRXNEFlagUntilTimeout
                0x000000000800640c       0xac ./Drivers/STM32F4xx_HAL_Driver/Src/stm32f4xx_hal_i2c.o
 .text.I2C_IsAcknowledgeFailed
                0x00000000080064b8       0x5e ./Drivers/STM32F4xx_HAL_Driver/Src/stm32f4xx_hal_i2c.o
 *fill*         0x0000000008006516        0x2 
 .text.HAL_RCC_OscConfig
                0x0000000008006518      0x4f0 ./Drivers/STM32F4xx_HAL_Driver/Src/stm32f4xx_hal_rcc.o
                0x0000000008006518                HAL_RCC_OscConfig
 .text.HAL_RCC_ClockConfig
                0x0000000008006a08      0x1cc ./Drivers/STM32F4xx_HAL_Driver/Src/stm32f4xx_hal_rcc.o
                0x0000000008006a08                HAL_RCC_ClockConfig
 .text.HAL_RCC_GetSysClockFreq
                0x0000000008006bd4      0x1c4 ./Drivers/STM32F4xx_HAL_Driver/Src/stm32f4xx_hal_rcc.o
                0x0000000008006bd4                HAL_RCC_GetSysClockFreq
 .text.HAL_RCC_GetHCLKFreq
                0x0000000008006d98       0x18 ./Drivers/STM32F4xx_HAL_Driver/Src/stm32f4xx_hal_rcc.o
                0x0000000008006d98                HAL_RCC_GetHCLKFreq
 .text.HAL_RCC_GetPCLK1Freq
                0x0000000008006db0       0x28 ./Drivers/STM32F4xx_HAL_Driver/Src/stm32f4xx_hal_rcc.o
                0x0000000008006db0                HAL_RCC_GetPCLK1Freq
 .text.HAL_RCC_GetPCLK2Freq
                0x0000000008006dd8       0x28 ./Drivers/STM32F4xx_HAL_Driver/Src/stm32f4xx_hal_rcc.o
                0x0000000008006dd8                HAL_RCC_GetPCLK2Freq
 .text.HAL_SPI_Init
                0x0000000008006e00      0x112 ./Drivers/STM32F4xx_HAL_Driver/Src/stm32f4xx_hal_spi.o
                0x0000000008006e00                HAL_SPI_Init
 .text.HAL_SPI_Transmit
                0x0000000008006f12      0x278 ./Drivers/STM32F4xx_HAL_Driver/Src/stm32f4xx_hal_spi.o
                0x0000000008006f12                HAL_SPI_Transmit
 .text.HAL_SPI_Receive
                0x000000000800718a      0x222 ./Drivers/STM32F4xx_HAL_Driver/Src/stm32f4xx_hal_spi.o
                0x000000000800718a                HAL_SPI_Receive
 .text.HAL_SPI_TransmitReceive
                0x00000000080073ac      0x344 ./Drivers/STM32F4xx_HAL_Driver/Src/stm32f4xx_hal_spi.o
                0x00000000080073ac                HAL_SPI_TransmitReceive
 .text.SPI_WaitFlagStateUntilTimeout
                0x00000000080076f0      0x110 ./Drivers/STM32F4xx_HAL_Driver/Src/stm32f4xx_hal_spi.o
 .text.SPI_EndRxTransaction
                0x0000000008007800       0xca ./Drivers/STM32F4xx_HAL_Driver/Src/stm32f4xx_hal_spi.o
 *fill*         0x00000000080078ca        0x2 
 .text.SPI_EndRxTxTransaction
                0x00000000080078cc       0x84 ./Drivers/STM32F4xx_HAL_Driver/Src/stm32f4xx_hal_spi.o
 .text.HAL_SRAM_Init
                0x0000000008007950       0x88 ./Drivers/STM32F4xx_HAL_Driver/Src/stm32f4xx_hal_sram.o
                0x0000000008007950                HAL_SRAM_Init
 .text.HAL_TIM_Base_Init
                0x00000000080079d8       0x9e ./Drivers/STM32F4xx_HAL_Driver/Src/stm32f4xx_hal_tim.o
                0x00000000080079d8                HAL_TIM_Base_Init
 *fill*         0x0000000008007a76        0x2 
 .text.HAL_TIM_Base_Start_IT
                0x0000000008007a78       0xe0 ./Drivers/STM32F4xx_HAL_Driver/Src/stm32f4xx_hal_tim.o
                0x0000000008007a78                HAL_TIM_Base_Start_IT
 .text.HAL_TIM_PWM_Init
                0x0000000008007b58       0x9e ./Drivers/STM32F4xx_HAL_Driver/Src/stm32f4xx_hal_tim.o
                0x0000000008007b58                HAL_TIM_PWM_Init
 .text.HAL_TIM_PWM_MspInit
                0x0000000008007bf6       0x14 ./Drivers/STM32F4xx_HAL_Driver/Src/stm32f4xx_hal_tim.o
                0x0000000008007bf6                HAL_TIM_PWM_MspInit
 *fill*         0x0000000008007c0a        0x2 
 .text.HAL_TIM_PWM_Start
                0x0000000008007c0c      0x190 ./Drivers/STM32F4xx_HAL_Driver/Src/stm32f4xx_hal_tim.o
                0x0000000008007c0c                HAL_TIM_PWM_Start
 .text.HAL_TIM_IRQHandler
                0x0000000008007d9c      0x210 ./Drivers/STM32F4xx_HAL_Driver/Src/stm32f4xx_hal_tim.o
                0x0000000008007d9c                HAL_TIM_IRQHandler
 .text.HAL_TIM_PWM_ConfigChannel
                0x0000000008007fac      0x184 ./Drivers/STM32F4xx_HAL_Driver/Src/stm32f4xx_hal_tim.o
                0x0000000008007fac                HAL_TIM_PWM_ConfigChannel
 .text.HAL_TIM_ConfigClockSource
                0x0000000008008130      0x18e ./Drivers/STM32F4xx_HAL_Driver/Src/stm32f4xx_hal_tim.o
                0x0000000008008130                HAL_TIM_ConfigClockSource
 .text.HAL_TIM_OC_DelayElapsedCallback
                0x00000000080082be       0x14 ./Drivers/STM32F4xx_HAL_Driver/Src/stm32f4xx_hal_tim.o
                0x00000000080082be                HAL_TIM_OC_DelayElapsedCallback
 .text.HAL_TIM_IC_CaptureCallback
                0x00000000080082d2       0x14 ./Drivers/STM32F4xx_HAL_Driver/Src/stm32f4xx_hal_tim.o
                0x00000000080082d2                HAL_TIM_IC_CaptureCallback
 .text.HAL_TIM_PWM_PulseFinishedCallback
                0x00000000080082e6       0x14 ./Drivers/STM32F4xx_HAL_Driver/Src/stm32f4xx_hal_tim.o
                0x00000000080082e6                HAL_TIM_PWM_PulseFinishedCallback
 .text.HAL_TIM_TriggerCallback
                0x00000000080082fa       0x14 ./Drivers/STM32F4xx_HAL_Driver/Src/stm32f4xx_hal_tim.o
                0x00000000080082fa                HAL_TIM_TriggerCallback
 *fill*         0x000000000800830e        0x2 
 .text.TIM_Base_SetConfig
                0x0000000008008310      0x140 ./Drivers/STM32F4xx_HAL_Driver/Src/stm32f4xx_hal_tim.o
                0x0000000008008310                TIM_Base_SetConfig
 .text.TIM_OC1_SetConfig
                0x0000000008008450       0xe0 ./Drivers/STM32F4xx_HAL_Driver/Src/stm32f4xx_hal_tim.o
 .text.TIM_OC2_SetConfig
                0x0000000008008530       0xec ./Drivers/STM32F4xx_HAL_Driver/Src/stm32f4xx_hal_tim.o
                0x0000000008008530                TIM_OC2_SetConfig
 .text.TIM_OC3_SetConfig
                0x000000000800861c       0xe8 ./Drivers/STM32F4xx_HAL_Driver/Src/stm32f4xx_hal_tim.o
 .text.TIM_OC4_SetConfig
                0x0000000008008704       0xac ./Drivers/STM32F4xx_HAL_Driver/Src/stm32f4xx_hal_tim.o
 .text.TIM_TI1_ConfigInputStage
                0x00000000080087b0       0x5e ./Drivers/STM32F4xx_HAL_Driver/Src/stm32f4xx_hal_tim.o
 .text.TIM_TI2_ConfigInputStage
                0x000000000800880e       0x60 ./Drivers/STM32F4xx_HAL_Driver/Src/stm32f4xx_hal_tim.o
 .text.TIM_ITRx_SetConfig
                0x000000000800886e       0x36 ./Drivers/STM32F4xx_HAL_Driver/Src/stm32f4xx_hal_tim.o
 .text.TIM_ETR_SetConfig
                0x00000000080088a4       0x40 ./Drivers/STM32F4xx_HAL_Driver/Src/stm32f4xx_hal_tim.o
                0x00000000080088a4                TIM_ETR_SetConfig
 .text.TIM_CCxChannelCmd
                0x00000000080088e4       0x4a ./Drivers/STM32F4xx_HAL_Driver/Src/stm32f4xx_hal_tim.o
                0x00000000080088e4                TIM_CCxChannelCmd
 *fill*         0x000000000800892e        0x2 
 .text.HAL_TIMEx_MasterConfigSynchronization
                0x0000000008008930       0xf8 ./Drivers/STM32F4xx_HAL_Driver/Src/stm32f4xx_hal_tim_ex.o
                0x0000000008008930                HAL_TIMEx_MasterConfigSynchronization
 .text.HAL_TIMEx_CommutCallback
                0x0000000008008a28       0x14 ./Drivers/STM32F4xx_HAL_Driver/Src/stm32f4xx_hal_tim_ex.o
                0x0000000008008a28                HAL_TIMEx_CommutCallback
 .text.HAL_TIMEx_BreakCallback
                0x0000000008008a3c       0x14 ./Drivers/STM32F4xx_HAL_Driver/Src/stm32f4xx_hal_tim_ex.o
                0x0000000008008a3c                HAL_TIMEx_BreakCallback
 .text.HAL_UART_Init
                0x0000000008008a50       0x9a ./Drivers/STM32F4xx_HAL_Driver/Src/stm32f4xx_hal_uart.o
                0x0000000008008a50                HAL_UART_Init
 .text.HAL_UART_Transmit
                0x0000000008008aea      0x124 ./Drivers/STM32F4xx_HAL_Driver/Src/stm32f4xx_hal_uart.o
                0x0000000008008aea                HAL_UART_Transmit
 .text.HAL_UART_Receive_IT
                0x0000000008008c0e       0x60 ./Drivers/STM32F4xx_HAL_Driver/Src/stm32f4xx_hal_uart.o
                0x0000000008008c0e                HAL_UART_Receive_IT
 *fill*         0x0000000008008c6e        0x2 
 .text.HAL_UART_IRQHandler
                0x0000000008008c70      0x51c ./Drivers/STM32F4xx_HAL_Driver/Src/stm32f4xx_hal_uart.o
                0x0000000008008c70                HAL_UART_IRQHandler
 .text.HAL_UART_TxCpltCallback
                0x000000000800918c       0x14 ./Drivers/STM32F4xx_HAL_Driver/Src/stm32f4xx_hal_uart.o
                0x000000000800918c                HAL_UART_TxCpltCallback
 .text.HAL_UART_ErrorCallback
                0x00000000080091a0       0x14 ./Drivers/STM32F4xx_HAL_Driver/Src/stm32f4xx_hal_uart.o
                0x00000000080091a0                HAL_UART_ErrorCallback
 .text.HAL_UARTEx_RxEventCallback
                0x00000000080091b4       0x18 ./Drivers/STM32F4xx_HAL_Driver/Src/stm32f4xx_hal_uart.o
                0x00000000080091b4                HAL_UARTEx_RxEventCallback
 .text.UART_WaitOnFlagUntilTimeout
                0x00000000080091cc       0xdc ./Drivers/STM32F4xx_HAL_Driver/Src/stm32f4xx_hal_uart.o
 .text.UART_Start_Receive_IT
                0x00000000080092a8       0x74 ./Drivers/STM32F4xx_HAL_Driver/Src/stm32f4xx_hal_uart.o
                0x00000000080092a8                UART_Start_Receive_IT
 .text.UART_EndRxTransfer
                0x000000000800931c       0xc6 ./Drivers/STM32F4xx_HAL_Driver/Src/stm32f4xx_hal_uart.o
 .text.UART_DMAAbortOnError
                0x00000000080093e2       0x28 ./Drivers/STM32F4xx_HAL_Driver/Src/stm32f4xx_hal_uart.o
 .text.UART_Transmit_IT
                0x000000000800940a       0xa0 ./Drivers/STM32F4xx_HAL_Driver/Src/stm32f4xx_hal_uart.o
 .text.UART_EndTransmit_IT
                0x00000000080094aa       0x30 ./Drivers/STM32F4xx_HAL_Driver/Src/stm32f4xx_hal_uart.o
 .text.UART_Receive_IT
                0x00000000080094da      0x176 ./Drivers/STM32F4xx_HAL_Driver/Src/stm32f4xx_hal_uart.o
 .text.UART_SetConfig
                0x0000000008009650      0x390 ./Drivers/STM32F4xx_HAL_Driver/Src/stm32f4xx_hal_uart.o
 .text.FSMC_NORSRAM_Init
                0x00000000080099e0       0xa4 ./Drivers/STM32F4xx_HAL_Driver/Src/stm32f4xx_ll_fsmc.o
                0x00000000080099e0                FSMC_NORSRAM_Init
 .text.FSMC_NORSRAM_Timing_Init
                0x0000000008009a84       0x7a ./Drivers/STM32F4xx_HAL_Driver/Src/stm32f4xx_ll_fsmc.o
                0x0000000008009a84                FSMC_NORSRAM_Timing_Init
 *fill*         0x0000000008009afe        0x2 
 .text.FSMC_NORSRAM_Extended_Timing_Init
                0x0000000008009b00       0x80 ./Drivers/STM32F4xx_HAL_Driver/Src/stm32f4xx_ll_fsmc.o
                0x0000000008009b00                FSMC_NORSRAM_Extended_Timing_Init
 .text.__errno  0x0000000008009b80        0xc c:/st/stm32cubeide_1.7.0/stm32cubeide/plugins/com.st.stm32cube.ide.mcu.externaltools.gnu-tools-for-stm32.9-2020-q2-update.win32_2.0.0.202105311346/tools/bin/../lib/gcc/arm-none-eabi/9.3.1/../../../../arm-none-eabi/lib/thumb/v7e-m+fp/hard\libc_nano.a(lib_a-errno.o)
                0x0000000008009b80                __errno
 .text.__libc_init_array
                0x0000000008009b8c       0x48 c:/st/stm32cubeide_1.7.0/stm32cubeide/plugins/com.st.stm32cube.ide.mcu.externaltools.gnu-tools-for-stm32.9-2020-q2-update.win32_2.0.0.202105311346/tools/bin/../lib/gcc/arm-none-eabi/9.3.1/../../../../arm-none-eabi/lib/thumb/v7e-m+fp/hard\libc_nano.a(lib_a-init.o)
                0x0000000008009b8c                __libc_init_array
 .text.memset   0x0000000008009bd4       0x10 c:/st/stm32cubeide_1.7.0/stm32cubeide/plugins/com.st.stm32cube.ide.mcu.externaltools.gnu-tools-for-stm32.9-2020-q2-update.win32_2.0.0.202105311346/tools/bin/../lib/gcc/arm-none-eabi/9.3.1/../../../../arm-none-eabi/lib/thumb/v7e-m+fp/hard\libc_nano.a(lib_a-memset.o)
                0x0000000008009bd4                memset
 .text.sqrt     0x0000000008009be4       0x68 c:/st/stm32cubeide_1.7.0/stm32cubeide/plugins/com.st.stm32cube.ide.mcu.externaltools.gnu-tools-for-stm32.9-2020-q2-update.win32_2.0.0.202105311346/tools/bin/../lib/gcc/arm-none-eabi/9.3.1/../../../../arm-none-eabi/lib/thumb/v7e-m+fp/hard\libm.a(lib_a-w_sqrt.o)
                0x0000000008009be4                sqrt
 .text.__ieee754_sqrt
                0x0000000008009c4c      0x168 c:/st/stm32cubeide_1.7.0/stm32cubeide/plugins/com.st.stm32cube.ide.mcu.externaltools.gnu-tools-for-stm32.9-2020-q2-update.win32_2.0.0.202105311346/tools/bin/../lib/gcc/arm-none-eabi/9.3.1/../../../../arm-none-eabi/lib/thumb/v7e-m+fp/hard\libm.a(lib_a-e_sqrt.o)
                0x0000000008009c4c                __ieee754_sqrt
 *(.glue_7)
 .glue_7        0x0000000008009db4        0x0 linker stubs
 *(.glue_7t)
 .glue_7t       0x0000000008009db4        0x0 linker stubs
 *(.eh_frame)
 .eh_frame      0x0000000008009db4        0x0 c:/st/stm32cubeide_1.7.0/stm32cubeide/plugins/com.st.stm32cube.ide.mcu.externaltools.gnu-tools-for-stm32.9-2020-q2-update.win32_2.0.0.202105311346/tools/bin/../lib/gcc/arm-none-eabi/9.3.1/thumb/v7e-m+fp/hard/crtbegin.o
 *(.init)
 .init          0x0000000008009db4        0x4 c:/st/stm32cubeide_1.7.0/stm32cubeide/plugins/com.st.stm32cube.ide.mcu.externaltools.gnu-tools-for-stm32.9-2020-q2-update.win32_2.0.0.202105311346/tools/bin/../lib/gcc/arm-none-eabi/9.3.1/thumb/v7e-m+fp/hard/crti.o
                0x0000000008009db4                _init
 .init          0x0000000008009db8        0x8 c:/st/stm32cubeide_1.7.0/stm32cubeide/plugins/com.st.stm32cube.ide.mcu.externaltools.gnu-tools-for-stm32.9-2020-q2-update.win32_2.0.0.202105311346/tools/bin/../lib/gcc/arm-none-eabi/9.3.1/thumb/v7e-m+fp/hard/crtn.o
 *(.fini)
 .fini          0x0000000008009dc0        0x4 c:/st/stm32cubeide_1.7.0/stm32cubeide/plugins/com.st.stm32cube.ide.mcu.externaltools.gnu-tools-for-stm32.9-2020-q2-update.win32_2.0.0.202105311346/tools/bin/../lib/gcc/arm-none-eabi/9.3.1/thumb/v7e-m+fp/hard/crti.o
                0x0000000008009dc0                _fini
 .fini          0x0000000008009dc4        0x8 c:/st/stm32cubeide_1.7.0/stm32cubeide/plugins/com.st.stm32cube.ide.mcu.externaltools.gnu-tools-for-stm32.9-2020-q2-update.win32_2.0.0.202105311346/tools/bin/../lib/gcc/arm-none-eabi/9.3.1/thumb/v7e-m+fp/hard/crtn.o
                0x0000000008009dcc                . = ALIGN (0x4)
                0x0000000008009dcc                _etext = .

.vfp11_veneer   0x0000000008009dcc        0x0
 .vfp11_veneer  0x0000000008009dcc        0x0 linker stubs

.v4_bx          0x0000000008009dcc        0x0
 .v4_bx         0x0000000008009dcc        0x0 linker stubs

.iplt           0x0000000008009dcc        0x0
 .iplt          0x0000000008009dcc        0x0 c:/st/stm32cubeide_1.7.0/stm32cubeide/plugins/com.st.stm32cube.ide.mcu.externaltools.gnu-tools-for-stm32.9-2020-q2-update.win32_2.0.0.202105311346/tools/bin/../lib/gcc/arm-none-eabi/9.3.1/thumb/v7e-m+fp/hard/crtbegin.o

.rodata         0x0000000008009dcc     0x3098
                0x0000000008009dcc                . = ALIGN (0x4)
 *(.rodata)
 .rodata        0x0000000008009dcc       0x18 ./Core/Src/light_control.o
 .rodata        0x0000000008009de4       0xe0 ./Core/Src/touch.o
 *(.rodata*)
 .rodata.ascii_1608
                0x0000000008009ec4      0x5f0 ./Core/Src/lcd.o
                0x0000000008009ec4                ascii_1608
 .rodata.ascii_2412
                0x000000000800a4b4     0x11d0 ./Core/Src/lcd.o
                0x000000000800a4b4                ascii_2412
 .rodata.ascii_3216
                0x000000000800b684     0x17c0 ./Core/Src/lcd.o
                0x000000000800b684                ascii_3216
 .rodata.AHBPrescTable
                0x000000000800ce44       0x10 ./Core/Src/system_stm32f4xx.o
                0x000000000800ce44                AHBPrescTable
 .rodata.APBPrescTable
                0x000000000800ce54        0x8 ./Core/Src/system_stm32f4xx.o
                0x000000000800ce54                APBPrescTable
 .rodata.flagBitshiftOffset.9376
                0x000000000800ce5c        0x8 ./Drivers/STM32F4xx_HAL_Driver/Src/stm32f4xx_hal_dma.o
                0x000000000800ce64                . = ALIGN (0x4)

.ARM.extab      0x000000000800ce64        0x0
                0x000000000800ce64                . = ALIGN (0x4)
 *(.ARM.extab* .gnu.linkonce.armextab.*)
                0x000000000800ce64                . = ALIGN (0x4)

.ARM            0x000000000800ce64        0x8
                0x000000000800ce64                . = ALIGN (0x4)
                0x000000000800ce64                __exidx_start = .
 *(.ARM.exidx*)
 .ARM.exidx     0x000000000800ce64        0x8 c:/st/stm32cubeide_1.7.0/stm32cubeide/plugins/com.st.stm32cube.ide.mcu.externaltools.gnu-tools-for-stm32.9-2020-q2-update.win32_2.0.0.202105311346/tools/bin/../lib/gcc/arm-none-eabi/9.3.1/thumb/v7e-m+fp/hard\libgcc.a(_udivmoddi4.o)
                0x000000000800ce6c                __exidx_end = .
                0x000000000800ce6c                . = ALIGN (0x4)

.rel.dyn        0x000000000800ce6c        0x0
 .rel.iplt      0x000000000800ce6c        0x0 c:/st/stm32cubeide_1.7.0/stm32cubeide/plugins/com.st.stm32cube.ide.mcu.externaltools.gnu-tools-for-stm32.9-2020-q2-update.win32_2.0.0.202105311346/tools/bin/../lib/gcc/arm-none-eabi/9.3.1/thumb/v7e-m+fp/hard/crtbegin.o

.preinit_array  0x000000000800ce6c        0x0
                0x000000000800ce6c                . = ALIGN (0x4)
                0x000000000800ce6c                PROVIDE (__preinit_array_start = .)
 *(.preinit_array*)
                0x000000000800ce6c                PROVIDE (__preinit_array_end = .)
                0x000000000800ce6c                . = ALIGN (0x4)

.init_array     0x000000000800ce6c        0x4
                0x000000000800ce6c                . = ALIGN (0x4)
                0x000000000800ce6c                PROVIDE (__init_array_start = .)
 *(SORT_BY_NAME(.init_array.*))
 *(.init_array*)
 .init_array    0x000000000800ce6c        0x4 c:/st/stm32cubeide_1.7.0/stm32cubeide/plugins/com.st.stm32cube.ide.mcu.externaltools.gnu-tools-for-stm32.9-2020-q2-update.win32_2.0.0.202105311346/tools/bin/../lib/gcc/arm-none-eabi/9.3.1/thumb/v7e-m+fp/hard/crtbegin.o
                0x000000000800ce70                PROVIDE (__init_array_end = .)
                0x000000000800ce70                . = ALIGN (0x4)

.fini_array     0x000000000800ce70        0x4
                0x000000000800ce70                . = ALIGN (0x4)
                [!provide]                        PROVIDE (__fini_array_start = .)
 *(SORT_BY_NAME(.fini_array.*))
 *(.fini_array*)
 .fini_array    0x000000000800ce70        0x4 c:/st/stm32cubeide_1.7.0/stm32cubeide/plugins/com.st.stm32cube.ide.mcu.externaltools.gnu-tools-for-stm32.9-2020-q2-update.win32_2.0.0.202105311346/tools/bin/../lib/gcc/arm-none-eabi/9.3.1/thumb/v7e-m+fp/hard/crtbegin.o
                [!provide]                        PROVIDE (__fini_array_end = .)
                0x000000000800ce74                . = ALIGN (0x4)
                0x000000000800ce74                _sidata = LOADADDR (.data)

.data           0x0000000020000000       0xb4 load address 0x000000000800ce74
                0x0000000020000000                . = ALIGN (0x4)
                0x0000000020000000                _sdata = .
 *(.data)
 *(.data*)
 .data.led7seg  0x0000000020000000        0x4 ./Core/Src/led_7seg.o
                0x0000000020000000                led7seg
 .data.spi_buffer
                0x0000000020000004        0x2 ./Core/Src/led_7seg.o
                0x0000000020000004                spi_buffer
 *fill*         0x0000000020000006        0x2 
 .data.SystemCoreClock
                0x0000000020000008        0x4 ./Core/Src/system_stm32f4xx.o
                0x0000000020000008                SystemCoreClock
 .data.tp_dev   0x000000002000000c       0x34 ./Core/Src/touch.o
                0x000000002000000c                tp_dev
 .data.CMD_RDX  0x0000000020000040        0x1 ./Core/Src/touch.o
                0x0000000020000040                CMD_RDX
 .data.CMD_RDY  0x0000000020000041        0x1 ./Core/Src/touch.o
                0x0000000020000041                CMD_RDY
 *fill*         0x0000000020000042        0x2 
 .data.uwTickPrio
                0x0000000020000044        0x4 ./Drivers/STM32F4xx_HAL_Driver/Src/stm32f4xx_hal.o
                0x0000000020000044                uwTickPrio
 .data.uwTickFreq
                0x0000000020000048        0x1 ./Drivers/STM32F4xx_HAL_Driver/Src/stm32f4xx_hal.o
                0x0000000020000048                uwTickFreq
 *fill*         0x0000000020000049        0x3 
 .data._impure_ptr
                0x000000002000004c        0x4 c:/st/stm32cubeide_1.7.0/stm32cubeide/plugins/com.st.stm32cube.ide.mcu.externaltools.gnu-tools-for-stm32.9-2020-q2-update.win32_2.0.0.202105311346/tools/bin/../lib/gcc/arm-none-eabi/9.3.1/../../../../arm-none-eabi/lib/thumb/v7e-m+fp/hard\libc_nano.a(lib_a-impure.o)
                0x000000002000004c                _impure_ptr
 .data.impure_data
                0x0000000020000050       0x60 c:/st/stm32cubeide_1.7.0/stm32cubeide/plugins/com.st.stm32cube.ide.mcu.externaltools.gnu-tools-for-stm32.9-2020-q2-update.win32_2.0.0.202105311346/tools/bin/../lib/gcc/arm-none-eabi/9.3.1/../../../../arm-none-eabi/lib/thumb/v7e-m+fp/hard\libc_nano.a(lib_a-impure.o)
 .data.__fdlib_version
                0x00000000200000b0        0x1 c:/st/stm32cubeide_1.7.0/stm32cubeide/plugins/com.st.stm32cube.ide.mcu.externaltools.gnu-tools-for-stm32.9-2020-q2-update.win32_2.0.0.202105311346/tools/bin/../lib/gcc/arm-none-eabi/9.3.1/../../../../arm-none-eabi/lib/thumb/v7e-m+fp/hard\libm.a(lib_a-s_lib_ver.o)
                0x00000000200000b0                __fdlib_version
 *(.RamFunc)
 *(.RamFunc*)
                0x00000000200000b4                . = ALIGN (0x4)
 *fill*         0x00000000200000b1        0x3 
                0x00000000200000b4                _edata = .
                0x000000000800cf28                _siccmram = LOADADDR (.ccmram)

.igot.plt       0x00000000200000b4        0x0 load address 0x000000000800cf28
 .igot.plt      0x00000000200000b4        0x0 c:/st/stm32cubeide_1.7.0/stm32cubeide/plugins/com.st.stm32cube.ide.mcu.externaltools.gnu-tools-for-stm32.9-2020-q2-update.win32_2.0.0.202105311346/tools/bin/../lib/gcc/arm-none-eabi/9.3.1/thumb/v7e-m+fp/hard/crtbegin.o

.ccmram         0x0000000010000000        0x0 load address 0x000000000800cf28
                0x0000000010000000                . = ALIGN (0x4)
                0x0000000010000000                _sccmram = .
 *(.ccmram)
 *(.ccmram*)
                0x0000000010000000                . = ALIGN (0x4)
                0x0000000010000000                _eccmram = .
                0x0000000010000000                . = ALIGN (0x4)

.bss            0x00000000200000b4      0x3b4
                0x00000000200000b4                _sbss = .
                0x00000000200000b4                __bss_start__ = _sbss
 *(.bss)
 .bss           0x00000000200000b4       0x1c c:/st/stm32cubeide_1.7.0/stm32cubeide/plugins/com.st.stm32cube.ide.mcu.externaltools.gnu-tools-for-stm32.9-2020-q2-update.win32_2.0.0.202105311346/tools/bin/../lib/gcc/arm-none-eabi/9.3.1/thumb/v7e-m+fp/hard/crtbegin.o
 *(.bss*)
 .bss.spi_button
                0x00000000200000d0        0x2 ./Core/Src/button.o
                0x00000000200000d0                spi_button
 *fill*         0x00000000200000d2        0x2 
 .bss.led7_index
                0x00000000200000d4        0x4 ./Core/Src/led_7seg.o
                0x00000000200000d4                led7_index
 .bss.light_status
                0x00000000200000d8        0x1 ./Core/Src/light_control.o
                0x00000000200000d8                light_status
 .bss.count_LED_debug
                0x00000000200000d9        0x1 ./Core/Src/main.o
                0x00000000200000d9                count_LED_debug
 .bss.flag_timer2
                0x00000000200000da        0x2 ./Core/Src/software_timer.o
                0x00000000200000da                flag_timer2
 .bss.timer2_counter
                0x00000000200000dc        0x2 ./Core/Src/software_timer.o
                0x00000000200000dc                timer2_counter
 .bss.timer2_MUL
                0x00000000200000de        0x2 ./Core/Src/software_timer.o
                0x00000000200000de                timer2_MUL
 .bss.FSMC_Initialized
                0x00000000200000e0        0x4 ./Core/Src/stm32f4xx_hal_msp.o
 .bss.receive_buffer1
                0x00000000200000e4        0x1 ./Core/Src/uart.o
                0x00000000200000e4                receive_buffer1
 .bss.receive_buffer2
                0x00000000200000e5        0x1 ./Core/Src/uart.o
                0x00000000200000e5                receive_buffer2
 .bss.check_esp
                0x00000000200000e6        0x1 ./Core/Src/uart.o
                0x00000000200000e6                check_esp
 *(COMMON)
 *fill*         0x00000000200000e7        0x1 
 COMMON         0x00000000200000e8       0x20 ./Core/Src/button.o
                0x00000000200000e8                button_count
 COMMON         0x0000000020000108        0xf ./Core/Src/ds3231.o
                0x0000000020000108                ds3231_sec
                0x0000000020000109                ds3231_year
                0x000000002000010a                ds3231_min
                0x000000002000010b                ds3231_date
                0x000000002000010c                ds3231_day
                0x000000002000010d                ds3231_hours
                0x000000002000010e                ds3231_month
                0x0000000020000110                ds3231_buffer
 *fill*         0x0000000020000117        0x1 
 COMMON         0x0000000020000118       0x3a ./Core/Src/lcd.o
                0x0000000020000118                lcddev
                0x0000000020000120                s
 *fill*         0x0000000020000152        0x2 
 COMMON         0x0000000020000154      0x2c0 ./Core/Src/main.o
                0x0000000020000154                hi2c1
                0x00000000200001a8                hsram1
                0x00000000200001f8                hadc1
                0x0000000020000240                htim13
                0x0000000020000288                huart1
                0x00000000200002cc                hdma_adc1
                0x000000002000032c                htim1
                0x0000000020000374                hspi1
                0x00000000200003cc                htim2
 COMMON         0x0000000020000414        0xa ./Core/Src/sensor.o
                0x0000000020000414                adc_receive
 *fill*         0x000000002000041e        0x2 
 COMMON         0x0000000020000420       0x44 ./Core/Src/usart.o
                0x0000000020000420                huart2
 COMMON         0x0000000020000464        0x4 ./Drivers/STM32F4xx_HAL_Driver/Src/stm32f4xx_hal.o
                0x0000000020000464                uwTick
                0x0000000020000468                . = ALIGN (0x4)
                0x0000000020000468                _ebss = .
                0x0000000020000468                __bss_end__ = _ebss

._user_heap_stack
                0x0000000020000468      0x600
                0x0000000020000468                . = ALIGN (0x8)
                [!provide]                        PROVIDE (end = .)
                0x0000000020000468                PROVIDE (_end = .)
                0x0000000020000668                . = (. + _Min_Heap_Size)
 *fill*         0x0000000020000468      0x200 
                0x0000000020000a68                . = (. + _Min_Stack_Size)
 *fill*         0x0000000020000668      0x400 
                0x0000000020000a68                . = ALIGN (0x8)

/DISCARD/
 libc.a(*)
 libm.a(*)
 libgcc.a(*)

.ARM.attributes
                0x0000000000000000       0x30
 *(.ARM.attributes)
 .ARM.attributes
                0x0000000000000000       0x1e c:/st/stm32cubeide_1.7.0/stm32cubeide/plugins/com.st.stm32cube.ide.mcu.externaltools.gnu-tools-for-stm32.9-2020-q2-update.win32_2.0.0.202105311346/tools/bin/../lib/gcc/arm-none-eabi/9.3.1/thumb/v7e-m+fp/hard/crti.o
 .ARM.attributes
                0x000000000000001e       0x34 c:/st/stm32cubeide_1.7.0/stm32cubeide/plugins/com.st.stm32cube.ide.mcu.externaltools.gnu-tools-for-stm32.9-2020-q2-update.win32_2.0.0.202105311346/tools/bin/../lib/gcc/arm-none-eabi/9.3.1/thumb/v7e-m+fp/hard/crtbegin.o
 .ARM.attributes
                0x0000000000000052       0x34 ./Core/Src/at24c.o
 .ARM.attributes
                0x0000000000000086       0x34 ./Core/Src/button.o
 .ARM.attributes
                0x00000000000000ba       0x34 ./Core/Src/buzzer.o
 .ARM.attributes
                0x00000000000000ee       0x34 ./Core/Src/ds3231.o
 .ARM.attributes
                0x0000000000000122       0x34 ./Core/Src/lcd.o
 .ARM.attributes
                0x0000000000000156       0x34 ./Core/Src/led_7seg.o
 .ARM.attributes
                0x000000000000018a       0x34 ./Core/Src/light_control.o
 .ARM.attributes
                0x00000000000001be       0x34 ./Core/Src/main.o
 .ARM.attributes
                0x00000000000001f2       0x34 ./Core/Src/sensor.o
 .ARM.attributes
                0x0000000000000226       0x34 ./Core/Src/software_timer.o
 .ARM.attributes
                0x000000000000025a       0x34 ./Core/Src/stm32f4xx_hal_msp.o
 .ARM.attributes
                0x000000000000028e       0x34 ./Core/Src/stm32f4xx_it.o
 .ARM.attributes
                0x00000000000002c2       0x34 ./Core/Src/system_stm32f4xx.o
 .ARM.attributes
                0x00000000000002f6       0x34 ./Core/Src/touch.o
 .ARM.attributes
                0x000000000000032a       0x34 ./Core/Src/uart.o
 .ARM.attributes
                0x000000000000035e       0x39 ./Core/Src/usart.o
 .ARM.attributes
                0x0000000000000397       0x34 ./Core/Src/utils.o
 .ARM.attributes
                0x00000000000003cb       0x21 ./Core/Startup/startup_stm32f407zgtx.o
 .ARM.attributes
                0x00000000000003ec       0x34 ./Drivers/STM32F4xx_HAL_Driver/Src/stm32f4xx_hal.o
 .ARM.attributes
                0x0000000000000420       0x34 ./Drivers/STM32F4xx_HAL_Driver/Src/stm32f4xx_hal_adc.o
 .ARM.attributes
                0x0000000000000454       0x34 ./Drivers/STM32F4xx_HAL_Driver/Src/stm32f4xx_hal_cortex.o
 .ARM.attributes
                0x0000000000000488       0x34 ./Drivers/STM32F4xx_HAL_Driver/Src/stm32f4xx_hal_dma.o
 .ARM.attributes
                0x00000000000004bc       0x34 ./Drivers/STM32F4xx_HAL_Driver/Src/stm32f4xx_hal_gpio.o
 .ARM.attributes
                0x00000000000004f0       0x34 ./Drivers/STM32F4xx_HAL_Driver/Src/stm32f4xx_hal_i2c.o
 .ARM.attributes
                0x0000000000000524       0x34 ./Drivers/STM32F4xx_HAL_Driver/Src/stm32f4xx_hal_rcc.o
 .ARM.attributes
                0x0000000000000558       0x34 ./Drivers/STM32F4xx_HAL_Driver/Src/stm32f4xx_hal_spi.o
 .ARM.attributes
                0x000000000000058c       0x34 ./Drivers/STM32F4xx_HAL_Driver/Src/stm32f4xx_hal_sram.o
 .ARM.attributes
                0x00000000000005c0       0x34 ./Drivers/STM32F4xx_HAL_Driver/Src/stm32f4xx_hal_tim.o
 .ARM.attributes
                0x00000000000005f4       0x34 ./Drivers/STM32F4xx_HAL_Driver/Src/stm32f4xx_hal_tim_ex.o
 .ARM.attributes
                0x0000000000000628       0x34 ./Drivers/STM32F4xx_HAL_Driver/Src/stm32f4xx_hal_uart.o
 .ARM.attributes
                0x000000000000065c       0x34 ./Drivers/STM32F4xx_HAL_Driver/Src/stm32f4xx_ll_fsmc.o
 .ARM.attributes
                0x0000000000000690       0x34 c:/st/stm32cubeide_1.7.0/stm32cubeide/plugins/com.st.stm32cube.ide.mcu.externaltools.gnu-tools-for-stm32.9-2020-q2-update.win32_2.0.0.202105311346/tools/bin/../lib/gcc/arm-none-eabi/9.3.1/../../../../arm-none-eabi/lib/thumb/v7e-m+fp/hard\libc_nano.a(lib_a-errno.o)
 .ARM.attributes
                0x00000000000006c4       0x32 c:/st/stm32cubeide_1.7.0/stm32cubeide/plugins/com.st.stm32cube.ide.mcu.externaltools.gnu-tools-for-stm32.9-2020-q2-update.win32_2.0.0.202105311346/tools/bin/../lib/gcc/arm-none-eabi/9.3.1/../../../../arm-none-eabi/lib/thumb/v7e-m+fp/hard\libc_nano.a(lib_a-impure.o)
 .ARM.attributes
                0x00000000000006f6       0x34 c:/st/stm32cubeide_1.7.0/stm32cubeide/plugins/com.st.stm32cube.ide.mcu.externaltools.gnu-tools-for-stm32.9-2020-q2-update.win32_2.0.0.202105311346/tools/bin/../lib/gcc/arm-none-eabi/9.3.1/../../../../arm-none-eabi/lib/thumb/v7e-m+fp/hard\libc_nano.a(lib_a-init.o)
 .ARM.attributes
                0x000000000000072a       0x34 c:/st/stm32cubeide_1.7.0/stm32cubeide/plugins/com.st.stm32cube.ide.mcu.externaltools.gnu-tools-for-stm32.9-2020-q2-update.win32_2.0.0.202105311346/tools/bin/../lib/gcc/arm-none-eabi/9.3.1/../../../../arm-none-eabi/lib/thumb/v7e-m+fp/hard\libc_nano.a(lib_a-memset.o)
 .ARM.attributes
                0x000000000000075e       0x34 c:/st/stm32cubeide_1.7.0/stm32cubeide/plugins/com.st.stm32cube.ide.mcu.externaltools.gnu-tools-for-stm32.9-2020-q2-update.win32_2.0.0.202105311346/tools/bin/../lib/gcc/arm-none-eabi/9.3.1/../../../../arm-none-eabi/lib/thumb/v7e-m+fp/hard\libm.a(lib_a-w_sqrt.o)
 .ARM.attributes
                0x0000000000000792       0x34 c:/st/stm32cubeide_1.7.0/stm32cubeide/plugins/com.st.stm32cube.ide.mcu.externaltools.gnu-tools-for-stm32.9-2020-q2-update.win32_2.0.0.202105311346/tools/bin/../lib/gcc/arm-none-eabi/9.3.1/../../../../arm-none-eabi/lib/thumb/v7e-m+fp/hard\libm.a(lib_a-e_sqrt.o)
 .ARM.attributes
                0x00000000000007c6       0x32 c:/st/stm32cubeide_1.7.0/stm32cubeide/plugins/com.st.stm32cube.ide.mcu.externaltools.gnu-tools-for-stm32.9-2020-q2-update.win32_2.0.0.202105311346/tools/bin/../lib/gcc/arm-none-eabi/9.3.1/../../../../arm-none-eabi/lib/thumb/v7e-m+fp/hard\libm.a(lib_a-s_lib_ver.o)
 .ARM.attributes
                0x00000000000007f8       0x1e c:/st/stm32cubeide_1.7.0/stm32cubeide/plugins/com.st.stm32cube.ide.mcu.externaltools.gnu-tools-for-stm32.9-2020-q2-update.win32_2.0.0.202105311346/tools/bin/../lib/gcc/arm-none-eabi/9.3.1/thumb/v7e-m+fp/hard\libgcc.a(_arm_addsubdf3.o)
 .ARM.attributes
                0x0000000000000816       0x1e c:/st/stm32cubeide_1.7.0/stm32cubeide/plugins/com.st.stm32cube.ide.mcu.externaltools.gnu-tools-for-stm32.9-2020-q2-update.win32_2.0.0.202105311346/tools/bin/../lib/gcc/arm-none-eabi/9.3.1/thumb/v7e-m+fp/hard\libgcc.a(_arm_muldivdf3.o)
 .ARM.attributes
                0x0000000000000834       0x1e c:/st/stm32cubeide_1.7.0/stm32cubeide/plugins/com.st.stm32cube.ide.mcu.externaltools.gnu-tools-for-stm32.9-2020-q2-update.win32_2.0.0.202105311346/tools/bin/../lib/gcc/arm-none-eabi/9.3.1/thumb/v7e-m+fp/hard\libgcc.a(_arm_cmpdf2.o)
 .ARM.attributes
                0x0000000000000852       0x1e c:/st/stm32cubeide_1.7.0/stm32cubeide/plugins/com.st.stm32cube.ide.mcu.externaltools.gnu-tools-for-stm32.9-2020-q2-update.win32_2.0.0.202105311346/tools/bin/../lib/gcc/arm-none-eabi/9.3.1/thumb/v7e-m+fp/hard\libgcc.a(_arm_unorddf2.o)
 .ARM.attributes
                0x0000000000000870       0x1e c:/st/stm32cubeide_1.7.0/stm32cubeide/plugins/com.st.stm32cube.ide.mcu.externaltools.gnu-tools-for-stm32.9-2020-q2-update.win32_2.0.0.202105311346/tools/bin/../lib/gcc/arm-none-eabi/9.3.1/thumb/v7e-m+fp/hard\libgcc.a(_arm_fixunsdfsi.o)
 .ARM.attributes
                0x000000000000088e       0x1e c:/st/stm32cubeide_1.7.0/stm32cubeide/plugins/com.st.stm32cube.ide.mcu.externaltools.gnu-tools-for-stm32.9-2020-q2-update.win32_2.0.0.202105311346/tools/bin/../lib/gcc/arm-none-eabi/9.3.1/thumb/v7e-m+fp/hard\libgcc.a(_aeabi_uldivmod.o)
 .ARM.attributes
                0x00000000000008ac       0x34 c:/st/stm32cubeide_1.7.0/stm32cubeide/plugins/com.st.stm32cube.ide.mcu.externaltools.gnu-tools-for-stm32.9-2020-q2-update.win32_2.0.0.202105311346/tools/bin/../lib/gcc/arm-none-eabi/9.3.1/thumb/v7e-m+fp/hard\libgcc.a(_udivmoddi4.o)
 .ARM.attributes
                0x00000000000008e0       0x1e c:/st/stm32cubeide_1.7.0/stm32cubeide/plugins/com.st.stm32cube.ide.mcu.externaltools.gnu-tools-for-stm32.9-2020-q2-update.win32_2.0.0.202105311346/tools/bin/../lib/gcc/arm-none-eabi/9.3.1/thumb/v7e-m+fp/hard\libgcc.a(_dvmd_tls.o)
 .ARM.attributes
                0x00000000000008fe       0x1e c:/st/stm32cubeide_1.7.0/stm32cubeide/plugins/com.st.stm32cube.ide.mcu.externaltools.gnu-tools-for-stm32.9-2020-q2-update.win32_2.0.0.202105311346/tools/bin/../lib/gcc/arm-none-eabi/9.3.1/thumb/v7e-m+fp/hard/crtn.o
OUTPUT(SOURCE.elf elf32-littlearm)
LOAD linker stubs
LOAD c:/st/stm32cubeide_1.7.0/stm32cubeide/plugins/com.st.stm32cube.ide.mcu.externaltools.gnu-tools-for-stm32.9-2020-q2-update.win32_2.0.0.202105311346/tools/bin/../lib/gcc/arm-none-eabi/9.3.1/../../../../arm-none-eabi/lib/thumb/v7e-m+fp/hard\libc.a
LOAD c:/st/stm32cubeide_1.7.0/stm32cubeide/plugins/com.st.stm32cube.ide.mcu.externaltools.gnu-tools-for-stm32.9-2020-q2-update.win32_2.0.0.202105311346/tools/bin/../lib/gcc/arm-none-eabi/9.3.1/../../../../arm-none-eabi/lib/thumb/v7e-m+fp/hard\libm.a
LOAD c:/st/stm32cubeide_1.7.0/stm32cubeide/plugins/com.st.stm32cube.ide.mcu.externaltools.gnu-tools-for-stm32.9-2020-q2-update.win32_2.0.0.202105311346/tools/bin/../lib/gcc/arm-none-eabi/9.3.1/thumb/v7e-m+fp/hard\libgcc.a

.debug_info     0x0000000000000000    0x1fe64
 .debug_info    0x0000000000000000      0x804 ./Core/Src/at24c.o
 .debug_info    0x0000000000000804      0x7f4 ./Core/Src/button.o
 .debug_info    0x0000000000000ff8      0x7af ./Core/Src/buzzer.o
 .debug_info    0x00000000000017a7      0x839 ./Core/Src/ds3231.o
 .debug_info    0x0000000000001fe0     0x1759 ./Core/Src/lcd.o
 .debug_info    0x0000000000003739      0x89c ./Core/Src/led_7seg.o
 .debug_info    0x0000000000003fd5     0x132a ./Core/Src/light_control.o
 .debug_info    0x00000000000052ff     0x2b7b ./Core/Src/main.o
 .debug_info    0x0000000000007e7a      0x744 ./Core/Src/sensor.o
 .debug_info    0x00000000000085be      0xaf0 ./Core/Src/software_timer.o
 .debug_info    0x00000000000090ae     0x1cee ./Core/Src/stm32f4xx_hal_msp.o
 .debug_info    0x000000000000ad9c      0xa8d ./Core/Src/stm32f4xx_it.o
 .debug_info    0x000000000000b829      0x5a4 ./Core/Src/system_stm32f4xx.o
 .debug_info    0x000000000000bdcd     0x19da ./Core/Src/touch.o
 .debug_info    0x000000000000d7a7     0x148d ./Core/Src/uart.o
 .debug_info    0x000000000000ec34      0x679 ./Core/Src/usart.o
 .debug_info    0x000000000000f2ad       0xd8 ./Core/Src/utils.o
 .debug_info    0x000000000000f385       0x22 ./Core/Startup/startup_stm32f407zgtx.o
 .debug_info    0x000000000000f3a7      0x9b2 ./Drivers/STM32F4xx_HAL_Driver/Src/stm32f4xx_hal.o
 .debug_info    0x000000000000fd59      0xdbc ./Drivers/STM32F4xx_HAL_Driver/Src/stm32f4xx_hal_adc.o
 .debug_info    0x0000000000010b15      0xed7 ./Drivers/STM32F4xx_HAL_Driver/Src/stm32f4xx_hal_cortex.o
 .debug_info    0x00000000000119ec      0x9f1 ./Drivers/STM32F4xx_HAL_Driver/Src/stm32f4xx_hal_dma.o
 .debug_info    0x00000000000123dd      0x83e ./Drivers/STM32F4xx_HAL_Driver/Src/stm32f4xx_hal_gpio.o
 .debug_info    0x0000000000012c1b     0x264d ./Drivers/STM32F4xx_HAL_Driver/Src/stm32f4xx_hal_i2c.o
 .debug_info    0x0000000000015268      0x996 ./Drivers/STM32F4xx_HAL_Driver/Src/stm32f4xx_hal_rcc.o
 .debug_info    0x0000000000015bfe     0x17c0 ./Drivers/STM32F4xx_HAL_Driver/Src/stm32f4xx_hal_spi.o
 .debug_info    0x00000000000173be      0xbab ./Drivers/STM32F4xx_HAL_Driver/Src/stm32f4xx_hal_sram.o
 .debug_info    0x0000000000017f69     0x2c22 ./Drivers/STM32F4xx_HAL_Driver/Src/stm32f4xx_hal_tim.o
 .debug_info    0x000000000001ab8b     0x15a2 ./Drivers/STM32F4xx_HAL_Driver/Src/stm32f4xx_hal_tim_ex.o
 .debug_info    0x000000000001c12d     0x31de ./Drivers/STM32F4xx_HAL_Driver/Src/stm32f4xx_hal_uart.o
 .debug_info    0x000000000001f30b      0xb59 ./Drivers/STM32F4xx_HAL_Driver/Src/stm32f4xx_ll_fsmc.o

.debug_abbrev   0x0000000000000000     0x3f9c
 .debug_abbrev  0x0000000000000000      0x1c1 ./Core/Src/at24c.o
 .debug_abbrev  0x00000000000001c1      0x1bf ./Core/Src/button.o
 .debug_abbrev  0x0000000000000380      0x19a ./Core/Src/buzzer.o
 .debug_abbrev  0x000000000000051a      0x1a7 ./Core/Src/ds3231.o
 .debug_abbrev  0x00000000000006c1      0x390 ./Core/Src/lcd.o
 .debug_abbrev  0x0000000000000a51      0x1a9 ./Core/Src/led_7seg.o
 .debug_abbrev  0x0000000000000bfa      0x20c ./Core/Src/light_control.o
 .debug_abbrev  0x0000000000000e06      0x34a ./Core/Src/main.o
 .debug_abbrev  0x0000000000001150      0x19f ./Core/Src/sensor.o
 .debug_abbrev  0x00000000000012ef      0x1e7 ./Core/Src/software_timer.o
 .debug_abbrev  0x00000000000014d6      0x238 ./Core/Src/stm32f4xx_hal_msp.o
 .debug_abbrev  0x000000000000170e      0x176 ./Core/Src/stm32f4xx_it.o
 .debug_abbrev  0x0000000000001884      0x145 ./Core/Src/system_stm32f4xx.o
 .debug_abbrev  0x00000000000019c9      0x335 ./Core/Src/touch.o
 .debug_abbrev  0x0000000000001cfe      0x273 ./Core/Src/uart.o
 .debug_abbrev  0x0000000000001f71      0x13a ./Core/Src/usart.o
 .debug_abbrev  0x00000000000020ab       0x87 ./Core/Src/utils.o
 .debug_abbrev  0x0000000000002132       0x12 ./Core/Startup/startup_stm32f407zgtx.o
 .debug_abbrev  0x0000000000002144      0x1ed ./Drivers/STM32F4xx_HAL_Driver/Src/stm32f4xx_hal.o
 .debug_abbrev  0x0000000000002331      0x22f ./Drivers/STM32F4xx_HAL_Driver/Src/stm32f4xx_hal_adc.o
 .debug_abbrev  0x0000000000002560      0x33c ./Drivers/STM32F4xx_HAL_Driver/Src/stm32f4xx_hal_cortex.o
 .debug_abbrev  0x000000000000289c      0x259 ./Drivers/STM32F4xx_HAL_Driver/Src/stm32f4xx_hal_dma.o
 .debug_abbrev  0x0000000000002af5      0x1f1 ./Drivers/STM32F4xx_HAL_Driver/Src/stm32f4xx_hal_gpio.o
 .debug_abbrev  0x0000000000002ce6      0x282 ./Drivers/STM32F4xx_HAL_Driver/Src/stm32f4xx_hal_i2c.o
 .debug_abbrev  0x0000000000002f68      0x275 ./Drivers/STM32F4xx_HAL_Driver/Src/stm32f4xx_hal_rcc.o
 .debug_abbrev  0x00000000000031dd      0x26e ./Drivers/STM32F4xx_HAL_Driver/Src/stm32f4xx_hal_spi.o
 .debug_abbrev  0x000000000000344b      0x1f4 ./Drivers/STM32F4xx_HAL_Driver/Src/stm32f4xx_hal_sram.o
 .debug_abbrev  0x000000000000363f      0x25e ./Drivers/STM32F4xx_HAL_Driver/Src/stm32f4xx_hal_tim.o
 .debug_abbrev  0x000000000000389d      0x266 ./Drivers/STM32F4xx_HAL_Driver/Src/stm32f4xx_hal_tim_ex.o
 .debug_abbrev  0x0000000000003b03      0x2eb ./Drivers/STM32F4xx_HAL_Driver/Src/stm32f4xx_hal_uart.o
 .debug_abbrev  0x0000000000003dee      0x1ae ./Drivers/STM32F4xx_HAL_Driver/Src/stm32f4xx_ll_fsmc.o

.debug_aranges  0x0000000000000000     0x1778
 .debug_aranges
                0x0000000000000000       0x48 ./Core/Src/at24c.o
 .debug_aranges
                0x0000000000000048       0x28 ./Core/Src/button.o
 .debug_aranges
                0x0000000000000070       0x28 ./Core/Src/buzzer.o
 .debug_aranges
                0x0000000000000098       0x30 ./Core/Src/ds3231.o
 .debug_aranges
                0x00000000000000c8       0xd8 ./Core/Src/lcd.o
 .debug_aranges
                0x00000000000001a0       0x48 ./Core/Src/led_7seg.o
 .debug_aranges
                0x00000000000001e8       0x28 ./Core/Src/light_control.o
 .debug_aranges
                0x0000000000000210       0xe8 ./Core/Src/main.o
 .debug_aranges
                0x00000000000002f8       0x50 ./Core/Src/sensor.o
 .debug_aranges
                0x0000000000000348       0x40 ./Core/Src/software_timer.o
 .debug_aranges
                0x0000000000000388       0x98 ./Core/Src/stm32f4xx_hal_msp.o
 .debug_aranges
                0x0000000000000420       0x78 ./Core/Src/stm32f4xx_it.o
 .debug_aranges
                0x0000000000000498       0x28 ./Core/Src/system_stm32f4xx.o
 .debug_aranges
                0x00000000000004c0       0xa0 ./Core/Src/touch.o
 .debug_aranges
                0x0000000000000560       0x60 ./Core/Src/uart.o
 .debug_aranges
                0x00000000000005c0       0x18 ./Core/Src/usart.o
 .debug_aranges
                0x00000000000005d8       0x28 ./Core/Src/utils.o
 .debug_aranges
                0x0000000000000600       0x28 ./Core/Startup/startup_stm32f407zgtx.o
 .debug_aranges
                0x0000000000000628       0xf0 ./Drivers/STM32F4xx_HAL_Driver/Src/stm32f4xx_hal.o
 .debug_aranges
                0x0000000000000718       0xe8 ./Drivers/STM32F4xx_HAL_Driver/Src/stm32f4xx_hal_adc.o
 .debug_aranges
                0x0000000000000800      0x118 ./Drivers/STM32F4xx_HAL_Driver/Src/stm32f4xx_hal_cortex.o
 .debug_aranges
                0x0000000000000918       0x90 ./Drivers/STM32F4xx_HAL_Driver/Src/stm32f4xx_hal_dma.o
 .debug_aranges
                0x00000000000009a8       0x58 ./Drivers/STM32F4xx_HAL_Driver/Src/stm32f4xx_hal_gpio.o
 .debug_aranges
                0x0000000000000a00      0x2a0 ./Drivers/STM32F4xx_HAL_Driver/Src/stm32f4xx_hal_i2c.o
 .debug_aranges
                0x0000000000000ca0       0x88 ./Drivers/STM32F4xx_HAL_Driver/Src/stm32f4xx_hal_rcc.o
 .debug_aranges
                0x0000000000000d28      0x1d0 ./Drivers/STM32F4xx_HAL_Driver/Src/stm32f4xx_hal_spi.o
 .debug_aranges
                0x0000000000000ef8       0xa0 ./Drivers/STM32F4xx_HAL_Driver/Src/stm32f4xx_hal_sram.o
 .debug_aranges
                0x0000000000000f98      0x3d0 ./Drivers/STM32F4xx_HAL_Driver/Src/stm32f4xx_hal_tim.o
 .debug_aranges
                0x0000000000001368      0x168 ./Drivers/STM32F4xx_HAL_Driver/Src/stm32f4xx_hal_tim_ex.o
 .debug_aranges
                0x00000000000014d0      0x200 ./Drivers/STM32F4xx_HAL_Driver/Src/stm32f4xx_hal_uart.o
 .debug_aranges
                0x00000000000016d0       0xa8 ./Drivers/STM32F4xx_HAL_Driver/Src/stm32f4xx_ll_fsmc.o

.debug_ranges   0x0000000000000000     0x15f8
 .debug_ranges  0x0000000000000000       0x38 ./Core/Src/at24c.o
 .debug_ranges  0x0000000000000038       0x18 ./Core/Src/button.o
 .debug_ranges  0x0000000000000050       0x18 ./Core/Src/buzzer.o
 .debug_ranges  0x0000000000000068       0x20 ./Core/Src/ds3231.o
 .debug_ranges  0x0000000000000088       0xc8 ./Core/Src/lcd.o
 .debug_ranges  0x0000000000000150       0x38 ./Core/Src/led_7seg.o
 .debug_ranges  0x0000000000000188       0x30 ./Core/Src/light_control.o
 .debug_ranges  0x00000000000001b8       0xd8 ./Core/Src/main.o
 .debug_ranges  0x0000000000000290       0x40 ./Core/Src/sensor.o
 .debug_ranges  0x00000000000002d0       0x30 ./Core/Src/software_timer.o
 .debug_ranges  0x0000000000000300       0x88 ./Core/Src/stm32f4xx_hal_msp.o
 .debug_ranges  0x0000000000000388       0x68 ./Core/Src/stm32f4xx_it.o
 .debug_ranges  0x00000000000003f0       0x18 ./Core/Src/system_stm32f4xx.o
 .debug_ranges  0x0000000000000408       0x90 ./Core/Src/touch.o
 .debug_ranges  0x0000000000000498       0x50 ./Core/Src/uart.o
 .debug_ranges  0x00000000000004e8       0x18 ./Core/Src/utils.o
 .debug_ranges  0x0000000000000500       0x20 ./Core/Startup/startup_stm32f407zgtx.o
 .debug_ranges  0x0000000000000520       0xe0 ./Drivers/STM32F4xx_HAL_Driver/Src/stm32f4xx_hal.o
 .debug_ranges  0x0000000000000600       0xd8 ./Drivers/STM32F4xx_HAL_Driver/Src/stm32f4xx_hal_adc.o
 .debug_ranges  0x00000000000006d8      0x108 ./Drivers/STM32F4xx_HAL_Driver/Src/stm32f4xx_hal_cortex.o
 .debug_ranges  0x00000000000007e0       0x80 ./Drivers/STM32F4xx_HAL_Driver/Src/stm32f4xx_hal_dma.o
 .debug_ranges  0x0000000000000860       0x48 ./Drivers/STM32F4xx_HAL_Driver/Src/stm32f4xx_hal_gpio.o
 .debug_ranges  0x00000000000008a8      0x2b8 ./Drivers/STM32F4xx_HAL_Driver/Src/stm32f4xx_hal_i2c.o
 .debug_ranges  0x0000000000000b60       0x78 ./Drivers/STM32F4xx_HAL_Driver/Src/stm32f4xx_hal_rcc.o
 .debug_ranges  0x0000000000000bd8      0x1c0 ./Drivers/STM32F4xx_HAL_Driver/Src/stm32f4xx_hal_spi.o
 .debug_ranges  0x0000000000000d98       0x90 ./Drivers/STM32F4xx_HAL_Driver/Src/stm32f4xx_hal_sram.o
 .debug_ranges  0x0000000000000e28      0x3c0 ./Drivers/STM32F4xx_HAL_Driver/Src/stm32f4xx_hal_tim.o
 .debug_ranges  0x00000000000011e8      0x158 ./Drivers/STM32F4xx_HAL_Driver/Src/stm32f4xx_hal_tim_ex.o
 .debug_ranges  0x0000000000001340      0x220 ./Drivers/STM32F4xx_HAL_Driver/Src/stm32f4xx_hal_uart.o
 .debug_ranges  0x0000000000001560       0x98 ./Drivers/STM32F4xx_HAL_Driver/Src/stm32f4xx_ll_fsmc.o

.debug_macro    0x0000000000000000    0x2658a
 .debug_macro   0x0000000000000000      0x25d ./Core/Src/at24c.o
 .debug_macro   0x000000000000025d      0xaa8 ./Core/Src/at24c.o
 .debug_macro   0x0000000000000d05      0x2b3 ./Core/Src/at24c.o
 .debug_macro   0x0000000000000fb8       0x2e ./Core/Src/at24c.o
 .debug_macro   0x0000000000000fe6       0x2f ./Core/Src/at24c.o
 .debug_macro   0x0000000000001015       0x22 ./Core/Src/at24c.o
 .debug_macro   0x0000000000001037       0x8e ./Core/Src/at24c.o
 .debug_macro   0x00000000000010c5       0x51 ./Core/Src/at24c.o
 .debug_macro   0x0000000000001116      0x103 ./Core/Src/at24c.o
 .debug_macro   0x0000000000001219       0x6a ./Core/Src/at24c.o
 .debug_macro   0x0000000000001283      0x1df ./Core/Src/at24c.o
 .debug_macro   0x0000000000001462       0x1c ./Core/Src/at24c.o
 .debug_macro   0x000000000000147e       0x22 ./Core/Src/at24c.o
 .debug_macro   0x00000000000014a0       0xdf ./Core/Src/at24c.o
 .debug_macro   0x000000000000157f     0x102d ./Core/Src/at24c.o
 .debug_macro   0x00000000000025ac      0x11f ./Core/Src/at24c.o
 .debug_macro   0x00000000000026cb    0x15e58 ./Core/Src/at24c.o
 .debug_macro   0x0000000000018523       0x6d ./Core/Src/at24c.o
 .debug_macro   0x0000000000018590     0x3666 ./Core/Src/at24c.o
 .debug_macro   0x000000000001bbf6      0x174 ./Core/Src/at24c.o
 .debug_macro   0x000000000001bd6a       0x5c ./Core/Src/at24c.o
 .debug_macro   0x000000000001bdc6      0x96b ./Core/Src/at24c.o
 .debug_macro   0x000000000001c731      0x9fe ./Core/Src/at24c.o
 .debug_macro   0x000000000001d12f      0x116 ./Core/Src/at24c.o
 .debug_macro   0x000000000001d245      0x13e ./Core/Src/at24c.o
 .debug_macro   0x000000000001d383       0xa5 ./Core/Src/at24c.o
 .debug_macro   0x000000000001d428      0x174 ./Core/Src/at24c.o
 .debug_macro   0x000000000001d59c      0x287 ./Core/Src/at24c.o
 .debug_macro   0x000000000001d823       0x5f ./Core/Src/at24c.o
 .debug_macro   0x000000000001d882      0x236 ./Core/Src/at24c.o
 .debug_macro   0x000000000001dab8      0xb5b ./Core/Src/at24c.o
 .debug_macro   0x000000000001e613      0x38b ./Core/Src/at24c.o
 .debug_macro   0x000000000001e99e      0x176 ./Core/Src/at24c.o
 .debug_macro   0x000000000001eb14       0xf9 ./Core/Src/at24c.o
 .debug_macro   0x000000000001ec0d      0x12c ./Core/Src/at24c.o
 .debug_macro   0x000000000001ed39      0x21e ./Core/Src/at24c.o
 .debug_macro   0x000000000001ef57       0x2e ./Core/Src/at24c.o
 .debug_macro   0x000000000001ef85      0x543 ./Core/Src/at24c.o
 .debug_macro   0x000000000001f4c8      0x1b5 ./Core/Src/at24c.o
 .debug_macro   0x000000000001f67d       0xd6 ./Core/Src/at24c.o
 .debug_macro   0x000000000001f753      0x11a ./Core/Src/at24c.o
 .debug_macro   0x000000000001f86d       0x7e ./Core/Src/at24c.o
 .debug_macro   0x000000000001f8eb       0x89 ./Core/Src/at24c.o
 .debug_macro   0x000000000001f974      0x225 ./Core/Src/at24c.o
 .debug_macro   0x000000000001fb99      0x8d1 ./Core/Src/at24c.o
 .debug_macro   0x000000000002046a       0x47 ./Core/Src/at24c.o
 .debug_macro   0x00000000000204b1      0x295 ./Core/Src/at24c.o
 .debug_macro   0x0000000000020746      0x12d ./Core/Src/at24c.o
 .debug_macro   0x0000000000020873       0xc4 ./Core/Src/at24c.o
 .debug_macro   0x0000000000020937       0x46 ./Core/Src/at24c.o
 .debug_macro   0x000000000002097d      0x258 ./Core/Src/button.o
 .debug_macro   0x0000000000020bd5      0x258 ./Core/Src/buzzer.o
 .debug_macro   0x0000000000020e2d      0x26d ./Core/Src/ds3231.o
 .debug_macro   0x000000000002109a       0x2e ./Core/Src/ds3231.o
 .debug_macro   0x00000000000210c8      0x363 ./Core/Src/lcd.o
 .debug_macro   0x000000000002142b       0x18 ./Core/Src/lcd.o
 .debug_macro   0x0000000000021443       0x52 ./Core/Src/lcd.o
 .debug_macro   0x0000000000021495       0x3c ./Core/Src/lcd.o
 .debug_macro   0x00000000000214d1       0x34 ./Core/Src/lcd.o
 .debug_macro   0x0000000000021505       0x16 ./Core/Src/lcd.o
 .debug_macro   0x000000000002151b       0x35 ./Core/Src/lcd.o
 .debug_macro   0x0000000000021550       0x16 ./Core/Src/lcd.o
 .debug_macro   0x0000000000021566       0x43 ./Core/Src/lcd.o
 .debug_macro   0x00000000000215a9       0x34 ./Core/Src/lcd.o
 .debug_macro   0x00000000000215dd       0x10 ./Core/Src/lcd.o
 .debug_macro   0x00000000000215ed       0x58 ./Core/Src/lcd.o
 .debug_macro   0x0000000000021645       0x71 ./Core/Src/lcd.o
 .debug_macro   0x00000000000216b6       0x1c ./Core/Src/lcd.o
 .debug_macro   0x00000000000216d2      0x12a ./Core/Src/lcd.o
 .debug_macro   0x00000000000217fc      0x333 ./Core/Src/lcd.o
 .debug_macro   0x0000000000021b2f       0x16 ./Core/Src/lcd.o
 .debug_macro   0x0000000000021b45       0x29 ./Core/Src/lcd.o
 .debug_macro   0x0000000000021b6e       0x16 ./Core/Src/lcd.o
 .debug_macro   0x0000000000021b84       0x20 ./Core/Src/lcd.o
 .debug_macro   0x0000000000021ba4       0xca ./Core/Src/lcd.o
 .debug_macro   0x0000000000021c6e      0x258 ./Core/Src/led_7seg.o
 .debug_macro   0x0000000000021ec6      0x460 ./Core/Src/light_control.o
 .debug_macro   0x0000000000022326       0x16 ./Core/Src/light_control.o
 .debug_macro   0x000000000002233c       0x10 ./Core/Src/light_control.o
 .debug_macro   0x000000000002234c       0x10 ./Core/Src/light_control.o
 .debug_macro   0x000000000002235c       0x1c ./Core/Src/light_control.o
 .debug_macro   0x0000000000022378       0x52 ./Core/Src/light_control.o
 .debug_macro   0x00000000000223ca       0x22 ./Core/Src/light_control.o
 .debug_macro   0x00000000000223ec       0x10 ./Core/Src/light_control.o
 .debug_macro   0x00000000000223fc       0x40 ./Core/Src/light_control.o
 .debug_macro   0x000000000002243c       0xd5 ./Core/Src/light_control.o
 .debug_macro   0x0000000000022511       0x1c ./Core/Src/light_control.o
 .debug_macro   0x000000000002252d       0x3d ./Core/Src/light_control.o
 .debug_macro   0x000000000002256a       0x16 ./Core/Src/light_control.o
 .debug_macro   0x0000000000022580      0x145 ./Core/Src/light_control.o
 .debug_macro   0x00000000000226c5      0x513 ./Core/Src/main.o
 .debug_macro   0x0000000000022bd8       0x1c ./Core/Src/main.o
 .debug_macro   0x0000000000022bf4       0x4c ./Core/Src/main.o
 .debug_macro   0x0000000000022c40       0x16 ./Core/Src/main.o
 .debug_macro   0x0000000000022c56      0x258 ./Core/Src/sensor.o
 .debug_macro   0x0000000000022eae      0x272 ./Core/Src/software_timer.o
 .debug_macro   0x0000000000023120      0x244 ./Core/Src/stm32f4xx_hal_msp.o
 .debug_macro   0x0000000000023364      0x24e ./Core/Src/stm32f4xx_it.o
 .debug_macro   0x00000000000235b2      0x235 ./Core/Src/system_stm32f4xx.o
 .debug_macro   0x00000000000237e7      0x482 ./Core/Src/touch.o
 .debug_macro   0x0000000000023c69       0x97 ./Core/Src/touch.o
 .debug_macro   0x0000000000023d00       0xfd ./Core/Src/touch.o
 .debug_macro   0x0000000000023dfd       0xd9 ./Core/Src/touch.o
 .debug_macro   0x0000000000023ed6       0x56 ./Core/Src/touch.o
 .debug_macro   0x0000000000023f2c      0x1a9 ./Core/Src/touch.o
 .debug_macro   0x00000000000240d5      0x460 ./Core/Src/uart.o
 .debug_macro   0x0000000000024535      0x24e ./Core/Src/usart.o
 .debug_macro   0x0000000000024783       0x6d ./Core/Src/utils.o
 .debug_macro   0x00000000000247f0      0x295 ./Drivers/STM32F4xx_HAL_Driver/Src/stm32f4xx_hal.o
 .debug_macro   0x0000000000024a85      0x236 ./Drivers/STM32F4xx_HAL_Driver/Src/stm32f4xx_hal_adc.o
 .debug_macro   0x0000000000024cbb      0x235 ./Drivers/STM32F4xx_HAL_Driver/Src/stm32f4xx_hal_cortex.o
 .debug_macro   0x0000000000024ef0      0x23b ./Drivers/STM32F4xx_HAL_Driver/Src/stm32f4xx_hal_dma.o
 .debug_macro   0x000000000002512b      0x23b ./Drivers/STM32F4xx_HAL_Driver/Src/stm32f4xx_hal_gpio.o
 .debug_macro   0x0000000000025366      0x27c ./Drivers/STM32F4xx_HAL_Driver/Src/stm32f4xx_hal_i2c.o
 .debug_macro   0x00000000000255e2      0x259 ./Drivers/STM32F4xx_HAL_Driver/Src/stm32f4xx_hal_rcc.o
 .debug_macro   0x000000000002583b      0x244 ./Drivers/STM32F4xx_HAL_Driver/Src/stm32f4xx_hal_spi.o
 .debug_macro   0x0000000000025a7f      0x235 ./Drivers/STM32F4xx_HAL_Driver/Src/stm32f4xx_hal_sram.o
 .debug_macro   0x0000000000025cb4      0x236 ./Drivers/STM32F4xx_HAL_Driver/Src/stm32f4xx_hal_tim.o
 .debug_macro   0x0000000000025eea      0x235 ./Drivers/STM32F4xx_HAL_Driver/Src/stm32f4xx_hal_tim_ex.o
 .debug_macro   0x000000000002611f      0x236 ./Drivers/STM32F4xx_HAL_Driver/Src/stm32f4xx_hal_uart.o
 .debug_macro   0x0000000000026355      0x235 ./Drivers/STM32F4xx_HAL_Driver/Src/stm32f4xx_ll_fsmc.o

.debug_line     0x0000000000000000    0x1e720
 .debug_line    0x0000000000000000      0x843 ./Core/Src/at24c.o
 .debug_line    0x0000000000000843      0x806 ./Core/Src/button.o
 .debug_line    0x0000000000001049      0x7a7 ./Core/Src/buzzer.o
 .debug_line    0x00000000000017f0      0x828 ./Core/Src/ds3231.o