main.c:119:5:main	8	static
main.c:190:6:SystemClock_Config	88	static
main.c:235:13:MX_ADC1_Init	24	static
main.c:317:13:MX_I2C1_Init	8	static
main.c:351:13:MX_SPI1_Init	8	static
main.c:389:13:MX_TIM1_Init	32	static
main.c:435:13:MX_TIM2_Init	32	static
main.c:480:13:MX_TIM13_Init	40	static
main.c:526:13:MX_USART1_UART_Init	8	static
main.c:557:13:MX_DMA_Init	16	static
main.c:575:13:MX_GPIO_Init	64	static
main.c:660:13:MX_FSMC_Init	64	static
main.c:721:6:system_init	8	static
main.c:743:6:test_ledDebug	8	static
main.c:750:6:test_ledY0	8	static
main.c:759:6:test_ledY1	8	static
main.c:768:6:test_7seg	8	static
main.c:776:6:test_uart	8	static
main.c:786:9:isButtonUp	4	static
main.c:794:9:isButtonDown	4	static
main.c:801:9:isButtonRight	4	static
main.c:810:6:test_adc	24	static
main.c:827:6:test_buzzer	8	static
main.c:843:9:isButtonClear	8	static
main.c:848:6:touchProcess	24	static
main.c:880:6:Error_Handler	4	static,ignoring_inline_asm
