main.c:119:5:main	8	static
main.c:188:6:SystemClock_Config	88	static
main.c:233:13:MX_ADC1_Init	24	static
main.c:315:13:MX_I2C1_Init	8	static
main.c:349:13:MX_SPI1_Init	8	static
main.c:387:13:MX_TIM1_Init	32	static
main.c:433:13:MX_TIM2_Init	32	static
main.c:478:13:MX_TIM13_Init	40	static
main.c:524:13:MX_USART1_UART_Init	8	static
main.c:555:13:MX_DMA_Init	16	static
main.c:573:13:MX_GPIO_Init	64	static
main.c:658:13:MX_FSMC_Init	64	static
main.c:719:6:system_init	8	static
main.c:741:6:test_ledDebug	8	static
main.c:748:6:test_ledY0	8	static
main.c:757:6:test_ledY1	8	static
main.c:766:6:test_7seg	8	static
main.c:774:6:test_uart	8	static
main.c:784:9:isButtonUp	4	static
main.c:792:9:isButtonDown	4	static
main.c:799:9:isButtonRight	4	static
main.c:808:6:test_adc	24	static
main.c:825:6:test_buzzer	8	static
main.c:841:9:isButtonClear	8	static
main.c:846:6:touchProcess	24	static
main.c:878:6:Error_Handler	4	static,ignoring_inline_asm
