touch.c:48:13:TP_Write_Byte	24	static
touch.c:62:17:TP_Read_AD	24	static
touch.c:91:17:TP_Read_XOY	48	static
touch.c:116:16:TP_Read_XY	24	static
touch.c:127:16:TP_Read_XY2	32	static
touch.c:145:13:TP_Drow_Touch_Point	32	static
touch.c:156:13:TP_Draw_Big_Point	16	static
touch.c:165:6:LCD_DrawRoughLine	64	static
touch.c:200:16:TP_Scan	16	static
touch.c:235:13:TP_Save_Adjdata	8	static
touch.c:241:16:TP_Get_Adjdata	16	static
touch.c:255:6:touch_Adjust	64	static
touch.c:383:6:touch_init	8	static
touch.c:390:6:touch_Scan	8	static
touch.c:394:9:touch_IsTouched	8	static
touch.c:398:10:touch_GetX	4	static
touch.c:402:10:touch_GetY	4	static
